<html>
<body>
<pre>
<h1>礦ision Build Log</h1>
<h2>Tool Versions:</h2>
IDE-Version: μVision V5.39.0.0
Copyright (C) 2023 ARM Ltd and ARM Germany GmbH. All rights reserved.
License Information: 212 841039431@qq.com, 122, LIC=9WSKC-72QMV-BS1YX-HYKKL-50IQM-AHN9V
 
Tool Versions:
Toolchain:       MDK-ARM Plus  Version: 5.39.0.0
Toolchain Path:  F:\KEIL5\ARM\ARM_Compiler_5.06u7\Bin
C Compiler:      Armcc.exe V5.06 update 7 (build 960)
Assembler:       Armasm.exe V5.06 update 7 (build 960)
Linker/Locator:  ArmLink.exe V5.06 update 7 (build 960)
Library Manager: ArmAr.exe V5.06 update 7 (build 960)
Hex Converter:   FromElf.exe V5.06 update 7 (build 960)
CPU DLL:         SARMCM3.DLL V5.39.0.0
Dialog DLL:      DCM.DLL V1.17.5.0
Target DLL:      CMSIS_AGDI.dll V1.33.16.0
Dialog DLL:      TCM.DLL V1.56.4.0
 
<h2>Project:</h2>
F:\RM\Myself\buaa_leg_wheel_main\Software\Infantry_Board1\Infantry_Board1\Infantry_Board1\MDK-ARM\Infantry_Board1.uvprojx
Project File Date:  02/16/2025

<h2>Output:</h2>
*** Using Compiler 'V5.06 update 7 (build 960)', folder: 'F:\KEIL5\ARM\ARM_Compiler_5.06u7\Bin'
Rebuild target 'Infantry_Board1'
assembling startup_stm32h743xx.s...
compiling fdcan.c...
compiling rtc.c...
compiling iwdg.c...
compiling stm32h7xx_hal_pcd_ex.c...
compiling tim.c...
compiling stm32h7xx_hal_msp.c...
compiling usart.c...
compiling gpio.c...
compiling memorymap.c...
compiling dma.c...
compiling stm32h7xx_it.c...
compiling stm32h7xx_hal_pcd.c...
compiling main.c...
compiling freertos.c...
compiling stm32h7xx_ll_usb.c...
compiling stm32h7xx_hal_rcc.c...
compiling stm32h7xx_hal_mdma.c...
compiling stm32h7xx_hal_cortex.c...
compiling stm32h7xx_hal_gpio.c...
compiling stm32h7xx_hal_hsem.c...
compiling stm32h7xx_hal_pwr.c...
compiling stm32h7xx_hal.c...
compiling stm32h7xx_hal_flash_ex.c...
compiling stm32h7xx_hal_dma_ex.c...
compiling stm32h7xx_hal_pwr_ex.c...
compiling stm32h7xx_hal_rcc_ex.c...
compiling stm32h7xx_hal_dma.c...
compiling croutine.c...
compiling stm32h7xx_hal_i2c.c...
compiling event_groups.c...
compiling list.c...
compiling queue.c...
compiling stream_buffer.c...
compiling timers.c...
compiling tasks.c...
compiling heap_4.c...
compiling cmsis_os.c...
compiling port.c...
compiling stm32h7xx_hal_i2c_ex.c...
compiling stm32h7xx_hal_exti.c...
compiling stm32h7xx_hal_iwdg.c...
compiling user_lib.c...
compiling SpeedRamp.c...
compiling stm32h7xx_hal_rtc.c...
compiling stm32h7xx_hal_rtc_ex.c...
compiling stm32h7xx_hal_uart_ex.c...
compiling stm32h7xx_hal_tim_ex.c...
compiling stm32h7xx_hal_fdcan.c...
compiling system_stm32h7xx.c...
compiling stm32h7xx_hal_uart.c...
compiling stm32h7xx_hal_tim.c...
compiling FuzzyPID.c...
..\Algorithm\Algorithm.c\FuzzyPID.c(200): warning:  #1-D: last line of file ends without a newline
  }
..\Algorithm\Algorithm.c\FuzzyPID.c: 1 warning, 0 errors
compiling FeedForward.c...
..\Algorithm\Algorithm.c\FeedForward.c(79): warning:  #550-D: variable "exp1"  was set but never used
  	float exp1,exp2, exp3, exp4;
..\Algorithm\Algorithm.c\FeedForward.c(79): warning:  #550-D: variable "exp2"  was set but never used
  	float exp1,exp2, exp3, exp4;
..\Algorithm\Algorithm.c\FeedForward.c(79): warning:  #177-D: variable "exp3"  was declared but never referenced
  	float exp1,exp2, exp3, exp4;
..\Algorithm\Algorithm.c\FeedForward.c: 3 warnings, 0 errors
compiling stm32h7xx_hal_flash.c...
compiling pid.c...
..\Algorithm\Algorithm.c\pid.c(77): warning:  #177-D: variable "network_kp"  was declared but never referenced
  		float network_kp;
..\Algorithm\Algorithm.c\pid.c(78): warning:  #177-D: variable "network_ki"  was declared but never referenced
  		float network_ki;
..\Algorithm\Algorithm.c\pid.c(79): warning:  #177-D: variable "network_kd"  was declared but never referenced
  		float network_kd;
..\Algorithm\Algorithm.c\pid.c(80): warning:  #550-D: variable "delta_error"  was set but never used
  	  float delta_error;
..\Algorithm\Algorithm.c\pid.c: 4 warnings, 0 errors
compiling kalman_filter.c...
..\Algorithm\Algorithm.c\kalman_filter.c(169): warning:  #940-D: missing return statement at end of non-void function "Two_Kalman_Filter_Calc" 
  }
..\Algorithm\Algorithm.c\kalman_filter.c: 1 warning, 0 errors
compiling CRC.c...
..\Protocol\Protocol.c\CRC.c(117): warning:  #223-D: function "sprintf" declared implicitly
      sprintf(data, "%d", i);
..\Protocol\Protocol.c\CRC.c(118): warning:  #223-D: function "strcpy" declared implicitly
      strcpy(Data, data);
..\Protocol\Protocol.c\CRC.c: 2 warnings, 0 errors
compiling BSP_Delay.c...
compiling BSP_led.c...
compiling M2006_Motor.c...
compiling BSP_BoardCommunication.c...
compiling BSP_Fdcan.c...
compiling BSP_Usart.c...
compiling BSP_Test.c...
compiling Protocol_UpperComuter.c...
compiling M3508_Motor.c...
compiling M6020_Motor.c...
compiling Saber_C3.c...
..\Devices\Devices.c\Saber_C3.c(21): warning:  #223-D: function "memcpy" declared implicitly
  static float R4(uint8_t *p) {float r; memcpy(&r, p, 4); return r;}
..\Devices\Devices.c\Saber_C3.c: 1 warning, 0 errors
compiling SBUS.c...
compiling DT7.c...
compiling Dial.c...
..\APPs\APPs.c\Dial.c(39): warning:  #177-D: variable "Dial_OK"  was declared but never referenced
  	static int Dial_OK = 0;
..\APPs\APPs.c\Dial.c(40): warning:  #177-D: variable "time"  was declared but never referenced
  	static uint16_t time,time_last;
..\APPs\APPs.c\Dial.c(40): warning:  #177-D: variable "time_last"  was declared but never referenced
  	static uint16_t time,time_last;
..\APPs\APPs.c\Dial.c: 3 warnings, 0 errors
compiling Time_Stamp.c...
compiling usb_device.c...
compiling FrictionWheel.c...
compiling Cloud_Control.c...
..\APPs\APPs.c\Cloud_Control.c(113): warning:  #177-D: variable "time"  was declared but never referenced
      static uint8_t time = 1;
..\APPs\APPs.c\Cloud_Control.c(114): warning:  #177-D: variable "flag"  was declared but never referenced
  	int flag = 1;
..\APPs\APPs.c\Cloud_Control.c(36): warning:  #177-D: variable "filtered_angle_err_pitch"  was declared but never referenced
  static float filtered_angle_err_pitch = 0;  // 上一次滤波后的角度误差
..\APPs\APPs.c\Cloud_Control.c: 3 warnings, 0 errors
compiling Task_FdcanSend.c...
compiling Task_FdcanReceive.c...
compiling Shoot.c...
compiling Task_OfflineCheck.c...
compiling Task_LED.c...
compiling Task_RobotControl.c...
compiling Task_CommunicateWithPC.c...
compiling usbd_desc.c...
compiling usbd_core.c...
compiling usbd_ctlreq.c...
compiling usbd_ioreq.c...
compiling usbd_conf.c...
compiling usbd_cdc.c...
compiling usbd_cdc_if.c...
linking...
Program Size: Code=54756 RO-data=1852 RW-data=852 ZI-data=28844  
FromELF: creating hex file...
"Infantry_Board1\Infantry_Board1.axf" - 0 Error(s), 18 Warning(s).

<h2>Software Packages used:</h2>

Package Vendor: ARM
                http://www.keil.com/pack/ARM.CMSIS.5.9.0.pack
                ARM::CMSIS@5.9.0
                CMSIS (Common Microcontroller Software Interface Standard)
   * Component: CORE Version: 5.6.0

Package Vendor: Keil
                https://www.keil.com/pack/Keil.STM32H7xx_DFP.4.0.0.pack
                Keil::STM32H7xx_DFP@4.0.0
                STMicroelectronics STM32H7 Series Device Support

<h2>Collection of Component include folders:</h2>
  ./RTE/_Infantry_Board1
  F:/KEIL5/packs/ARM/CMSIS/5.9.0/CMSIS/Core/Include

<h2>Collection of Component Files used:</h2>

   * Component: ARM::CMSIS:CORE@5.6.0
      Include file:  CMSIS/Core/Include/tz_context.h
Build Time Elapsed:  00:02:34
</pre>
</body>
</html>
