Component: Arm Compiler for Embedded 6.21 Tool: armlink [5ec1fa00]

==============================================================================

Section Cross References

    startup_stm32h743xx.o(STACK) refers (Special) to heapauxi.o(.text) for __use_two_region_memory
    startup_stm32h743xx.o(HEAP) refers (Special) to heapauxi.o(.text) for __use_two_region_memory
    startup_stm32h743xx.o(RESET) refers (Special) to heapauxi.o(.text) for __use_two_region_memory
    startup_stm32h743xx.o(RESET) refers to startup_stm32h743xx.o(STACK) for __initial_sp
    startup_stm32h743xx.o(RESET) refers to startup_stm32h743xx.o(.text) for Reset_Handler
    startup_stm32h743xx.o(RESET) refers to stm32h7xx_it.o(.text.NMI_Handler) for NMI_Handler
    startup_stm32h743xx.o(RESET) refers to stm32h7xx_it.o(.text.HardFault_Handler) for HardFault_Handler
    startup_stm32h743xx.o(RESET) refers to stm32h7xx_it.o(.text.MemManage_Handler) for MemManage_Handler
    startup_stm32h743xx.o(RESET) refers to stm32h7xx_it.o(.text.BusFault_Handler) for BusFault_Handler
    startup_stm32h743xx.o(RESET) refers to stm32h7xx_it.o(.text.UsageFault_Handler) for UsageFault_Handler
    startup_stm32h743xx.o(RESET) refers to port.o(.text.SVC_Handler) for SVC_Handler
    startup_stm32h743xx.o(RESET) refers to stm32h7xx_it.o(.text.DebugMon_Handler) for DebugMon_Handler
    startup_stm32h743xx.o(RESET) refers to port.o(.text.PendSV_Handler) for PendSV_Handler
    startup_stm32h743xx.o(RESET) refers to cmsis_os2.o(.text.SysTick_Handler) for SysTick_Handler
    startup_stm32h743xx.o(RESET) refers to stm32h7xx_it.o(.text.DMA1_Stream0_IRQHandler) for DMA1_Stream0_IRQHandler
    startup_stm32h743xx.o(RESET) refers to stm32h7xx_it.o(.text.DMA1_Stream1_IRQHandler) for DMA1_Stream1_IRQHandler
    startup_stm32h743xx.o(RESET) refers to stm32h7xx_it.o(.text.FDCAN1_IT0_IRQHandler) for FDCAN1_IT0_IRQHandler
    startup_stm32h743xx.o(RESET) refers to stm32h7xx_it.o(.text.FDCAN2_IT0_IRQHandler) for FDCAN2_IT0_IRQHandler
    startup_stm32h743xx.o(RESET) refers to stm32h7xx_it.o(.text.FDCAN1_IT1_IRQHandler) for FDCAN1_IT1_IRQHandler
    startup_stm32h743xx.o(RESET) refers to stm32h7xx_it.o(.text.FDCAN2_IT1_IRQHandler) for FDCAN2_IT1_IRQHandler
    startup_stm32h743xx.o(RESET) refers to stm32h7xx_it.o(.text.TIM3_IRQHandler) for TIM3_IRQHandler
    startup_stm32h743xx.o(RESET) refers to stm32h7xx_it.o(.text.USART2_IRQHandler) for USART2_IRQHandler
    startup_stm32h743xx.o(.text) refers (Special) to heapauxi.o(.text) for __use_two_region_memory
    startup_stm32h743xx.o(.text) refers to system_stm32h7xx.o(.text.SystemInit) for SystemInit
    startup_stm32h743xx.o(.text) refers to __main.o(!!!main) for __main
    startup_stm32h743xx.o(.text) refers to startup_stm32h743xx.o(HEAP) for Heap_Mem
    startup_stm32h743xx.o(.text) refers to startup_stm32h743xx.o(STACK) for Stack_Mem
    main.o(.text.main) refers to stm32h7xx_hal.o(.text.HAL_Init) for HAL_Init
    main.o(.text.main) refers to main.o(.text.SystemClock_Config) for SystemClock_Config
    main.o(.text.main) refers to gpio.o(.text.MX_GPIO_Init) for MX_GPIO_Init
    main.o(.text.main) refers to dma.o(.text.MX_DMA_Init) for MX_DMA_Init
    main.o(.text.main) refers to fdcan.o(.text.MX_FDCAN1_Init) for MX_FDCAN1_Init
    main.o(.text.main) refers to fdcan.o(.text.MX_FDCAN2_Init) for MX_FDCAN2_Init
    main.o(.text.main) refers to usart.o(.text.MX_USART2_UART_Init) for MX_USART2_UART_Init
    main.o(.text.main) refers to bsp_fdcan.o(.data.Can_Fun) for Can_Fun
    main.o(.text.main) refers to cmsis_os2.o(.text.osKernelInitialize) for osKernelInitialize
    main.o(.text.main) refers to freertos.o(.text.MX_FREERTOS_Init) for MX_FREERTOS_Init
    main.o(.text.main) refers to cmsis_os2.o(.text.osKernelStart) for osKernelStart
    main.o(.ARM.exidx.text.main) refers to main.o(.text.main) for [Anonymous Symbol]
    main.o(.text.SystemClock_Config) refers to rt_memclr_w.o(.text) for __aeabi_memclr4
    main.o(.text.SystemClock_Config) refers to stm32h7xx_hal_pwr_ex.o(.text.HAL_PWREx_ConfigSupply) for HAL_PWREx_ConfigSupply
    main.o(.text.SystemClock_Config) refers to stm32h7xx_hal_rcc.o(.text.HAL_RCC_OscConfig) for HAL_RCC_OscConfig
    main.o(.text.SystemClock_Config) refers to stm32h7xx_hal_rcc.o(.text.HAL_RCC_ClockConfig) for HAL_RCC_ClockConfig
    main.o(.ARM.exidx.text.SystemClock_Config) refers to main.o(.text.SystemClock_Config) for [Anonymous Symbol]
    main.o(.ARM.exidx.text.Error_Handler) refers to main.o(.text.Error_Handler) for [Anonymous Symbol]
    main.o(.text.HAL_TIM_PeriodElapsedCallback) refers to stm32h7xx_hal.o(.text.HAL_IncTick) for HAL_IncTick
    main.o(.ARM.exidx.text.HAL_TIM_PeriodElapsedCallback) refers to main.o(.text.HAL_TIM_PeriodElapsedCallback) for [Anonymous Symbol]
    gpio.o(.ARM.exidx.text.MX_GPIO_Init) refers to gpio.o(.text.MX_GPIO_Init) for [Anonymous Symbol]
    freertos.o(.text.MX_FREERTOS_Init) refers to freertos.o(.text.StartDefaultTask) for StartDefaultTask
[...]
    __rt_exit                                0x08000357   Thumb Code     0  rtexit.o(.ARM.Collect$$rtexit$$00000000)
    __rt_exit_ls                             0x08000359   Thumb Code     0  rtexit2.o(.ARM.Collect$$rtexit$$00000003)
    __rt_exit_prels_1                        0x08000359   Thumb Code     0  rtexit2.o(.ARM.Collect$$rtexit$$00000002)
    __rt_exit_exit                           0x0800035d   Thumb Code     0  rtexit2.o(.ARM.Collect$$rtexit$$00000004)
    Reset_Handler                            0x08000365   Thumb Code     8  startup_stm32h743xx.o(.text)
    ADC3_IRQHandler                          0x0800037f   Thumb Code     0  startup_stm32h743xx.o(.text)
    ADC_IRQHandler                           0x0800037f   Thumb Code     0  startup_stm32h743xx.o(.text)
    BDMA_Channel0_IRQHandler                 0x0800037f   Thumb Code     0  startup_stm32h743xx.o(.text)
    BDMA_Channel1_IRQHandler                 0x0800037f   Thumb Code     0  startup_stm32h743xx.o(.text)
    BDMA_Channel2_IRQHandler                 0x0800037f   Thumb Code     0  startup_stm32h743xx.o(.text)
    BDMA_Channel3_IRQHandler                 0x0800037f   Thumb Code     0  startup_stm32h743xx.o(.text)
    BDMA_Channel4_IRQHandler                 0x0800037f   Thumb Code     0  startup_stm32h743xx.o(.text)
    BDMA_Channel5_IRQHandler                 0x0800037f   Thumb Code     0  startup_stm32h743xx.o(.text)
    BDMA_Channel6_IRQHandler                 0x0800037f   Thumb Code     0  startup_stm32h743xx.o(.text)
    BDMA_Channel7_IRQHandler                 0x0800037f   Thumb Code     0  startup_stm32h743xx.o(.text)
    CEC_IRQHandler                           0x0800037f   Thumb Code     0  startup_stm32h743xx.o(.text)
    COMP1_IRQHandler                         0x0800037f   Thumb Code     0  startup_stm32h743xx.o(.text)
    CRS_IRQHandler                           0x0800037f   Thumb Code     0  startup_stm32h743xx.o(.text)
    DCMI_IRQHandler                          0x0800037f   Thumb Code     0  startup_stm32h743xx.o(.text)
    DFSDM1_FLT0_IRQHandler                   0x0800037f   Thumb Code     0  startup_stm32h743xx.o(.text)
    DFSDM1_FLT1_IRQHandler                   0x0800037f   Thumb Code     0  startup_stm32h743xx.o(.text)
    DFSDM1_FLT2_IRQHandler                   0x0800037f   Thumb Code     0  startup_stm32h743xx.o(.text)
    DFSDM1_FLT3_IRQHandler                   0x0800037f   Thumb Code     0  startup_stm32h743xx.o(.text)
    DMA1_Stream2_IRQHandler                  0x0800037f   Thumb Code     0  startup_stm32h743xx.o(.text)
    DMA1_Stream3_IRQHandler                  0x0800037f   Thumb Code     0  startup_stm32h743xx.o(.text)
    DMA1_Stream4_IRQHandler                  0x0800037f   Thumb Code     0  startup_stm32h743xx.o(.text)
    DMA1_Stream5_IRQHandler                  0x0800037f   Thumb Code     0  startup_stm32h743xx.o(.text)
    DMA1_Stream6_IRQHandler                  0x0800037f   Thumb Code     0  startup_stm32h743xx.o(.text)
    DMA1_Stream7_IRQHandler                  0x0800037f   Thumb Code     0  startup_stm32h743xx.o(.text)
    DMA2D_IRQHandler                         0x0800037f   Thumb Code     0  startup_stm32h743xx.o(.text)
    DMA2_Stream0_IRQHandler                  0x0800037f   Thumb Code     0  startup_stm32h743xx.o(.text)
    DMA2_Stream1_IRQHandler                  0x0800037f   Thumb Code     0  startup_stm32h743xx.o(.text)
    DMA2_Stream2_IRQHandler                  0x0800037f   Thumb Code     0  startup_stm32h743xx.o(.text)
    DMA2_Stream3_IRQHandler                  0x0800037f   Thumb Code     0  startup_stm32h743xx.o(.text)
    DMA2_Stream4_IRQHandler                  0x0800037f   Thumb Code     0  startup_stm32h743xx.o(.text)
    DMA2_Stream5_IRQHandler                  0x0800037f   Thumb Code     0  startup_stm32h743xx.o(.text)
    DMA2_Stream6_IRQHandler                  0x0800037f   Thumb Code     0  startup_stm32h743xx.o(.text)
    DMA2_Stream7_IRQHandler                  0x0800037f   Thumb Code     0  startup_stm32h743xx.o(.text)
    DMAMUX1_OVR_IRQHandler                   0x0800037f   Thumb Code     0  startup_stm32h743xx.o(.text)
    DMAMUX2_OVR_IRQHandler                   0x0800037f   Thumb Code     0  startup_stm32h743xx.o(.text)
    ECC_IRQHandler                           0x0800037f   Thumb Code     0  startup_stm32h743xx.o(.text)
    ETH_IRQHandler                           0x0800037f   Thumb Code     0  startup_stm32h743xx.o(.text)
    ETH_WKUP_IRQHandler                      0x0800037f   Thumb Code     0  startup_stm32h743xx.o(.text)
    EXTI0_IRQHandler                         0x0800037f   Thumb Code     0  startup_stm32h743xx.o(.text)
    EXTI15_10_IRQHandler                     0x0800037f   Thumb Code     0  startup_stm32h743xx.o(.text)
    EXTI1_IRQHandler                         0x0800037f   Thumb Code     0  startup_stm32h743xx.o(.text)
    EXTI2_IRQHandler                         0x0800037f   Thumb Code     0  startup_stm32h743xx.o(.text)
    EXTI3_IRQHandler                         0x0800037f   Thumb Code     0  startup_stm32h743xx.o(.text)
    EXTI4_IRQHandler                         0x0800037f   Thumb Code     0  startup_stm32h743xx.o(.text)
    EXTI9_5_IRQHandler                       0x0800037f   Thumb Code     0  startup_stm32h743xx.o(.text)
    FDCAN_CAL_IRQHandler                     0x0800037f   Thumb Code     0  startup_stm32h743xx.o(.text)
    FLASH_IRQHandler                         0x0800037f   Thumb Code     0  startup_stm32h743xx.o(.text)
    FMC_IRQHandler                           0x0800037f   Thumb Code     0  startup_stm32h743xx.o(.text)
    FPU_IRQHandler                           0x0800037f   Thumb Code     0  startup_stm32h743xx.o(.text)
    HRTIM1_FLT_IRQHandler                    0x0800037f   Thumb Code     0  startup_stm32h743xx.o(.text)
    HRTIM1_Master_IRQHandler                 0x0800037f   Thumb Code     0  startup_stm32h743xx.o(.text)
    HRTIM1_TIMA_IRQHandler                   0x0800037f   Thumb Code     0  startup_stm32h743xx.o(.text)
    HRTIM1_TIMB_IRQHandler                   0x0800037f   Thumb Code     0  startup_stm32h743xx.o(.text)
    HRTIM1_TIMC_IRQHandler                   0x0800037f   Thumb Code     0  startup_stm32h743xx.o(.text)
    HRTIM1_TIMD_IRQHandler                   0x0800037f   Thumb Code     0  startup_stm32h743xx.o(.text)
    HRTIM1_TIME_IRQHandler                   0x0800037f   Thumb Code     0  startup_stm32h743xx.o(.text)
    HSEM1_IRQHandler                         0x0800037f   Thumb Code     0  startup_stm32h743xx.o(.text)
    I2C1_ER_IRQHandler                       0x0800037f   Thumb Code     0  startup_stm32h743xx.o(.text)
    I2C1_EV_IRQHandler                       0x0800037f   Thumb Code     0  startup_stm32h743xx.o(.text)
    I2C2_ER_IRQHandler                       0x0800037f   Thumb Code     0  startup_stm32h743xx.o(.text)
    I2C2_EV_IRQHandler                       0x0800037f   Thumb Code     0  startup_stm32h743xx.o(.text)
    I2C3_ER_IRQHandler                       0x0800037f   Thumb Code     0  startup_stm32h743xx.o(.text)
    I2C3_EV_IRQHandler                       0x0800037f   Thumb Code     0  startup_stm32h743xx.o(.text)
    I2C4_ER_IRQHandler                       0x0800037f   Thumb Code     0  startup_stm32h743xx.o(.text)
    I2C4_EV_IRQHandler                       0x0800037f   Thumb Code     0  startup_stm32h743xx.o(.text)
    JPEG_IRQHandler                          0x0800037f   Thumb Code     0  startup_stm32h743xx.o(.text)
    LPTIM1_IRQHandler                        0x0800037f   Thumb Code     0  startup_stm32h743xx.o(.text)
    LPTIM2_IRQHandler                        0x0800037f   Thumb Code     0  startup_stm32h743xx.o(.text)
    LPTIM3_IRQHandler                        0x0800037f   Thumb Code     0  startup_stm32h743xx.o(.text)
    LPTIM4_IRQHandler                        0x0800037f   Thumb Code     0  startup_stm32h743xx.o(.text)
    LPTIM5_IRQHandler                        0x0800037f   Thumb Code     0  startup_stm32h743xx.o(.text)
    LPUART1_IRQHandler                       0x0800037f   Thumb Code     0  startup_stm32h743xx.o(.text)
    LTDC_ER_IRQHandler                       0x0800037f   Thumb Code     0  startup_stm32h743xx.o(.text)
    LTDC_IRQHandler                          0x0800037f   Thumb Code     0  startup_stm32h743xx.o(.text)
    MDIOS_IRQHandler                         0x0800037f   Thumb Code     0  startup_stm32h743xx.o(.text)
    MDIOS_WKUP_IRQHandler                    0x0800037f   Thumb Code     0  startup_stm32h743xx.o(.text)
    MDMA_IRQHandler                          0x0800037f   Thumb Code     0  startup_stm32h743xx.o(.text)
    OTG_FS_EP1_IN_IRQHandler                 0x0800037f   Thumb Code     0  startup_stm32h743xx.o(.text)
    OTG_FS_EP1_OUT_IRQHandler                0x0800037f   Thumb Code     0  startup_stm32h743xx.o(.text)
    OTG_FS_IRQHandler                        0x0800037f   Thumb Code     0  startup_stm32h743xx.o(.text)
    OTG_FS_WKUP_IRQHandler                   0x0800037f   Thumb Code     0  startup_stm32h743xx.o(.text)
    OTG_HS_EP1_IN_IRQHandler                 0x0800037f   Thumb Code     0  startup_stm32h743xx.o(.text)
    OTG_HS_EP1_OUT_IRQHandler                0x0800037f   Thumb Code     0  startup_stm32h743xx.o(.text)
    OTG_HS_IRQHandler                        0x0800037f   Thumb Code     0  startup_stm32h743xx.o(.text)
    OTG_HS_WKUP_IRQHandler                   0x0800037f   Thumb Code     0  startup_stm32h743xx.o(.text)
    PVD_AVD_IRQHandler                       0x0800037f   Thumb Code     0  startup_stm32h743xx.o(.text)
    QUADSPI_IRQHandler                       0x0800037f   Thumb Code     0  startup_stm32h743xx.o(.text)
    RCC_IRQHandler                           0x0800037f   Thumb Code     0  startup_stm32h743xx.o(.text)
    RNG_IRQHandler                           0x0800037f   Thumb Code     0  startup_stm32h743xx.o(.text)
    RTC_Alarm_IRQHandler                     0x0800037f   Thumb Code     0  startup_stm32h743xx.o(.text)
    RTC_WKUP_IRQHandler                      0x0800037f   Thumb Code     0  startup_stm32h743xx.o(.text)
    SAI1_IRQHandler                          0x0800037f   Thumb Code     0  startup_stm32h743xx.o(.text)
    SAI2_IRQHandler                          0x0800037f   Thumb Code     0  startup_stm32h743xx.o(.text)
    SAI3_IRQHandler                          0x0800037f   Thumb Code     0  startup_stm32h743xx.o(.text)
    SAI4_IRQHandler                          0x0800037f   Thumb Code     0  startup_stm32h743xx.o(.text)
    SDMMC1_IRQHandler                        0x0800037f   Thumb Code     0  startup_stm32h743xx.o(.text)
    SDMMC2_IRQHandler                        0x0800037f   Thumb Code     0  startup_stm32h743xx.o(.text)
    SPDIF_RX_IRQHandler                      0x0800037f   Thumb Code     0  startup_stm32h743xx.o(.text)
    SPI1_IRQHandler                          0x0800037f   Thumb Code     0  startup_stm32h743xx.o(.text)
    SPI2_IRQHandler                          0x0800037f   Thumb Code     0  startup_stm32h743xx.o(.text)
    SPI3_IRQHandler                          0x0800037f   Thumb Code     0  startup_stm32h743xx.o(.text)
    SPI4_IRQHandler                          0x0800037f   Thumb Code     0  startup_stm32h743xx.o(.text)
    SPI5_IRQHandler                          0x0800037f   Thumb Code     0  startup_stm32h743xx.o(.text)
    SPI6_IRQHandler                          0x0800037f   Thumb Code     0  startup_stm32h743xx.o(.text)
    SWPMI1_IRQHandler                        0x0800037f   Thumb Code     0  startup_stm32h743xx.o(.text)
    TAMP_STAMP_IRQHandler                    0x0800037f   Thumb Code     0  startup_stm32h743xx.o(.text)
    TIM15_IRQHandler                         0x0800037f   Thumb Code     0  startup_stm32h743xx.o(.text)
    TIM16_IRQHandler                         0x0800037f   Thumb Code     0  startup_stm32h743xx.o(.text)
    TIM17_IRQHandler                         0x0800037f   Thumb Code     0  startup_stm32h743xx.o(.text)
    TIM1_BRK_IRQHandler                      0x0800037f   Thumb Code     0  startup_stm32h743xx.o(.text)
    TIM1_CC_IRQHandler                       0x0800037f   Thumb Code     0  startup_stm32h743xx.o(.text)
    TIM1_TRG_COM_IRQHandler                  0x0800037f   Thumb Code     0  startup_stm32h743xx.o(.text)
    TIM1_UP_IRQHandler                       0x0800037f   Thumb Code     0  startup_stm32h743xx.o(.text)
    TIM2_IRQHandler                          0x0800037f   Thumb Code     0  startup_stm32h743xx.o(.text)
    TIM4_IRQHandler                          0x0800037f   Thumb Code     0  startup_stm32h743xx.o(.text)
    TIM5_IRQHandler                          0x0800037f   Thumb Code     0  startup_stm32h743xx.o(.text)
    TIM6_DAC_IRQHandler                      0x0800037f   Thumb Code     0  startup_stm32h743xx.o(.text)
    TIM7_IRQHandler                          0x0800037f   Thumb Code     0  startup_stm32h743xx.o(.text)
    TIM8_BRK_TIM12_IRQHandler                0x0800037f   Thumb Code     0  startup_stm32h743xx.o(.text)
    TIM8_CC_IRQHandler                       0x0800037f   Thumb Code     0  startup_stm32h743xx.o(.text)
    TIM8_TRG_COM_TIM14_IRQHandler            0x0800037f   Thumb Code     0  startup_stm32h743xx.o(.text)
    TIM8_UP_TIM13_IRQHandler                 0x0800037f   Thumb Code     0  startup_stm32h743xx.o(.text)
    UART4_IRQHandler                         0x0800037f   Thumb Code     0  startup_stm32h743xx.o(.text)
    UART5_IRQHandler                         0x0800037f   Thumb Code     0  startup_stm32h743xx.o(.text)
    UART7_IRQHandler                         0x0800037f   Thumb Code     0  startup_stm32h743xx.o(.text)
    UART8_IRQHandler                         0x0800037f   Thumb Code     0  startup_stm32h743xx.o(.text)
    USART1_IRQHandler                        0x0800037f   Thumb Code     0  startup_stm32h743xx.o(.text)
    USART3_IRQHandler                        0x0800037f   Thumb Code     0  startup_stm32h743xx.o(.text)
    USART6_IRQHandler                        0x0800037f   Thumb Code     0  startup_stm32h743xx.o(.text)
    WAKEUP_PIN_IRQHandler                    0x0800037f   Thumb Code     0  startup_stm32h743xx.o(.text)
    WWDG_IRQHandler                          0x0800037f   Thumb Code     0  startup_stm32h743xx.o(.text)
    __user_initial_stackheap                 0x08000381   Thumb Code     0  startup_stm32h743xx.o(.text)
    __aeabi_uldivmod                         0x080003a5   Thumb Code     0  lludivv7m.o(.text)
    _ll_udiv                                 0x080003a5   Thumb Code   240  lludivv7m.o(.text)
    __aeabi_memcpy                           0x08000495   Thumb Code     0  rt_memcpy_v6.o(.text)
    __rt_memcpy                              0x08000495   Thumb Code   138  rt_memcpy_v6.o(.text)
    _memcpy_lastbytes                        0x080004fb   Thumb Code     0  rt_memcpy_v6.o(.text)
    __aeabi_memset4                          0x0800051f   Thumb Code    16  aeabi_memset4.o(.text)
    __aeabi_memset8                          0x0800051f   Thumb Code     0  aeabi_memset4.o(.text)
    __aeabi_memclr4                          0x0800052f   Thumb Code     0  rt_memclr_w.o(.text)
    __aeabi_memclr8                          0x0800052f   Thumb Code     0  rt_memclr_w.o(.text)
    __rt_memclr_w                            0x0800052f   Thumb Code     0  rt_memclr_w.o(.text)
    _memset_w                                0x08000533   Thumb Code    74  rt_memclr_w.o(.text)
    __use_two_region_memory                  0x0800057d   Thumb Code     2  heapauxi.o(.text)
    __rt_heap_escrow$2region                 0x0800057f   Thumb Code     2  heapauxi.o(.text)
    __rt_heap_expand$2region                 0x08000581   Thumb Code     2  heapauxi.o(.text)
    __aeabi_memcpy4                          0x08000583   Thumb Code     0  rt_memcpy_w.o(.text)
    __aeabi_memcpy8                          0x08000583   Thumb Code     0  rt_memcpy_w.o(.text)
    __rt_memcpy_w                            0x08000583   Thumb Code   100  rt_memcpy_w.o(.text)
    _memcpy_lastbytes_aligned                0x080005cb   Thumb Code     0  rt_memcpy_w.o(.text)
    __user_setup_stackheap                   0x080005e7   Thumb Code    74  sys_stackheap_outer.o(.text)
    exit                                     0x08000631   Thumb Code    18  exit.o(.text)
    __user_libspace                          0x08000645   Thumb Code     8  libspace.o(.text)
    __user_perproc_libspace                  0x08000645   Thumb Code     0  libspace.o(.text)
    __user_perthread_libspace                0x08000645   Thumb Code     0  libspace.o(.text)
    _sys_exit                                0x0800064d   Thumb Code     8  sys_exit.o(.text)
    __I$use$semihosting                      0x08000659   Thumb Code     0  use_no_semi.o(.text)
    __use_no_semihosting_swi                 0x08000659   Thumb Code     2  use_no_semi.o(.text)
    __semihosting_library_function           0x0800065b   Thumb Code     0  indicate_semi.o(.text)
    BoardCommInit                            0x08000661   Thumb Code    24  board_comm.o(.text.BoardCommInit)
    BoardCommReceive                         0x08000679   Thumb Code     8  board_comm.o(.text.BoardCommReceive)
    BoardCommSend                            0x08000681   Thumb Code    88  board_comm.o(.text.BoardCommSend)
    BusFault_Handler                         0x080006d9   Thumb Code     2  stm32h7xx_it.o(.text.BusFault_Handler)
    Control_Cheak                            0x080006e1   Thumb Code    30  sbus.o(.text.Control_Cheak)
    DMA1_Stream0_IRQHandler                  0x08000701   Thumb Code    12  stm32h7xx_it.o(.text.DMA1_Stream0_IRQHandler)
    DMA1_Stream1_IRQHandler                  0x08000711   Thumb Code    12  stm32h7xx_it.o(.text.DMA1_Stream1_IRQHandler)
    DWT_GetTimeline_ms                       0x08000b31   Thumb Code   224  bsp_dwt.o(.text.DWT_GetTimeline_ms)
    DebugMon_Handler                         0x08000c19   Thumb Code     2  stm32h7xx_it.o(.text.DebugMon_Handler)
    Error_Handler                            0x08000c21   Thumb Code    10  main.o(.text.Error_Handler)
    FDCAN1_IT0_IRQHandler                    0x08000c31   Thumb Code    12  stm32h7xx_it.o(.text.FDCAN1_IT0_IRQHandler)
    FDCAN1_IT1_IRQHandler                    0x08000c41   Thumb Code    12  stm32h7xx_it.o(.text.FDCAN1_IT1_IRQHandler)
    FDCAN2_IT0_IRQHandler                    0x08000c51   Thumb Code    12  stm32h7xx_it.o(.text.FDCAN2_IT0_IRQHandler)
    FDCAN2_IT1_IRQHandler                    0x08000c61   Thumb Code    12  stm32h7xx_it.o(.text.FDCAN2_IT1_IRQHandler)
    HAL_DMA_Abort                            0x08000cf1   Thumb Code  1260  stm32h7xx_hal_dma.o(.text.HAL_DMA_Abort)
    HAL_DMA_Abort_IT                         0x080011e1   Thumb Code   668  stm32h7xx_hal_dma.o(.text.HAL_DMA_Abort_IT)
    HAL_DMA_IRQHandler                       0x08001481   Thumb Code  2684  stm32h7xx_hal_dma.o(.text.HAL_DMA_IRQHandler)
    HAL_DMA_Init                             0x08001f01   Thumb Code  1566  stm32h7xx_hal_dma.o(.text.HAL_DMA_Init)
    HAL_DMA_Start_IT                         0x08002521   Thumb Code   898  stm32h7xx_hal_dma.o(.text.HAL_DMA_Start_IT)
    HAL_FDCAN_ActivateNotification           0x080028a9   Thumb Code   120  stm32h7xx_hal_fdcan.o(.text.HAL_FDCAN_ActivateNotification)
    HAL_FDCAN_AddMessageToTxFifoQ            0x08002921   Thumb Code   102  stm32h7xx_hal_fdcan.o(.text.HAL_FDCAN_AddMessageToTxFifoQ)
    HAL_FDCAN_ClockCalibrationCallback       0x08002989   Thumb Code     2  stm32h7xx_hal_fdcan.o(.text.HAL_FDCAN_ClockCalibrationCallback)
    HAL_FDCAN_ConfigFilter                   0x08002991   Thumb Code   136  stm32h7xx_hal_fdcan.o(.text.HAL_FDCAN_ConfigFilter)
    HAL_FDCAN_ConfigGlobalFilter             0x08002a19   Thumb Code    54  stm32h7xx_hal_fdcan.o(.text.HAL_FDCAN_ConfigGlobalFilter)
    HAL_FDCAN_ErrorCallback                  0x08002a51   Thumb Code     2  stm32h7xx_hal_fdcan.o(.text.HAL_FDCAN_ErrorCallback)
    HAL_FDCAN_ErrorStatusCallback            0x08002a59   Thumb Code     2  stm32h7xx_hal_fdcan.o(.text.HAL_FDCAN_ErrorStatusCallback)
    HAL_FDCAN_GetRxMessage                   0x08002a61   Thumb Code   404  stm32h7xx_hal_fdcan.o(.text.HAL_FDCAN_GetRxMessage)
    HAL_FDCAN_HighPriorityMessageCallback    0x08002bf9   Thumb Code     2  stm32h7xx_hal_fdcan.o(.text.HAL_FDCAN_HighPriorityMessageCallback)
    HAL_FDCAN_IRQHandler                     0x08002c01   Thumb Code   790  stm32h7xx_hal_fdcan.o(.text.HAL_FDCAN_IRQHandler)
    HAL_FDCAN_Init                           0x08002f19   Thumb Code   966  stm32h7xx_hal_fdcan.o(.text.HAL_FDCAN_Init)
    HAL_FDCAN_MspInit                        0x080032e1   Thumb Code   328  fdcan.o(.text.HAL_FDCAN_MspInit)
    HAL_FDCAN_RxBufferNewMessageCallback     0x08003429   Thumb Code     2  stm32h7xx_hal_fdcan.o(.text.HAL_FDCAN_RxBufferNewMessageCallback)
    HAL_FDCAN_RxFifo0Callback                0x08003431   Thumb Code   112  bsp_fdcan.o(.text.HAL_FDCAN_RxFifo0Callback)
    HAL_FDCAN_RxFifo1Callback                0x080034a1   Thumb Code     2  stm32h7xx_hal_fdcan.o(.text.HAL_FDCAN_RxFifo1Callback)
    HAL_FDCAN_Start                          0x080034a9   Thumb Code    50  stm32h7xx_hal_fdcan.o(.text.HAL_FDCAN_Start)
    HAL_FDCAN_TT_GlobalTimeCallback          0x080034e1   Thumb Code     2  stm32h7xx_hal_fdcan.o(.text.HAL_FDCAN_TT_GlobalTimeCallback)
    HAL_FDCAN_TT_ScheduleSyncCallback        0x080034e9   Thumb Code     2  stm32h7xx_hal_fdcan.o(.text.HAL_FDCAN_TT_ScheduleSyncCallback)
    HAL_FDCAN_TT_StopWatchCallback           0x080034f1   Thumb Code     2  stm32h7xx_hal_fdcan.o(.text.HAL_FDCAN_TT_StopWatchCallback)
    HAL_FDCAN_TT_TimeMarkCallback            0x080034f9   Thumb Code     2  stm32h7xx_hal_fdcan.o(.text.HAL_FDCAN_TT_TimeMarkCallback)
    HAL_FDCAN_TimeoutOccurredCallback        0x08003501   Thumb Code     2  stm32h7xx_hal_fdcan.o(.text.HAL_FDCAN_TimeoutOccurredCallback)
    HAL_FDCAN_TimestampWraparoundCallback    0x08003509   Thumb Code     2  stm32h7xx_hal_fdcan.o(.text.HAL_FDCAN_TimestampWraparoundCallback)
    HAL_FDCAN_TxBufferAbortCallback          0x08003511   Thumb Code     2  stm32h7xx_hal_fdcan.o(.text.HAL_FDCAN_TxBufferAbortCallback)
    HAL_FDCAN_TxBufferCompleteCallback       0x08003519   Thumb Code     2  stm32h7xx_hal_fdcan.o(.text.HAL_FDCAN_TxBufferCompleteCallback)
    HAL_FDCAN_TxEventFifoCallback            0x08003521   Thumb Code     2  stm32h7xx_hal_fdcan.o(.text.HAL_FDCAN_TxEventFifoCallback)
    HAL_FDCAN_TxFifoEmptyCallback            0x08003529   Thumb Code     2  stm32h7xx_hal_fdcan.o(.text.HAL_FDCAN_TxFifoEmptyCallback)
    HAL_GPIO_Init                            0x08003531   Thumb Code   414  stm32h7xx_hal_gpio.o(.text.HAL_GPIO_Init)
    HAL_GetREVID                             0x080036d1   Thumb Code    14  stm32h7xx_hal.o(.text.HAL_GetREVID)
    HAL_GetTick                              0x080036e1   Thumb Code    12  stm32h7xx_hal.o(.text.HAL_GetTick)
    HAL_IncTick                              0x080036f1   Thumb Code    26  stm32h7xx_hal.o(.text.HAL_IncTick)
    HAL_Init                                 0x08003711   Thumb Code   100  stm32h7xx_hal.o(.text.HAL_Init)
    HAL_InitTick                             0x08003779   Thumb Code   168  stm32h7xx_hal_timebase_tim.o(.text.HAL_InitTick)
    HAL_MspInit                              0x08003821   Thumb Code    42  stm32h7xx_hal_msp.o(.text.HAL_MspInit)
    HAL_NVIC_EnableIRQ                       0x08003851   Thumb Code    32  stm32h7xx_hal_cortex.o(.text.HAL_NVIC_EnableIRQ)
    HAL_NVIC_SetPriority                     0x08003871   Thumb Code    90  stm32h7xx_hal_cortex.o(.text.HAL_NVIC_SetPriority)
    HAL_NVIC_SetPriorityGrouping             0x080038d1   Thumb Code    32  stm32h7xx_hal_cortex.o(.text.HAL_NVIC_SetPriorityGrouping)
    HAL_PWREx_ConfigSupply                   0x080038f1   Thumb Code    72  stm32h7xx_hal_pwr_ex.o(.text.HAL_PWREx_ConfigSupply)
    HAL_RCCEx_GetD3PCLK1Freq                 0x08003939   Thumb Code    38  stm32h7xx_hal_rcc_ex.o(.text.HAL_RCCEx_GetD3PCLK1Freq)
    HAL_RCCEx_GetPLL2ClockFreq               0x08003961   Thumb Code   280  stm32h7xx_hal_rcc_ex.o(.text.HAL_RCCEx_GetPLL2ClockFreq)
    HAL_RCCEx_GetPLL3ClockFreq               0x08003a89   Thumb Code   280  stm32h7xx_hal_rcc_ex.o(.text.HAL_RCCEx_GetPLL3ClockFreq)
    HAL_RCCEx_PeriphCLKConfig                0x08003bb1   Thumb Code  2572  stm32h7xx_hal_rcc_ex.o(.text.HAL_RCCEx_PeriphCLKConfig)
    HAL_RCC_ClockConfig                      0x080045c1   Thumb Code   600  stm32h7xx_hal_rcc.o(.text.HAL_RCC_ClockConfig)
    HAL_RCC_GetClockConfig                   0x08004819   Thumb Code    88  stm32h7xx_hal_rcc.o(.text.HAL_RCC_GetClockConfig)
    HAL_RCC_GetHCLKFreq                      0x08004871   Thumb Code    76  stm32h7xx_hal_rcc.o(.text.HAL_RCC_GetHCLKFreq)
    HAL_RCC_GetPCLK1Freq                     0x080048c1   Thumb Code    96  stm32h7xx_hal_rcc.o(.text.HAL_RCC_GetPCLK1Freq)
    HAL_RCC_GetPCLK2Freq                     0x08004921   Thumb Code    96  stm32h7xx_hal_rcc.o(.text.HAL_RCC_GetPCLK2Freq)
    HAL_RCC_GetSysClockFreq                  0x08004981   Thumb Code   252  stm32h7xx_hal_rcc.o(.text.HAL_RCC_GetSysClockFreq)
    HAL_RCC_OscConfig                        0x08004a91   Thumb Code  1590  stm32h7xx_hal_rcc.o(.text.HAL_RCC_OscConfig)
    HAL_TIMEx_Break2Callback                 0x080050c9   Thumb Code     2  stm32h7xx_hal_tim_ex.o(.text.HAL_TIMEx_Break2Callback)
    HAL_TIMEx_BreakCallback                  0x080050d1   Thumb Code     2  stm32h7xx_hal_tim_ex.o(.text.HAL_TIMEx_BreakCallback)
    HAL_TIMEx_CommutCallback                 0x080050d9   Thumb Code     2  stm32h7xx_hal_tim_ex.o(.text.HAL_TIMEx_CommutCallback)
    HAL_TIM_Base_Init                        0x080050e1   Thumb Code    96  stm32h7xx_hal_tim.o(.text.HAL_TIM_Base_Init)
    HAL_TIM_Base_MspInit                     0x08005141   Thumb Code     2  stm32h7xx_hal_tim.o(.text.HAL_TIM_Base_MspInit)
    HAL_TIM_Base_Start_IT                    0x08005149   Thumb Code   178  stm32h7xx_hal_tim.o(.text.HAL_TIM_Base_Start_IT)
    HAL_TIM_IC_CaptureCallback               0x08005201   Thumb Code     2  stm32h7xx_hal_tim.o(.text.HAL_TIM_IC_CaptureCallback)
    HAL_TIM_IRQHandler                       0x08005209   Thumb Code   358  stm32h7xx_hal_tim.o(.text.HAL_TIM_IRQHandler)
    HAL_TIM_OC_DelayElapsedCallback          0x08005371   Thumb Code     2  stm32h7xx_hal_tim.o(.text.HAL_TIM_OC_DelayElapsedCallback)
    HAL_TIM_PWM_PulseFinishedCallback        0x08005379   Thumb Code     2  stm32h7xx_hal_tim.o(.text.HAL_TIM_PWM_PulseFinishedCallback)
    HAL_TIM_PeriodElapsedCallback            0x08005381   Thumb Code    20  main.o(.text.HAL_TIM_PeriodElapsedCallback)
    HAL_TIM_TriggerCallback                  0x08005399   Thumb Code     2  stm32h7xx_hal_tim.o(.text.HAL_TIM_TriggerCallback)
    HAL_UARTEx_DisableFifoMode               0x080053a1   Thumb Code    54  stm32h7xx_hal_uart_ex.o(.text.HAL_UARTEx_DisableFifoMode)
    HAL_UARTEx_ReceiveToIdle_DMA             0x080053d9   Thumb Code    86  stm32h7xx_hal_uart_ex.o(.text.HAL_UARTEx_ReceiveToIdle_DMA)
    HAL_UARTEx_RxEventCallback               0x08005431   Thumb Code    90  task_manager.o(.text.HAL_UARTEx_RxEventCallback)
    HAL_UARTEx_RxFifoFullCallback            0x08005491   Thumb Code     2  stm32h7xx_hal_uart_ex.o(.text.HAL_UARTEx_RxFifoFullCallback)
    HAL_UARTEx_SetRxFifoThreshold            0x08005499   Thumb Code   150  stm32h7xx_hal_uart_ex.o(.text.HAL_UARTEx_SetRxFifoThreshold)
    HAL_UARTEx_SetTxFifoThreshold            0x08005531   Thumb Code   150  stm32h7xx_hal_uart_ex.o(.text.HAL_UARTEx_SetTxFifoThreshold)
    HAL_UARTEx_TxFifoEmptyCallback           0x080055c9   Thumb Code     2  stm32h7xx_hal_uart_ex.o(.text.HAL_UARTEx_TxFifoEmptyCallback)
    HAL_UARTEx_WakeupCallback                0x080055d1   Thumb Code     2  stm32h7xx_hal_uart_ex.o(.text.HAL_UARTEx_WakeupCallback)
    HAL_UART_ErrorCallback                   0x080055d9   Thumb Code     2  stm32h7xx_hal_uart.o(.text.HAL_UART_ErrorCallback)
    HAL_UART_IRQHandler                      0x080055e1   Thumb Code  1126  stm32h7xx_hal_uart.o(.text.HAL_UART_IRQHandler)
    HAL_UART_Init                            0x08005a49   Thumb Code   100  stm32h7xx_hal_uart.o(.text.HAL_UART_Init)
    HAL_UART_MspInit                         0x08005ab1   Thumb Code   278  usart.o(.text.HAL_UART_MspInit)
    HAL_UART_RxCpltCallback                  0x08005bc9   Thumb Code     2  stm32h7xx_hal_uart.o(.text.HAL_UART_RxCpltCallback)
    HAL_UART_RxHalfCpltCallback              0x08005bd1   Thumb Code     2  stm32h7xx_hal_uart.o(.text.HAL_UART_RxHalfCpltCallback)
    HAL_UART_TxCpltCallback                  0x08005bd9   Thumb Code     2  stm32h7xx_hal_uart.o(.text.HAL_UART_TxCpltCallback)
    HardFault_Handler                        0x08005be1   Thumb Code     2  stm32h7xx_it.o(.text.HardFault_Handler)
    MX_DMA_Init                              0x08005be9   Thumb Code    68  dma.o(.text.MX_DMA_Init)
    MX_FDCAN1_Init                           0x08005c31   Thumb Code   114  fdcan.o(.text.MX_FDCAN1_Init)
    MX_FDCAN2_Init                           0x08005ca9   Thumb Code   118  fdcan.o(.text.MX_FDCAN2_Init)
    MX_FREERTOS_Init                         0x08005d21   Thumb Code   100  freertos.o(.text.MX_FREERTOS_Init)
    MX_GPIO_Init                             0x08005d89   Thumb Code    68  gpio.o(.text.MX_GPIO_Init)
    MX_USART2_UART_Init                      0x08005dd1   Thumb Code   136  usart.o(.text.MX_USART2_UART_Init)
    MemManage_Handler                        0x08005e59   Thumb Code     2  stm32h7xx_it.o(.text.MemManage_Handler)
    NMI_Handler                              0x08005e61   Thumb Code     2  stm32h7xx_it.o(.text.NMI_Handler)
    PendSV_Handler                           0x08005e71   Thumb Code   100  port.o(.text.PendSV_Handler)
    SBUS_Init                                0x08006119   Thumb Code    22  sbus.o(.text.SBUS_Init)
    SBUS_Read                                0x08006131   Thumb Code   322  sbus.o(.text.SBUS_Read)
    SBUS_Task                                0x08006279   Thumb Code     4  task_manager.o(.text.SBUS_Task)
    SVC_Handler                              0x08006281   Thumb Code    36  port.o(.text.SVC_Handler)
    StartBoardcommTask                       0x080062a9   Thumb Code    38  freertos.o(.text.StartBoardcommTask)
    StartDefaultTask                         0x080062d1   Thumb Code     8  freertos.o(.text.StartDefaultTask)
    StartSBUSTask                            0x080062d9   Thumb Code    24  freertos.o(.text.StartSBUSTask)
    SysTick_Handler                          0x080062f1   Thumb Code    30  cmsis_os2.o(.text.SysTick_Handler)
    SystemClock_Config                       0x08006311   Thumb Code   270  main.o(.text.SystemClock_Config)
    SystemInit                               0x08006421   Thumb Code   204  system_stm32h7xx.o(.text.SystemInit)
    TIM3_IRQHandler                          0x080064f1   Thumb Code    12  stm32h7xx_it.o(.text.TIM3_IRQHandler)
    TIM_Base_SetConfig                       0x08006501   Thumb Code   332  stm32h7xx_hal_tim.o(.text.TIM_Base_SetConfig)
    UART_AdvFeatureConfig                    0x08006651   Thumb Code   224  stm32h7xx_hal_uart.o(.text.UART_AdvFeatureConfig)
    UART_CheckIdleState                      0x08006731   Thumb Code   184  stm32h7xx_hal_uart.o(.text.UART_CheckIdleState)
    UART_SetConfig                           0x08006969   Thumb Code  1092  stm32h7xx_hal_uart.o(.text.UART_SetConfig)
    UART_Start_Receive_DMA                   0x08006db9   Thumb Code   160  stm32h7xx_hal_uart.o(.text.UART_Start_Receive_DMA)
    UART_WaitOnFlagUntilTimeout              0x08006e59   Thumb Code   318  stm32h7xx_hal_uart.o(.text.UART_WaitOnFlagUntilTimeout)
    USART2_IRQHandler                        0x08006f99   Thumb Code    12  stm32h7xx_it.o(.text.USART2_IRQHandler)
    UsageFault_Handler                       0x08006fa9   Thumb Code     2  stm32h7xx_it.o(.text.UsageFault_Handler)
    boardCommunicateTask                     0x08006fb1   Thumb Code   168  task_manager.o(.text.boardCommunicateTask)
    can_bsp_init                             0x08007071   Thumb Code   120  bsp_fdcan.o(.text.can_bsp_init)
    fdcanx_receive                           0x080070e9   Thumb Code   132  bsp_fdcan.o(.text.fdcanx_receive)
    fdcanx_send_data                         0x08007171   Thumb Code    42  bsp_fdcan.o(.text.fdcanx_send_data)
    main                                     0x080071a1   Thumb Code    54  main.o(.text.main)
    osDelay                                  0x080071d9   Thumb Code    30  cmsis_os2.o(.text.osDelay)
    osKernelInitialize                       0x080071f9   Thumb Code    42  cmsis_os2.o(.text.osKernelInitialize)
    osKernelStart                            0x08007229   Thumb Code    60  cmsis_os2.o(.text.osKernelStart)
    osThreadNew                              0x08007269   Thumb Code   186  cmsis_os2.o(.text.osThreadNew)
    pvPortMalloc                             0x08007a71   Thumb Code   414  heap_4.o(.text.pvPortMalloc)
    pxPortInitialiseStack                    0x08007c11   Thumb Code    44  port.o(.text.pxPortInitialiseStack)
    uxListRemove                             0x08007c41   Thumb Code    42  list.o(.text.uxListRemove)
    vApplicationGetIdleTaskMemory            0x08007c71   Thumb Code    26  cmsis_os2.o(.text.vApplicationGetIdleTaskMemory)
    vApplicationGetTimerTaskMemory           0x08007c91   Thumb Code    28  cmsis_os2.o(.text.vApplicationGetTimerTaskMemory)
    vListInitialise                          0x08007cb1   Thumb Code    22  list.o(.text.vListInitialise)
    vListInitialiseItem                      0x08007cc9   Thumb Code     6  list.o(.text.vListInitialiseItem)
    vListInsert                              0x08007cd1   Thumb Code    58  list.o(.text.vListInsert)
    vListInsertEnd                           0x08007d11   Thumb Code    28  list.o(.text.vListInsertEnd)
    vPortEnterCritical                       0x08007d49   Thumb Code    74  port.o(.text.vPortEnterCritical)
    vPortExitCritical                        0x08007d99   Thumb Code    46  port.o(.text.vPortExitCritical)
    vPortFree                                0x08007dc9   Thumb Code   210  heap_4.o(.text.vPortFree)
    vPortSetupTimerInterrupt                 0x08007ea1   Thumb Code    52  port.o(.text.vPortSetupTimerInterrupt)
    vQueueAddToRegistry                      0x08007ed9   Thumb Code    38  queue.o(.text.vQueueAddToRegistry)
    vQueueWaitForMessageRestricted           0x08007f01   Thumb Code    70  queue.o(.text.vQueueWaitForMessageRestricted)
    vTaskDelay                               0x08007f49   Thumb Code   166  tasks.o(.text.vTaskDelay)
    vTaskInternalSetTimeOutState             0x08007ff1   Thumb Code    26  tasks.o(.text.vTaskInternalSetTimeOutState)
    vTaskMissedYield                         0x08008011   Thumb Code    14  tasks.o(.text.vTaskMissedYield)
    vTaskPlaceOnEventList                    0x08008021   Thumb Code    54  tasks.o(.text.vTaskPlaceOnEventList)
    vTaskPlaceOnEventListRestricted          0x08008059   Thumb Code    62  tasks.o(.text.vTaskPlaceOnEventListRestricted)
    vTaskStartScheduler                      0x08008099   Thumb Code   156  tasks.o(.text.vTaskStartScheduler)
    vTaskSuspendAll                          0x08008141   Thumb Code    16  tasks.o(.text.vTaskSuspendAll)
    vTaskSwitchContext                       0x08008151   Thumb Code   154  tasks.o(.text.vTaskSwitchContext)
    xPortStartScheduler                      0x080081f1   Thumb Code   306  port.o(.text.xPortStartScheduler)
    xPortSysTickHandler                      0x08008329   Thumb Code    46  port.o(.text.xPortSysTickHandler)
    xQueueGenericCreateStatic                0x08008359   Thumb Code   218  queue.o(.text.xQueueGenericCreateStatic)
    xQueueGenericSend                        0x08008439   Thumb Code   530  queue.o(.text.xQueueGenericSend)
    xQueueReceive                            0x08008651   Thumb Code   424  queue.o(.text.xQueueReceive)
    xTaskCheckForTimeOut                     0x080087f9   Thumb Code   140  tasks.o(.text.xTaskCheckForTimeOut)
    xTaskCreate                              0x08008889   Thumb Code   222  tasks.o(.text.xTaskCreate)
    xTaskCreateStatic                        0x08008969   Thumb Code   246  tasks.o(.text.xTaskCreateStatic)
    xTaskGetSchedulerState                   0x08008a61   Thumb Code    36  tasks.o(.text.xTaskGetSchedulerState)
    xTaskGetTickCount                        0x08008a89   Thumb Code    12  tasks.o(.text.xTaskGetTickCount)
    xTaskIncrementTick                       0x08008a99   Thumb Code   366  tasks.o(.text.xTaskIncrementTick)
    xTaskPriorityDisinherit                  0x08008c09   Thumb Code   146  tasks.o(.text.xTaskPriorityDisinherit)
    xTaskRemoveFromEventList                 0x08008ca1   Thumb Code   142  tasks.o(.text.xTaskRemoveFromEventList)
    xTaskResumeAll                           0x08008d31   Thumb Code   308  tasks.o(.text.xTaskResumeAll)
    xTimerCreateTimerTask                    0x08008e69   Thumb Code   108  timers.o(.text.xTimerCreateTimerTask)
    _fp_init                                 0x08008edd   Thumb Code    26  fpinit.o(x$fpl$fpinit)
    __fplib_config_fpu_vfp                   0x08008ef5   Thumb Code     0  fpinit.o(x$fpl$fpinit)
    __fplib_config_pureend_doubles           0x08008ef5   Thumb Code     0  fpinit.o(x$fpl$fpinit)
    BoardcommTask_attributes                 0x08008f50   Data          36  freertos.o(.rodata.BoardcommTask_attributes)
    D1CorePrescTable                         0x08008f74   Data          16  system_stm32h7xx.o(.rodata.D1CorePrescTable)
    SBUSTask_attributes                      0x08008f84   Data          36  freertos.o(.rodata.SBUSTask_attributes)
    UARTPrescTable                           0x08008fa8   Data          24  stm32h7xx_hal_uart.o(.rodata.UARTPrescTable)
    defaultTask_attributes                   0x08008fe0   Data          36  freertos.o(.rodata.defaultTask_attributes)
    Region$$Table$$Base                      0x08009028   Number         0  anon$$obj.o(Region$$Table)
    Region$$Table$$Limit                     0x08009048   Number         0  anon$$obj.o(Region$$Table)
    Can_Fun                                  0x24000000   Data          12  bsp_fdcan.o(.data.Can_Fun)
    SystemCoreClock                          0x2400000c   Data           4  system_stm32h7xx.o(.data.SystemCoreClock)
    SystemD2Clock                            0x24000010   Data           4  system_stm32h7xx.o(.data.SystemD2Clock)
    uwTickFreq                               0x24000014   Data           1  stm32h7xx_hal.o(.data.uwTickFreq)
    uwTickPrio                               0x24000018   Data           4  stm32h7xx_hal.o(.data.uwTickPrio)
    __libspace_start                         0x24000020   Data          96  libspace.o(.bss)
    BoardcommTaskHandle                      0x24000080   Data           4  freertos.o(.bss.BoardcommTaskHandle)
    __temporary_stack_top$libspace           0x24000080   Data           0  libspace.o(.bss)
    SBUS                                     0x240000a4   Data          36  sbus.o(.bss.SBUS)
    SBUSTaskHandle                           0x240000c8   Data           4  freertos.o(.bss.SBUSTaskHandle)
    SBUS_RXBuffer                            0x240000cc   Data          25  sbus.o(.bss.SBUS_RXBuffer)
    SBUS_RX_Finish                           0x240000e5   Data           1  sbus.o(.bss.SBUS_RX_Finish)
    SBUS_Rx_Data                             0x240000e6   Data          25  sbus.o(.bss.SBUS_Rx_Data)
    board_comm                               0x24000100   Data          36  board_comm.o(.bss.board_comm)
    defaultTaskHandle                        0x24000124   Data           4  freertos.o(.bss.defaultTaskHandle)
    hdma_usart2_rx                           0x24000128   Data         120  usart.o(.bss.hdma_usart2_rx)
    hdma_usart2_tx                           0x240001a0   Data         120  usart.o(.bss.hdma_usart2_tx)
    hfdcan1                                  0x24000218   Data         160  fdcan.o(.bss.hfdcan1)
    hfdcan2                                  0x240002b8   Data         160  fdcan.o(.bss.hfdcan2)
    htim3                                    0x24000358   Data          76  stm32h7xx_hal_timebase_tim.o(.bss.htim3)
    huart2                                   0x240003a4   Data         148  usart.o(.bss.huart2)
    pxCurrentTCB                             0x2400052c   Data           4  tasks.o(.bss.pxCurrentTCB)
    uwTick                                   0x240045ac   Data           4  stm32h7xx_hal.o(.bss.uwTick)
    xQueueRegistry                           0x24004d04   Data          64  queue.o(.bss.xQueueRegistry)



==============================================================================

Memory Map of the image

  Image Entry point : 0x08000299

  Load Region LR_IROM1 (Base: 0x08000000, Size: 0x00009068, Max: 0x00200000, ABSOLUTE)

    Execution Region ER_IROM1 (Exec base: 0x08000000, Load base: 0x08000000, Size: 0x00009048, Max: 0x00200000, ABSOLUTE)

    Exec Addr    Load Addr    Size         Type   Attr      Idx    E Section Name        Object

    0x08000000   0x08000000   0x00000298   Data   RO            3    RESET               startup_stm32h743xx.o
    0x08000298   0x08000298   0x00000008   Code   RO         2425  * !!!main             c_w.l(__main.o)
    0x080002a0   0x080002a0   0x0000005c   Code   RO         2602    !!!scatter          c_w.l(__scatter.o)
    0x080002fc   0x080002fc   0x0000001a   Code   RO         2606    !!handler_copy      c_w.l(__scatter_copy.o)
    0x08000316   0x08000316   0x00000002   PAD
    0x08000318   0x08000318   0x00000002   Code   RO         2603    !!handler_null      c_w.l(__scatter.o)
    0x0800031a   0x0800031a   0x00000002   PAD
    0x0800031c   0x0800031c   0x0000001c   Code   RO         2608    !!handler_zi        c_w.l(__scatter_zi.o)
    0x08000338   0x08000338   0x00000002   Code   RO         2464    .ARM.Collect$$libinit$$00000000  c_w.l(libinit.o)
    0x0800033a   0x0800033a   0x00000004   Code   RO         2476    .ARM.Collect$$libinit$$00000001  c_w.l(libinit2.o)
    0x0800033e   0x0800033e   0x00000000   Code   RO         2479    .ARM.Collect$$libinit$$00000004  c_w.l(libinit2.o)
    0x0800033e   0x0800033e   0x00000000   Code   RO         2481    .ARM.Collect$$libinit$$00000006  c_w.l(libinit2.o)
    0x0800033e   0x0800033e   0x00000000   Code   RO         2484    .ARM.Collect$$libinit$$0000000C  c_w.l(libinit2.o)
    0x0800033e   0x0800033e   0x00000000   Code   RO         2486    .ARM.Collect$$libinit$$0000000E  c_w.l(libinit2.o)
    0x0800033e   0x0800033e   0x00000000   Code   RO         2488    .ARM.Collect$$libinit$$00000010  c_w.l(libinit2.o)
    0x0800033e   0x0800033e   0x00000000   Code   RO         2491    .ARM.Collect$$libinit$$00000013  c_w.l(libinit2.o)
    0x0800033e   0x0800033e   0x00000000   Code   RO         2493    .ARM.Collect$$libinit$$00000015  c_w.l(libinit2.o)
    0x0800033e   0x0800033e   0x00000000   Code   RO         2495    .ARM.Collect$$libinit$$00000017  c_w.l(libinit2.o)
    0x0800033e   0x0800033e   0x00000000   Code   RO         2497    .ARM.Collect$$libinit$$00000019  c_w.l(libinit2.o)
    0x0800033e   0x0800033e   0x00000000   Code   RO         2499    .ARM.Collect$$libinit$$0000001B  c_w.l(libinit2.o)
    0x0800033e   0x0800033e   0x00000000   Code   RO         2501    .ARM.Collect$$libinit$$0000001D  c_w.l(libinit2.o)
    0x0800033e   0x0800033e   0x00000000   Code   RO         2503    .ARM.Collect$$libinit$$0000001F  c_w.l(libinit2.o)
    0x0800033e   0x0800033e   0x00000000   Code   RO         2505    .ARM.Collect$$libinit$$00000021  c_w.l(libinit2.o)
    0x0800033e   0x0800033e   0x00000000   Code   RO         2507    .ARM.Collect$$libinit$$00000023  c_w.l(libinit2.o)
    0x0800033e   0x0800033e   0x00000000   Code   RO         2509    .ARM.Collect$$libinit$$00000025  c_w.l(libinit2.o)
    0x0800033e   0x0800033e   0x00000000   Code   RO         2511    .ARM.Collect$$libinit$$00000027  c_w.l(libinit2.o)
    0x0800033e   0x0800033e   0x00000000   Code   RO         2515    .ARM.Collect$$libinit$$0000002E  c_w.l(libinit2.o)
    0x0800033e   0x0800033e   0x00000000   Code   RO         2517    .ARM.Collect$$libinit$$00000030  c_w.l(libinit2.o)
    0x0800033e   0x0800033e   0x00000000   Code   RO         2519    .ARM.Collect$$libinit$$00000032  c_w.l(libinit2.o)
    0x0800033e   0x0800033e   0x00000000   Code   RO         2521    .ARM.Collect$$libinit$$00000034  c_w.l(libinit2.o)
    0x0800033e   0x0800033e   0x00000002   Code   RO         2522    .ARM.Collect$$libinit$$00000035  c_w.l(libinit2.o)
    0x08000340   0x08000340   0x00000002   Code   RO         2557    .ARM.Collect$$libshutdown$$00000000  c_w.l(libshutdown.o)
    0x08000342   0x08000342   0x00000000   Code   RO         2585    .ARM.Collect$$libshutdown$$00000002  c_w.l(libshutdown2.o)
    0x08000342   0x08000342   0x00000000   Code   RO         2587    .ARM.Collect$$libshutdown$$00000004  c_w.l(libshutdown2.o)
    0x08000342   0x08000342   0x00000000   Code   RO         2590    .ARM.Collect$$libshutdown$$00000007  c_w.l(libshutdown2.o)
    0x08000342   0x08000342   0x00000000   Code   RO         2593    .ARM.Collect$$libshutdown$$0000000A  c_w.l(libshutdown2.o)
    0x08000342   0x08000342   0x00000000   Code   RO         2595    .ARM.Collect$$libshutdown$$0000000C  c_w.l(libshutdown2.o)
    0x08000342   0x08000342   0x00000000   Code   RO         2598    .ARM.Collect$$libshutdown$$0000000F  c_w.l(libshutdown2.o)
    0x08000342   0x08000342   0x00000002   Code   RO         2599    .ARM.Collect$$libshutdown$$00000010  c_w.l(libshutdown2.o)
    0x08000344   0x08000344   0x00000000   Code   RO         2427    .ARM.Collect$$rtentry$$00000000  c_w.l(__rtentry.o)
    0x08000344   0x08000344   0x00000000   Code   RO         2435    .ARM.Collect$$rtentry$$00000002  c_w.l(__rtentry2.o)
    0x08000344   0x08000344   0x00000006   Code   RO         2447    .ARM.Collect$$rtentry$$00000004  c_w.l(__rtentry4.o)
    0x0800034a   0x0800034a   0x00000000   Code   RO         2437    .ARM.Collect$$rtentry$$00000009  c_w.l(__rtentry2.o)
    0x0800034a   0x0800034a   0x00000004   Code   RO         2438    .ARM.Collect$$rtentry$$0000000A  c_w.l(__rtentry2.o)
    0x0800034e   0x0800034e   0x00000000   Code   RO         2440    .ARM.Collect$$rtentry$$0000000C  c_w.l(__rtentry2.o)
    0x0800034e   0x0800034e   0x00000008   Code   RO         2441    .ARM.Collect$$rtentry$$0000000D  c_w.l(__rtentry2.o)
    0x08000356   0x08000356   0x00000002   Code   RO         2468    .ARM.Collect$$rtexit$$00000000  c_w.l(rtexit.o)
    0x08000358   0x08000358   0x00000000   Code   RO         2528    .ARM.Collect$$rtexit$$00000002  c_w.l(rtexit2.o)
    0x08000358   0x08000358   0x00000004   Code   RO         2529    .ARM.Collect$$rtexit$$00000003  c_w.l(rtexit2.o)
    0x0800035c   0x0800035c   0x00000006   Code   RO         2530    .ARM.Collect$$rtexit$$00000004  c_w.l(rtexit2.o)
    0x08000362   0x08000362   0x00000002   PAD
    0x08000364   0x08000364   0x00000040   Code   RO            4    .text               startup_stm32h743xx.o
    0x080003a4   0x080003a4   0x000000f0   Code   RO         2411    .text               c_w.l(lludivv7m.o)
    0x08000494   0x08000494   0x0000008a   Code   RO         2413    .text               c_w.l(rt_memcpy_v6.o)
    0x0800051e   0x0800051e   0x00000010   Code   RO         2417    .text               c_w.l(aeabi_memset4.o)
    0x0800052e   0x0800052e   0x0000004e   Code   RO         2421    .text               c_w.l(rt_memclr_w.o)
    0x0800057c   0x0800057c   0x00000006   Code   RO         2423    .text               c_w.l(heapauxi.o)
    0x08000582   0x08000582   0x00000064   Code   RO         2432    .text               c_w.l(rt_memcpy_w.o)
    0x080005e6   0x080005e6   0x0000004a   Code   RO         2451    .text               c_w.l(sys_stackheap_outer.o)
    0x08000630   0x08000630   0x00000012   Code   RO         2453    .text               c_w.l(exit.o)
    0x08000642   0x08000642   0x00000002   PAD
    0x08000644   0x08000644   0x00000008   Code   RO         2465    .text               c_w.l(libspace.o)
    0x0800064c   0x0800064c   0x0000000c   Code   RO         2523    .text               c_w.l(sys_exit.o)
    0x08000658   0x08000658   0x00000002   Code   RO         2546    .text               c_w.l(use_no_semi.o)
    0x0800065a   0x0800065a   0x00000000   Code   RO         2548    .text               c_w.l(indicate_semi.o)
    0x0800065a   0x0800065a   0x00000006   PAD
    0x08000660   0x08000660   0x00000018   Code   RO         2395    .text.BoardCommInit  board_comm.o
    0x08000678   0x08000678   0x00000008   Code   RO         2399    .text.BoardCommReceive  board_comm.o
    0x08000680   0x08000680   0x00000058   Code   RO         2397    .text.BoardCommSend  board_comm.o
    0x080006d8   0x080006d8   0x00000002   Code   RO          110    .text.BusFault_Handler  stm32h7xx_it.o
    0x080006da   0x080006da   0x00000006   PAD
    0x080006e0   0x080006e0   0x0000001e   Code   RO         2366    .text.Control_Cheak  sbus.o
    0x080006fe   0x080006fe   0x00000002   PAD
    0x08000700   0x08000700   0x0000000c   Code   RO          116    .text.DMA1_Stream0_IRQHandler  stm32h7xx_it.o
    0x0800070c   0x0800070c   0x00000004   PAD
    0x08000710   0x08000710   0x0000000c   Code   RO          118    .text.DMA1_Stream1_IRQHandler  stm32h7xx_it.o
    0x0800071c   0x0800071c   0x00000004   PAD
    0x08000720   0x08000720   0x00000118   Code   RO          644    .text.DMA_CalcBaseAndBitshift  stm32h7xx_hal_dma.o
    0x08000838   0x08000838   0x000002f4   Code   RO          650    .text.DMA_SetConfig  stm32h7xx_hal_dma.o
    0x08000b2c   0x08000b2c   0x00000004   PAD
    0x08000b30   0x08000b30   0x000000e4   Code   RO         2344    .text.DWT_GetTimeline_ms  bsp_dwt.o
    0x08000c14   0x08000c14   0x00000004   PAD
    0x08000c18   0x08000c18   0x00000002   Code   RO          114    .text.DebugMon_Handler  stm32h7xx_it.o
    0x08000c1a   0x08000c1a   0x00000006   PAD
    0x08000c20   0x08000c20   0x0000000a   Code   RO           15    .text.Error_Handler  main.o
    0x08000c2a   0x08000c2a   0x00000006   PAD
    0x08000c30   0x08000c30   0x0000000c   Code   RO          120    .text.FDCAN1_IT0_IRQHandler  stm32h7xx_it.o
    0x08000c3c   0x08000c3c   0x00000004   PAD
    0x08000c40   0x08000c40   0x0000000c   Code   RO          124    .text.FDCAN1_IT1_IRQHandler  stm32h7xx_it.o
    0x08000c4c   0x08000c4c   0x00000004   PAD
    0x08000c50   0x08000c50   0x0000000c   Code   RO          122    .text.FDCAN2_IT0_IRQHandler  stm32h7xx_it.o
    0x08000c5c   0x08000c5c   0x00000004   PAD
    0x08000c60   0x08000c60   0x0000000c   Code   RO          126    .text.FDCAN2_IT1_IRQHandler  stm32h7xx_it.o
    0x08000c6c   0x08000c6c   0x00000004   PAD
    0x08000c70   0x08000c70   0x0000007a   Code   RO          287    .text.FDCAN_CopyMessageToRAM  stm32h7xx_hal_fdcan.o
    0x08000cea   0x08000cea   0x00000006   PAD
    0x08000cf0   0x08000cf0   0x000004ec   Code   RO          654    .text.HAL_DMA_Abort  stm32h7xx_hal_dma.o
    0x080011dc   0x080011dc   0x00000004   PAD
    0x080011e0   0x080011e0   0x0000029c   Code   RO          656    .text.HAL_DMA_Abort_IT  stm32h7xx_hal_dma.o
    0x0800147c   0x0800147c   0x00000004   PAD
    0x08001480   0x08001480   0x00000a7c   Code   RO          660    .text.HAL_DMA_IRQHandler  stm32h7xx_hal_dma.o
    0x08001efc   0x08001efc   0x00000004   PAD
    0x08001f00   0x08001f00   0x0000061e   Code   RO          642    .text.HAL_DMA_Init  stm32h7xx_hal_dma.o
    0x0800251e   0x0800251e   0x00000002   PAD
    0x08002520   0x08002520   0x00000382   Code   RO          652    .text.HAL_DMA_Start_IT  stm32h7xx_hal_dma.o
    0x080028a2   0x080028a2   0x00000006   PAD
    0x080028a8   0x080028a8   0x00000078   Code   RO          365    .text.HAL_FDCAN_ActivateNotification  stm32h7xx_hal_fdcan.o
    0x08002920   0x08002920   0x00000066   Code   RO          285    .text.HAL_FDCAN_AddMessageToTxFifoQ  stm32h7xx_hal_fdcan.o
    0x08002986   0x08002986   0x00000002   PAD
    0x08002988   0x08002988   0x00000002   Code   RO          379    .text.HAL_FDCAN_ClockCalibrationCallback  stm32h7xx_hal_fdcan.o
    0x0800298a   0x0800298a   0x00000006   PAD
    0x08002990   0x08002990   0x00000088   Code   RO          237    .text.HAL_FDCAN_ConfigFilter  stm32h7xx_hal_fdcan.o
    0x08002a18   0x08002a18   0x00000036   Code   RO          239    .text.HAL_FDCAN_ConfigGlobalFilter  stm32h7xx_hal_fdcan.o
    0x08002a4e   0x08002a4e   0x00000002   PAD
    0x08002a50   0x08002a50   0x00000002   Code   RO          407    .text.HAL_FDCAN_ErrorCallback  stm32h7xx_hal_fdcan.o
    0x08002a52   0x08002a52   0x00000006   PAD
    0x08002a58   0x08002a58   0x00000002   Code   RO          397    .text.HAL_FDCAN_ErrorStatusCallback  stm32h7xx_hal_fdcan.o
    0x08002a5a   0x08002a5a   0x00000006   PAD
    0x08002a60   0x08002a60   0x00000194   Code   RO          297    .text.HAL_FDCAN_GetRxMessage  stm32h7xx_hal_fdcan.o
    0x08002bf4   0x08002bf4   0x00000004   PAD
    0x08002bf8   0x08002bf8   0x00000002   Code   RO          375    .text.HAL_FDCAN_HighPriorityMessageCallback  stm32h7xx_hal_fdcan.o
    0x08002bfa   0x08002bfa   0x00000006   PAD
    0x08002c00   0x08002c00   0x00000316   Code   RO          373    .text.HAL_FDCAN_IRQHandler  stm32h7xx_hal_fdcan.o
    0x08002f16   0x08002f16   0x00000002   PAD
    0x08002f18   0x08002f18   0x000003c6   Code   RO          215    .text.HAL_FDCAN_Init  stm32h7xx_hal_fdcan.o
    0x080032de   0x080032de   0x00000002   PAD
    0x080032e0   0x080032e0   0x00000148   Code   RO           71    .text.HAL_FDCAN_MspInit  fdcan.o
    0x08003428   0x08003428   0x00000002   Code   RO          391    .text.HAL_FDCAN_RxBufferNewMessageCallback  stm32h7xx_hal_fdcan.o
    0x0800342a   0x0800342a   0x00000006   PAD
    0x08003430   0x08003430   0x00000070   Code   RO         2323    .text.HAL_FDCAN_RxFifo0Callback  bsp_fdcan.o
    0x080034a0   0x080034a0   0x00000002   Code   RO          385    .text.HAL_FDCAN_RxFifo1Callback  stm32h7xx_hal_fdcan.o
    0x080034a2   0x080034a2   0x00000006   PAD
    0x080034a8   0x080034a8   0x00000032   Code   RO          283    .text.HAL_FDCAN_Start  stm32h7xx_hal_fdcan.o
    0x080034da   0x080034da   0x00000006   PAD
    0x080034e0   0x080034e0   0x00000002   Code   RO          405    .text.HAL_FDCAN_TT_GlobalTimeCallback  stm32h7xx_hal_fdcan.o
    0x080034e2   0x080034e2   0x00000006   PAD
    0x080034e8   0x080034e8   0x00000002   Code   RO          399    .text.HAL_FDCAN_TT_ScheduleSyncCallback  stm32h7xx_hal_fdcan.o
    0x080034ea   0x080034ea   0x00000006   PAD
    0x080034f0   0x080034f0   0x00000002   Code   RO          403    .text.HAL_FDCAN_TT_StopWatchCallback  stm32h7xx_hal_fdcan.o
    0x080034f2   0x080034f2   0x00000006   PAD
    0x080034f8   0x080034f8   0x00000002   Code   RO          401    .text.HAL_FDCAN_TT_TimeMarkCallback  stm32h7xx_hal_fdcan.o
    0x080034fa   0x080034fa   0x00000006   PAD
    0x08003500   0x08003500   0x00000002   Code   RO          395    .text.HAL_FDCAN_TimeoutOccurredCallback  stm32h7xx_hal_fdcan.o
    0x08003502   0x08003502   0x00000006   PAD
    0x08003508   0x08003508   0x00000002   Code   RO          393    .text.HAL_FDCAN_TimestampWraparoundCallback  stm32h7xx_hal_fdcan.o
    0x0800350a   0x0800350a   0x00000006   PAD
    0x08003510   0x08003510   0x00000002   Code   RO          377    .text.HAL_FDCAN_TxBufferAbortCallback  stm32h7xx_hal_fdcan.o
    0x08003512   0x08003512   0x00000006   PAD
    0x08003518   0x08003518   0x00000002   Code   RO          389    .text.HAL_FDCAN_TxBufferCompleteCallback  stm32h7xx_hal_fdcan.o
    0x0800351a   0x0800351a   0x00000006   PAD
    0x08003520   0x08003520   0x00000002   Code   RO          381    .text.HAL_FDCAN_TxEventFifoCallback  stm32h7xx_hal_fdcan.o
    0x08003522   0x08003522   0x00000006   PAD
    0x08003528   0x08003528   0x00000002   Code   RO          387    .text.HAL_FDCAN_TxFifoEmptyCallback  stm32h7xx_hal_fdcan.o
    0x0800352a   0x0800352a   0x00000006   PAD
    0x08003530   0x08003530   0x0000019e   Code   RO          588    .text.HAL_GPIO_Init  stm32h7xx_hal_gpio.o
    0x080036ce   0x080036ce   0x00000002   PAD
    0x080036d0   0x080036d0   0x0000000e   Code   RO          908    .text.HAL_GetREVID  stm32h7xx_hal.o
    0x080036de   0x080036de   0x00000002   PAD
    0x080036e0   0x080036e0   0x0000000c   Code   RO          892    .text.HAL_GetTick   stm32h7xx_hal.o
    0x080036ec   0x080036ec   0x00000004   PAD
    0x080036f0   0x080036f0   0x0000001a   Code   RO          890    .text.HAL_IncTick   stm32h7xx_hal.o
    0x0800370a   0x0800370a   0x00000006   PAD
    0x08003710   0x08003710   0x00000064   Code   RO          880    .text.HAL_Init      stm32h7xx_hal.o
    0x08003774   0x08003774   0x00000004   PAD
    0x08003778   0x08003778   0x000000a8   Code   RO          148    .text.HAL_InitTick  stm32h7xx_hal_timebase_tim.o
    0x08003820   0x08003820   0x0000002a   Code   RO          139    .text.HAL_MspInit   stm32h7xx_hal_msp.o
    0x0800384a   0x0800384a   0x00000006   PAD
    0x08003850   0x08003850   0x00000020   Code   RO          167    .text.HAL_NVIC_EnableIRQ  stm32h7xx_hal_cortex.o
    0x08003870   0x08003870   0x0000005a   Code   RO          165    .text.HAL_NVIC_SetPriority  stm32h7xx_hal_cortex.o
    0x080038ca   0x080038ca   0x00000006   PAD
    0x080038d0   0x080038d0   0x00000020   Code   RO          163    .text.HAL_NVIC_SetPriorityGrouping  stm32h7xx_hal_cortex.o
    0x080038f0   0x080038f0   0x00000048   Code   RO          792    .text.HAL_PWREx_ConfigSupply  stm32h7xx_hal_pwr_ex.o
    0x08003938   0x08003938   0x00000026   Code   RO          475    .text.HAL_RCCEx_GetD3PCLK1Freq  stm32h7xx_hal_rcc_ex.o
    0x0800395e   0x0800395e   0x00000002   PAD
    0x08003960   0x08003960   0x00000128   Code   RO          471    .text.HAL_RCCEx_GetPLL2ClockFreq  stm32h7xx_hal_rcc_ex.o
    0x08003a88   0x08003a88   0x00000128   Code   RO          473    .text.HAL_RCCEx_GetPLL3ClockFreq  stm32h7xx_hal_rcc_ex.o
    0x08003bb0   0x08003bb0   0x00000a0c   Code   RO          459    .text.HAL_RCCEx_PeriphCLKConfig  stm32h7xx_hal_rcc_ex.o
    0x080045bc   0x080045bc   0x00000004   PAD
    0x080045c0   0x080045c0   0x00000258   Code   RO          427    .text.HAL_RCC_ClockConfig  stm32h7xx_hal_rcc.o
    0x08004818   0x08004818   0x00000058   Code   RO          445    .text.HAL_RCC_GetClockConfig  stm32h7xx_hal_rcc.o
    0x08004870   0x08004870   0x0000004c   Code   RO          437    .text.HAL_RCC_GetHCLKFreq  stm32h7xx_hal_rcc.o
    0x080048bc   0x080048bc   0x00000004   PAD
    0x080048c0   0x080048c0   0x00000060   Code   RO          439    .text.HAL_RCC_GetPCLK1Freq  stm32h7xx_hal_rcc.o
    0x08004920   0x08004920   0x00000060   Code   RO          441    .text.HAL_RCC_GetPCLK2Freq  stm32h7xx_hal_rcc.o
    0x08004980   0x08004980   0x0000010c   Code   RO          429    .text.HAL_RCC_GetSysClockFreq  stm32h7xx_hal_rcc.o
    0x08004a8c   0x08004a8c   0x00000004   PAD
    0x08004a90   0x08004a90   0x00000636   Code   RO          425    .text.HAL_RCC_OscConfig  stm32h7xx_hal_rcc.o
    0x080050c6   0x080050c6   0x00000002   PAD
    0x080050c8   0x080050c8   0x00000002   Code   RO         1500    .text.HAL_TIMEx_Break2Callback  stm32h7xx_hal_tim_ex.o
    0x080050ca   0x080050ca   0x00000006   PAD
    0x080050d0   0x080050d0   0x00000002   Code   RO         1498    .text.HAL_TIMEx_BreakCallback  stm32h7xx_hal_tim_ex.o
    0x080050d2   0x080050d2   0x00000006   PAD
    0x080050d8   0x080050d8   0x00000002   Code   RO         1494    .text.HAL_TIMEx_CommutCallback  stm32h7xx_hal_tim_ex.o
    0x080050da   0x080050da   0x00000006   PAD
    0x080050e0   0x080050e0   0x00000060   Code   RO         1187    .text.HAL_TIM_Base_Init  stm32h7xx_hal_tim.o
    0x08005140   0x08005140   0x00000002   Code   RO         1189    .text.HAL_TIM_Base_MspInit  stm32h7xx_hal_tim.o
    0x08005142   0x08005142   0x00000006   PAD
    0x08005148   0x08005148   0x000000b2   Code   RO         1201    .text.HAL_TIM_Base_Start_IT  stm32h7xx_hal_tim.o
    0x080051fa   0x080051fa   0x00000006   PAD
    0x08005200   0x08005200   0x00000002   Code   RO         1323    .text.HAL_TIM_IC_CaptureCallback  stm32h7xx_hal_tim.o
    0x08005202   0x08005202   0x00000006   PAD
    0x08005208   0x08005208   0x00000166   Code   RO         1321    .text.HAL_TIM_IRQHandler  stm32h7xx_hal_tim.o
    0x0800536e   0x0800536e   0x00000002   PAD
    0x08005370   0x08005370   0x00000002   Code   RO         1325    .text.HAL_TIM_OC_DelayElapsedCallback  stm32h7xx_hal_tim.o
    0x08005372   0x08005372   0x00000006   PAD
    0x08005378   0x08005378   0x00000002   Code   RO         1327    .text.HAL_TIM_PWM_PulseFinishedCallback  stm32h7xx_hal_tim.o
    0x0800537a   0x0800537a   0x00000006   PAD
    0x08005380   0x08005380   0x00000014   Code   RO           17    .text.HAL_TIM_PeriodElapsedCallback  main.o
    0x08005394   0x08005394   0x00000004   PAD
    0x08005398   0x08005398   0x00000002   Code   RO         1331    .text.HAL_TIM_TriggerCallback  stm32h7xx_hal_tim.o
    0x0800539a   0x0800539a   0x00000006   PAD
    0x080053a0   0x080053a0   0x00000036   Code   RO         1677    .text.HAL_UARTEx_DisableFifoMode  stm32h7xx_hal_uart_ex.o
    0x080053d6   0x080053d6   0x00000002   PAD
    0x080053d8   0x080053d8   0x00000056   Code   RO         1687    .text.HAL_UARTEx_ReceiveToIdle_DMA  stm32h7xx_hal_uart_ex.o
    0x0800542e   0x0800542e   0x00000002   PAD
    0x08005430   0x08005430   0x0000005a   Code   RO         2385    .text.HAL_UARTEx_RxEventCallback  task_manager.o
    0x0800548a   0x0800548a   0x00000006   PAD
    0x08005490   0x08005490   0x00000002   Code   RO         1663    .text.HAL_UARTEx_RxFifoFullCallback  stm32h7xx_hal_uart_ex.o
    0x08005492   0x08005492   0x00000006   PAD
    0x08005498   0x08005498   0x00000096   Code   RO         1681    .text.HAL_UARTEx_SetRxFifoThreshold  stm32h7xx_hal_uart_ex.o
    0x0800552e   0x0800552e   0x00000002   PAD
    0x08005530   0x08005530   0x00000096   Code   RO         1679    .text.HAL_UARTEx_SetTxFifoThreshold  stm32h7xx_hal_uart_ex.o
    0x080055c6   0x080055c6   0x00000002   PAD
    0x080055c8   0x080055c8   0x00000002   Code   RO         1665    .text.HAL_UARTEx_TxFifoEmptyCallback  stm32h7xx_hal_uart_ex.o
    0x080055ca   0x080055ca   0x00000006   PAD
    0x080055d0   0x080055d0   0x00000002   Code   RO         1661    .text.HAL_UARTEx_WakeupCallback  stm32h7xx_hal_uart_ex.o
    0x080055d2   0x080055d2   0x00000006   PAD
    0x080055d8   0x080055d8   0x00000002   Code   RO         1602    .text.HAL_UART_ErrorCallback  stm32h7xx_hal_uart.o
    0x080055da   0x080055da   0x00000006   PAD
    0x080055e0   0x080055e0   0x00000466   Code   RO         1598    .text.HAL_UART_IRQHandler  stm32h7xx_hal_uart.o
    0x08005a46   0x08005a46   0x00000002   PAD
    0x08005a48   0x08005a48   0x00000064   Code   RO         1514    .text.HAL_UART_Init  stm32h7xx_hal_uart.o
    0x08005aac   0x08005aac   0x00000004   PAD
    0x08005ab0   0x08005ab0   0x00000116   Code   RO           89    .text.HAL_UART_MspInit  usart.o
    0x08005bc6   0x08005bc6   0x00000002   PAD
    0x08005bc8   0x08005bc8   0x00000002   Code   RO         1610    .text.HAL_UART_RxCpltCallback  stm32h7xx_hal_uart.o
    0x08005bca   0x08005bca   0x00000006   PAD
    0x08005bd0   0x08005bd0   0x00000002   Code   RO         1612    .text.HAL_UART_RxHalfCpltCallback  stm32h7xx_hal_uart.o
    0x08005bd2   0x08005bd2   0x00000006   PAD
    0x08005bd8   0x08005bd8   0x00000002   Code   RO         1606    .text.HAL_UART_TxCpltCallback  stm32h7xx_hal_uart.o
    0x08005bda   0x08005bda   0x00000006   PAD
    0x08005be0   0x08005be0   0x00000002   Code   RO          106    .text.HardFault_Handler  stm32h7xx_it.o
    0x08005be2   0x08005be2   0x00000006   PAD
    0x08005be8   0x08005be8   0x00000044   Code   RO           58    .text.MX_DMA_Init   dma.o
    0x08005c2c   0x08005c2c   0x00000004   PAD
    0x08005c30   0x08005c30   0x00000072   Code   RO           67    .text.MX_FDCAN1_Init  fdcan.o
    0x08005ca2   0x08005ca2   0x00000006   PAD
    0x08005ca8   0x08005ca8   0x00000076   Code   RO           69    .text.MX_FDCAN2_Init  fdcan.o
    0x08005d1e   0x08005d1e   0x00000002   PAD
    0x08005d20   0x08005d20   0x00000064   Code   RO           36    .text.MX_FREERTOS_Init  freertos.o
    0x08005d84   0x08005d84   0x00000004   PAD
    0x08005d88   0x08005d88   0x00000044   Code   RO           28    .text.MX_GPIO_Init  gpio.o
    0x08005dcc   0x08005dcc   0x00000004   PAD
    0x08005dd0   0x08005dd0   0x00000088   Code   RO           87    .text.MX_USART2_UART_Init  usart.o
    0x08005e58   0x08005e58   0x00000002   Code   RO          108    .text.MemManage_Handler  stm32h7xx_it.o
    0x08005e5a   0x08005e5a   0x00000006   PAD
    0x08005e60   0x08005e60   0x00000002   Code   RO          104    .text.NMI_Handler   stm32h7xx_it.o
    0x08005e62   0x08005e62   0x0000000e   PAD
    0x08005e70   0x08005e70   0x00000064   Code   RO         2300    .text.PendSV_Handler  port.o
    0x08005ed4   0x08005ed4   0x00000004   PAD
    0x08005ed8   0x08005ed8   0x0000011e   Code   RO          461    .text.RCCEx_PLL2_Config  stm32h7xx_hal_rcc_ex.o
    0x08005ff6   0x08005ff6   0x00000002   PAD
    0x08005ff8   0x08005ff8   0x0000011e   Code   RO          463    .text.RCCEx_PLL3_Config  stm32h7xx_hal_rcc_ex.o
    0x08006116   0x08006116   0x00000002   PAD
    0x08006118   0x08006118   0x00000016   Code   RO         2364    .text.SBUS_Init     sbus.o
    0x0800612e   0x0800612e   0x00000002   PAD
    0x08006130   0x08006130   0x00000142   Code   RO         2368    .text.SBUS_Read     sbus.o
    0x08006272   0x08006272   0x00000006   PAD
    0x08006278   0x08006278   0x00000004   Code   RO         2383    .text.SBUS_Task     task_manager.o
    0x0800627c   0x0800627c   0x00000004   PAD
    0x08006280   0x08006280   0x00000024   Code   RO         2284    .text.SVC_Handler   port.o
    0x080062a4   0x080062a4   0x00000004   PAD
    0x080062a8   0x080062a8   0x00000026   Code   RO           42    .text.StartBoardcommTask  freertos.o
    0x080062ce   0x080062ce   0x00000002   PAD
    0x080062d0   0x080062d0   0x00000008   Code   RO           38    .text.StartDefaultTask  freertos.o
    0x080062d8   0x080062d8   0x00000018   Code   RO           40    .text.StartSBUSTask  freertos.o
    0x080062f0   0x080062f0   0x0000001e   Code   RO         2089    .text.SysTick_Handler  cmsis_os2.o
    0x0800630e   0x0800630e   0x00000002   PAD
    0x08006310   0x08006310   0x0000010e   Code   RO           13    .text.SystemClock_Config  main.o
    0x0800641e   0x0800641e   0x00000002   PAD
    0x08006420   0x08006420   0x000000cc   Code   RO         1700    .text.SystemInit    system_stm32h7xx.o
    0x080064ec   0x080064ec   0x00000004   PAD
    0x080064f0   0x080064f0   0x0000000c   Code   RO          128    .text.TIM3_IRQHandler  stm32h7xx_it.o
    0x080064fc   0x080064fc   0x00000004   PAD
    0x08006500   0x08006500   0x0000014c   Code   RO         1191    .text.TIM_Base_SetConfig  stm32h7xx_hal_tim.o
    0x0800664c   0x0800664c   0x00000004   PAD
    0x08006650   0x08006650   0x000000e0   Code   RO         1518    .text.UART_AdvFeatureConfig  stm32h7xx_hal_uart.o
    0x08006730   0x08006730   0x000000b8   Code   RO         1522    .text.UART_CheckIdleState  stm32h7xx_hal_uart.o
    0x080067e8   0x080067e8   0x00000010   Code   RO         1600    .text.UART_DMAAbortOnError  stm32h7xx_hal_uart.o
    0x080067f8   0x080067f8   0x000000c8   Code   RO         1560    .text.UART_DMAError  stm32h7xx_hal_uart.o
    0x080068c0   0x080068c0   0x00000082   Code   RO         1644    .text.UART_DMAReceiveCplt  stm32h7xx_hal_uart.o
    0x08006942   0x08006942   0x00000006   PAD
    0x08006948   0x08006948   0x0000001a   Code   RO         1646    .text.UART_DMARxHalfCplt  stm32h7xx_hal_uart.o
    0x08006962   0x08006962   0x00000006   PAD
    0x08006968   0x08006968   0x0000044c   Code   RO         1520    .text.UART_SetConfig  stm32h7xx_hal_uart.o
    0x08006db4   0x08006db4   0x00000004   PAD
    0x08006db8   0x08006db8   0x000000a0   Code   RO         1564    .text.UART_Start_Receive_DMA  stm32h7xx_hal_uart.o
    0x08006e58   0x08006e58   0x0000013e   Code   RO         1536    .text.UART_WaitOnFlagUntilTimeout  stm32h7xx_hal_uart.o
    0x08006f96   0x08006f96   0x00000002   PAD
    0x08006f98   0x08006f98   0x0000000c   Code   RO          130    .text.USART2_IRQHandler  stm32h7xx_it.o
    0x08006fa4   0x08006fa4   0x00000004   PAD
    0x08006fa8   0x08006fa8   0x00000002   Code   RO          112    .text.UsageFault_Handler  stm32h7xx_it.o
    0x08006faa   0x08006faa   0x00000006   PAD
    0x08006fb0   0x08006fb0   0x000000c0   Code   RO         2381    .text.boardCommunicateTask  task_manager.o
    0x08007070   0x08007070   0x00000078   Code   RO         2317    .text.can_bsp_init  bsp_fdcan.o
    0x080070e8   0x080070e8   0x00000084   Code   RO         2321    .text.fdcanx_receive  bsp_fdcan.o
    0x0800716c   0x0800716c   0x00000004   PAD
    0x08007170   0x08007170   0x0000002a   Code   RO         2319    .text.fdcanx_send_data  bsp_fdcan.o
    0x0800719a   0x0800719a   0x00000006   PAD
    0x080071a0   0x080071a0   0x00000036   Code   RO           11    .text.main          main.o
    0x080071d6   0x080071d6   0x00000002   PAD
    0x080071d8   0x080071d8   0x0000001e   Code   RO         2149    .text.osDelay       cmsis_os2.o
    0x080071f6   0x080071f6   0x00000002   PAD
    0x080071f8   0x080071f8   0x0000002a   Code   RO         2091    .text.osKernelInitialize  cmsis_os2.o
    0x08007222   0x08007222   0x00000006   PAD
    0x08007228   0x08007228   0x0000003c   Code   RO         2097    .text.osKernelStart  cmsis_os2.o
    0x08007264   0x08007264   0x00000004   PAD
    0x08007268   0x08007268   0x000000ba   Code   RO         2113    .text.osThreadNew   cmsis_os2.o
    0x08007322   0x08007322   0x00000006   PAD
    0x08007328   0x08007328   0x00000084   Code   RO         1907    .text.prvAddCurrentTaskToDelayedList  tasks.o
    0x080073ac   0x080073ac   0x00000004   PAD
    0x080073b0   0x080073b0   0x0000011c   Code   RO         1897    .text.prvAddNewTaskToReadyList  tasks.o
    0x080074cc   0x080074cc   0x00000004   PAD
    0x080074d0   0x080074d0   0x0000007c   Code   RO         2034    .text.prvCheckForValidListAndQueue  timers.o
    0x0800754c   0x0800754c   0x00000004   PAD
    0x08007550   0x08007550   0x00000096   Code   RO         1931    .text.prvIdleTask   tasks.o
    0x080075e6   0x080075e6   0x00000002   PAD
    0x080075e8   0x080075e8   0x00000028   Code   RO         2292    .text.prvPortStartFirstTask  port.o
    0x08007610   0x08007610   0x000000ea   Code   RO         2070    .text.prvSampleTimeNow  timers.o
    0x080076fa   0x080076fa   0x00000006   PAD
    0x08007700   0x08007700   0x00000032   Code   RO         2282    .text.prvTaskExitError  port.o
    0x08007732   0x08007732   0x00000006   PAD
    0x08007738   0x08007738   0x000002b6   Code   RO         2036    .text.prvTimerTask  timers.o
    0x080079ee   0x080079ee   0x00000002   PAD
    0x080079f0   0x080079f0   0x0000007a   Code   RO         1796    .text.prvUnlockQueue  queue.o
    0x08007a6a   0x08007a6a   0x00000006   PAD
    0x08007a70   0x08007a70   0x0000019e   Code   RO         2252    .text.pvPortMalloc  heap_4.o
    0x08007c0e   0x08007c0e   0x00000002   PAD
    0x08007c10   0x08007c10   0x0000002c   Code   RO         2280    .text.pxPortInitialiseStack  port.o
    0x08007c3c   0x08007c3c   0x00000004   PAD
    0x08007c40   0x08007c40   0x0000002a   Code   RO         1760    .text.uxListRemove  list.o
    0x08007c6a   0x08007c6a   0x00000006   PAD
    0x08007c70   0x08007c70   0x0000001a   Code   RO         2235    .text.vApplicationGetIdleTaskMemory  cmsis_os2.o
    0x08007c8a   0x08007c8a   0x00000006   PAD
    0x08007c90   0x08007c90   0x0000001c   Code   RO         2237    .text.vApplicationGetTimerTaskMemory  cmsis_os2.o
    0x08007cac   0x08007cac   0x00000004   PAD
    0x08007cb0   0x08007cb0   0x00000016   Code   RO         1752    .text.vListInitialise  list.o
    0x08007cc6   0x08007cc6   0x00000002   PAD
    0x08007cc8   0x08007cc8   0x00000006   Code   RO         1754    .text.vListInitialiseItem  list.o
    0x08007cce   0x08007cce   0x00000002   PAD
    0x08007cd0   0x08007cd0   0x0000003a   Code   RO         1758    .text.vListInsert   list.o
    0x08007d0a   0x08007d0a   0x00000006   PAD
    0x08007d10   0x08007d10   0x0000001c   Code   RO         1756    .text.vListInsertEnd  list.o
    0x08007d2c   0x08007d2c   0x00000004   PAD
    0x08007d30   0x08007d30   0x00000014   Code   RO         2290    .text.vPortEnableVFP  port.o
    0x08007d44   0x08007d44   0x00000004   PAD
    0x08007d48   0x08007d48   0x0000004a   Code   RO         2296    .text.vPortEnterCritical  port.o
    0x08007d92   0x08007d92   0x00000006   PAD
    0x08007d98   0x08007d98   0x0000002e   Code   RO         2298    .text.vPortExitCritical  port.o
    0x08007dc6   0x08007dc6   0x00000002   PAD
    0x08007dc8   0x08007dc8   0x000000d2   Code   RO         2254    .text.vPortFree     heap_4.o
    0x08007e9a   0x08007e9a   0x00000006   PAD
    0x08007ea0   0x08007ea0   0x00000034   Code   RO         2288    .text.vPortSetupTimerInterrupt  port.o
    0x08007ed4   0x08007ed4   0x00000004   PAD
    0x08007ed8   0x08007ed8   0x00000026   Code   RO         1830    .text.vQueueAddToRegistry  queue.o
    0x08007efe   0x08007efe   0x00000002   PAD
    0x08007f00   0x08007f00   0x00000046   Code   RO         1834    .text.vQueueWaitForMessageRestricted  queue.o
    0x08007f46   0x08007f46   0x00000002   PAD
    0x08007f48   0x08007f48   0x000000a6   Code   RO         1911    .text.vTaskDelay    tasks.o
    0x08007fee   0x08007fee   0x00000002   PAD
    0x08007ff0   0x08007ff0   0x0000001a   Code   RO         1961    .text.vTaskInternalSetTimeOutState  tasks.o
    0x0800800a   0x0800800a   0x00000006   PAD
    0x08008010   0x08008010   0x0000000e   Code   RO         1965    .text.vTaskMissedYield  tasks.o
    0x0800801e   0x0800801e   0x00000002   PAD
    0x08008020   0x08008020   0x00000036   Code   RO         1949    .text.vTaskPlaceOnEventList  tasks.o
    0x08008056   0x08008056   0x00000002   PAD
    0x08008058   0x08008058   0x0000003e   Code   RO         1953    .text.vTaskPlaceOnEventListRestricted  tasks.o
    0x08008096   0x08008096   0x00000002   PAD
    0x08008098   0x08008098   0x000000a4   Code   RO         1929    .text.vTaskStartScheduler  tasks.o
    0x0800813c   0x0800813c   0x00000004   PAD
    0x08008140   0x08008140   0x00000010   Code   RO         1905    .text.vTaskSuspendAll  tasks.o
    0x08008150   0x08008150   0x0000009a   Code   RO         1923    .text.vTaskSwitchContext  tasks.o
    0x080081ea   0x080081ea   0x00000006   PAD
    0x080081f0   0x080081f0   0x00000132   Code   RO         2286    .text.xPortStartScheduler  port.o
    0x08008322   0x08008322   0x00000006   PAD
    0x08008328   0x08008328   0x0000002e   Code   RO         2302    .text.xPortSysTickHandler  port.o
    0x08008356   0x08008356   0x00000002   PAD
    0x08008358   0x08008358   0x000000da   Code   RO         1772    .text.xQueueGenericCreateStatic  queue.o
    0x08008432   0x08008432   0x00000006   PAD
    0x08008438   0x08008438   0x00000212   Code   RO         1786    .text.xQueueGenericSend  queue.o
    0x0800864a   0x0800864a   0x00000006   PAD
    0x08008650   0x08008650   0x000001a8   Code   RO         1802    .text.xQueueReceive  queue.o
    0x080087f8   0x080087f8   0x0000008c   Code   RO         1963    .text.xTaskCheckForTimeOut  tasks.o
    0x08008884   0x08008884   0x00000004   PAD
    0x08008888   0x08008888   0x000000de   Code   RO         1899    .text.xTaskCreate   tasks.o
    0x08008966   0x08008966   0x00000002   PAD
    0x08008968   0x08008968   0x000000f6   Code   RO         1895    .text.xTaskCreateStatic  tasks.o
    0x08008a5e   0x08008a5e   0x00000002   PAD
    0x08008a60   0x08008a60   0x00000024   Code   RO         1977    .text.xTaskGetSchedulerState  tasks.o
    0x08008a84   0x08008a84   0x00000004   PAD
    0x08008a88   0x08008a88   0x0000000c   Code   RO         1937    .text.xTaskGetTickCount  tasks.o
    0x08008a94   0x08008a94   0x00000004   PAD
    0x08008a98   0x08008a98   0x0000016e   Code   RO         1935    .text.xTaskIncrementTick  tasks.o
    0x08008c06   0x08008c06   0x00000002   PAD
    0x08008c08   0x08008c08   0x00000092   Code   RO         1981    .text.xTaskPriorityDisinherit  tasks.o
    0x08008c9a   0x08008c9a   0x00000006   PAD
    0x08008ca0   0x08008ca0   0x0000008e   Code   RO         1955    .text.xTaskRemoveFromEventList  tasks.o
    0x08008d2e   0x08008d2e   0x00000002   PAD
    0x08008d30   0x08008d30   0x00000134   Code   RO         1909    .text.xTaskResumeAll  tasks.o
    0x08008e64   0x08008e64   0x00000004   PAD
    0x08008e68   0x08008e68   0x00000074   Code   RO         2032    .text.xTimerCreateTimerTask  timers.o
    0x08008edc   0x08008edc   0x0000001a   Code   RO         2540    x$fpl$fpinit        fz_wv.l(fpinit.o)
    0x08008ef6   0x08008ef6   0x00000002   PAD
    0x08008ef8   0x08008ef8   0x0000004c   Data   RO          413    .rodata..L__const.HAL_FDCAN_Init.CvtEltSize  stm32h7xx_hal_fdcan.o
    0x08008f44   0x08008f44   0x00000006   Data   RO         1649    .rodata..Lswitch.table.UART_SetConfig.5  stm32h7xx_hal_uart.o
    0x08008f4a   0x08008f4a   0x00000006   Data   RO         1650    .rodata..Lswitch.table.UART_SetConfig.7  stm32h7xx_hal_uart.o
    0x08008f50   0x08008f50   0x00000024   Data   RO           47    .rodata.BoardcommTask_attributes  freertos.o
    0x08008f74   0x08008f74   0x00000010   Data   RO         1706    .rodata.D1CorePrescTable  system_stm32h7xx.o
    0x08008f84   0x08008f84   0x00000024   Data   RO           46    .rodata.SBUSTask_attributes  freertos.o
    0x08008fa8   0x08008fa8   0x00000018   Data   RO         1648    .rodata.UARTPrescTable  stm32h7xx_hal_uart.o
    0x08008fc0   0x08008fc0   0x00000010   Data   RO          414    .rodata.cst16       stm32h7xx_hal_fdcan.o
    0x08008fd0   0x08008fd0   0x00000010   Data   RO         1691    .rodata.cst8        stm32h7xx_hal_uart_ex.o
    0x08008fe0   0x08008fe0   0x00000024   Data   RO           45    .rodata.defaultTask_attributes  freertos.o
    0x08009004   0x08009004   0x00000023   Data   RO           44    .rodata.str1.1      freertos.o
    0x08009027   0x08009027   0x00000001   PAD
    0x08009028   0x08009028   0x00000020   Data   RO         2601    Region$$Table       anon$$obj.o


    Execution Region RW_IRAM1 (Exec base: 0x20000000, Load base: 0x08009048, Size: 0x00000000, Max: 0x00020000, ABSOLUTE)

    **** No section assigned to this execution region ****


    Execution Region RW_IRAM2 (Exec base: 0x24000000, Load base: 0x08009048, Size: 0x00025188, Max: 0x00080000, ABSOLUTE)

    Exec Addr    Load Addr    Size         Type   Attr      Idx    E Section Name        Object

    0x24000000   0x08009048   0x0000000c   Data   RW         2325    .data.Can_Fun       bsp_fdcan.o
    0x2400000c   0x08009054   0x00000004   Data   RW         1704    .data.SystemCoreClock  system_stm32h7xx.o
    0x24000010   0x08009058   0x00000004   Data   RW         1705    .data.SystemD2Clock  system_stm32h7xx.o
    0x24000014   0x0800905c   0x00000001   Data   RW          977    .data.uwTickFreq    stm32h7xx_hal.o
    0x24000015   0x0800905d   0x00000003   PAD
    0x24000018   0x08009060   0x00000004   Data   RW          976    .data.uwTickPrio    stm32h7xx_hal.o
    0x2400001c   0x08009064   0x00000004   Data   RW         2308    .data.uxCriticalNesting  port.o
    0x24000020        -       0x00000060   Zero   RW         2466    .bss                c_w.l(libspace.o)
    0x24000080        -       0x00000004   Zero   RW           50    .bss.BoardcommTaskHandle  freertos.o
    0x24000084        -       0x00000004   Zero   RW         2350    .bss.CPU_FREQ_Hz    bsp_dwt.o
    0x24000088        -       0x00000004   Zero   RW         2351    .bss.CPU_FREQ_Hz_ms  bsp_dwt.o
    0x2400008c        -       0x00000004   Zero   RW         2352    .bss.CPU_FREQ_Hz_us  bsp_dwt.o
    0x24000090        -       0x00000004   Zero   RW         2355    .bss.CYCCNT_LAST    bsp_dwt.o
    0x24000094        -       0x00000004   Zero   RW         2353    .bss.CYCCNT_RountCount  bsp_dwt.o
    0x24000098        -       0x00000001   Zero   RW         2354    .bss.DWT_CNT_Update.bit_locker  bsp_dwt.o
    0x24000099   0x08009068   0x00000003   PAD
    0x2400009c        -       0x00000004   Zero   RW           77    .bss.HAL_RCC_FDCAN_CLK_ENABLED  fdcan.o
    0x240000a0        -       0x00000004   Zero   RW         2239    .bss.KernelState    cmsis_os2.o
    0x240000a4        -       0x00000024   Zero   RW         2373    .bss.SBUS           sbus.o
    0x240000c8        -       0x00000004   Zero   RW           49    .bss.SBUSTaskHandle  freertos.o
    0x240000cc        -       0x00000019   Zero   RW         2371    .bss.SBUS_RXBuffer  sbus.o
    0x240000e5        -       0x00000001   Zero   RW         2370    .bss.SBUS_RX_Finish  sbus.o
    0x240000e6        -       0x00000019   Zero   RW         2372    .bss.SBUS_Rx_Data   sbus.o
    0x240000ff   0x08009068   0x00000001   PAD
    0x24000100        -       0x00000024   Zero   RW         2401    .bss.board_comm     board_comm.o
    0x24000124        -       0x00000004   Zero   RW           48    .bss.defaultTaskHandle  freertos.o
    0x24000128        -       0x00000078   Zero   RW           94    .bss.hdma_usart2_rx  usart.o
    0x240001a0        -       0x00000078   Zero   RW           95    .bss.hdma_usart2_tx  usart.o
    0x24000218        -       0x000000a0   Zero   RW           75    .bss.hfdcan1        fdcan.o
    0x240002b8        -       0x000000a0   Zero   RW           76    .bss.hfdcan2        fdcan.o
    0x24000358        -       0x0000004c   Zero   RW          154    .bss.htim3          stm32h7xx_hal_timebase_tim.o
    0x240003a4        -       0x00000094   Zero   RW           93    .bss.huart2         usart.o
    0x24000438        -       0x000000a0   Zero   RW         2080    .bss.prvCheckForValidListAndQueue.ucStaticTimerQueueStorage  timers.o
    0x240004d8        -       0x00000050   Zero   RW         2079    .bss.prvCheckForValidListAndQueue.xStaticTimerQueue  timers.o
    0x24000528        -       0x00000004   Zero   RW         2076    .bss.prvSampleTimeNow.xLastTime  timers.o
    0x2400052c        -       0x00000004   Zero   RW         2003    .bss.pxCurrentTCB   tasks.o
    0x24000530        -       0x00000004   Zero   RW         2074    .bss.pxCurrentTimerList  timers.o
    0x24000534        -       0x00000004   Zero   RW         2011    .bss.pxDelayedTaskList  tasks.o
    0x24000538        -       0x00000004   Zero   RW         2264    .bss.pxEnd          heap_4.o
    0x2400053c        -       0x00000004   Zero   RW         2012    .bss.pxOverflowDelayedTaskList  tasks.o
    0x24000540        -       0x00000004   Zero   RW         2075    .bss.pxOverflowTimerList  timers.o
    0x24000544        -       0x00000460   Zero   RW         2014    .bss.pxReadyTasksLists  tasks.o
    0x240009a4        -       0x00003c00   Zero   RW         2271    .bss.ucHeap         heap_4.o
    0x240045a4        -       0x00000001   Zero   RW         2306    .bss.ucMaxSysCallPriority  port.o
    0x240045a5   0x08009068   0x00000003   PAD
    0x240045a8        -       0x00000004   Zero   RW         2307    .bss.ulMaxPRIGROUPValue  port.o
    0x240045ac        -       0x00000004   Zero   RW          978    .bss.uwTick         stm32h7xx_hal.o
    0x240045b0        -       0x00000004   Zero   RW         2007    .bss.uxCurrentNumberOfTasks  tasks.o
    0x240045b4        -       0x00000004   Zero   RW         2006    .bss.uxDeletedTasksWaitingCleanUp  tasks.o
    0x240045b8        -       0x00000004   Zero   RW         2009    .bss.uxSchedulerSuspended  tasks.o
    0x240045bc        -       0x00000004   Zero   RW         2004    .bss.uxTaskNumber   tasks.o
    0x240045c0        -       0x00000004   Zero   RW         2015    .bss.uxTopReadyPriority  tasks.o
    0x240045c4        -       0x00000200   Zero   RW         2241    .bss.vApplicationGetIdleTaskMemory.Idle_Stack  cmsis_os2.o
    0x240047c4        -       0x0000005c   Zero   RW         2240    .bss.vApplicationGetIdleTaskMemory.Idle_TCB  cmsis_os2.o
    0x24004820        -       0x00000400   Zero   RW         2243    .bss.vApplicationGetTimerTaskMemory.Timer_Stack  cmsis_os2.o
    0x24004c20        -       0x0000005c   Zero   RW         2242    .bss.vApplicationGetTimerTaskMemory.Timer_TCB  cmsis_os2.o
    0x24004c7c        -       0x00000014   Zero   RW         2077    .bss.xActiveTimerList1  timers.o
    0x24004c90        -       0x00000014   Zero   RW         2078    .bss.xActiveTimerList2  timers.o
    0x24004ca4        -       0x00000001   Zero   RW         2265    .bss.xBlockAllocatedBit  heap_4.o
    0x24004ca5   0x08009068   0x00000003   PAD
    0x24004ca8        -       0x00000014   Zero   RW         2022    .bss.xDelayedTaskList1  tasks.o
    0x24004cbc        -       0x00000014   Zero   RW         2023    .bss.xDelayedTaskList2  tasks.o
    0x24004cd0        -       0x00000004   Zero   RW         2266    .bss.xFreeBytesRemaining  heap_4.o
    0x24004cd4        -       0x00000004   Zero   RW         2017    .bss.xIdleTaskHandle  tasks.o
    0x24004cd8        -       0x00000004   Zero   RW         2268    .bss.xMinimumEverFreeBytesRemaining  heap_4.o
    0x24004cdc        -       0x00000004   Zero   RW         2018    .bss.xNextTaskUnblockTime  tasks.o
    0x24004ce0        -       0x00000004   Zero   RW         2021    .bss.xNumOfOverflows  tasks.o
    0x24004ce4        -       0x00000004   Zero   RW         2269    .bss.xNumberOfSuccessfulAllocations  heap_4.o
    0x24004ce8        -       0x00000004   Zero   RW         2270    .bss.xNumberOfSuccessfulFrees  heap_4.o
    0x24004cec        -       0x00000004   Zero   RW         2020    .bss.xPendedTicks   tasks.o
    0x24004cf0        -       0x00000014   Zero   RW         2016    .bss.xPendingReadyList  tasks.o
    0x24004d04        -       0x00000040   Zero   RW         1836    .bss.xQueueRegistry  queue.o
    0x24004d44        -       0x00000004   Zero   RW         2008    .bss.xSchedulerRunning  tasks.o
    0x24004d48        -       0x00000008   Zero   RW         2267    .bss.xStart         heap_4.o
    0x24004d50        -       0x00000014   Zero   RW         2013    .bss.xSuspendedTaskList  tasks.o
    0x24004d64        -       0x00000014   Zero   RW         2005    .bss.xTasksWaitingTermination  tasks.o
    0x24004d78        -       0x00000004   Zero   RW         2010    .bss.xTickCount     tasks.o
    0x24004d7c        -       0x00000004   Zero   RW         2072    .bss.xTimerQueue    timers.o
    0x24004d80        -       0x00000004   Zero   RW         2073    .bss.xTimerTaskHandle  timers.o
    0x24004d84        -       0x00000004   Zero   RW         2019    .bss.xYieldPending  tasks.o
    0x24004d88        -       0x00020000   Zero   RW            2    HEAP                startup_stm32h743xx.o
    0x24024d88        -       0x00000400   Zero   RW            1    STACK               startup_stm32h743xx.o


==============================================================================

Image component sizes


      Code (inc. data)   RO Data    RW Data    ZI Data      Debug   Object Name

       120          0          0          0         36       5576   board_comm.o
       228          4          0          0         21       4887   bsp_dwt.o
       406          0          0         12          0       6651   bsp_fdcan.o
       402          0          0          0       1724      43771   cmsis_os2.o
        68          0          0          0          0       5496   dma.o
       560          0          0          0        324      12065   fdcan.o
       170          0        143          0         12       3768   freertos.o
        68          0          0          0          0       2272   gpio.o
       624          0          0          0      15389       5132   heap_4.o
       156          0          0          0          0       2236   list.o
       354          0          0          0          0       8379   main.o
       814         16          0          4          5       4069   port.o
      1402          0          0          0         64      24200   queue.o
       374          0          0          0         87       5239   sbus.o
        64         26        664          0     132096        872   startup_stm32h743xx.o
       152          0          0          5          4      15001   stm32h7xx_hal.o
       154          0          0          0          0      12519   stm32h7xx_hal_cortex.o
      8112         12          0          0          0      18057   stm32h7xx_hal_dma.o
      2776          0         92          0          0      41790   stm32h7xx_hal_fdcan.o
       414          0          0          0          0       6963   stm32h7xx_hal_gpio.o
        42          0          0          0          0       5536   stm32h7xx_hal_msp.o
        72          0          0          0          0      10563   stm32h7xx_hal_pwr_ex.o
      2814         16          0          0          0      11689   stm32h7xx_hal_rcc.o
      3774        122          0          0          0      17748   stm32h7xx_hal_rcc_ex.o
       974          0          0          0          0      66164   stm32h7xx_hal_tim.o
         6          0          0          0          0      24969   stm32h7xx_hal_tim_ex.o
       168          0          0          0         76       9804   stm32h7xx_hal_timebase_tim.o
      3592        300         36          0          0      37200   stm32h7xx_hal_uart.o
       446          0         16          0          0      11181   stm32h7xx_hal_uart_ex.o
       108          0          0          0          0      10060   stm32h7xx_it.o
       204          0         16          8          0       5881   system_stm32h7xx.o
       286         24          0          0          0      20048   task_manager.o
      2840          8          0          0       1280      37659   tasks.o
      1168         26          0          0        300      17188   timers.o
       414          0          0          0        388      11669   usart.o

    ----------------------------------------------------------------------
     35004        586       1000         32     151816     526302   Object Totals
         0          0         32          0          0          0   (incl. Generated)
       678         32          1          3         10          0   (incl. Padding)

    ----------------------------------------------------------------------

      Code (inc. data)   RO Data    RW Data    ZI Data      Debug   Library Member Name

         8          0          0          0          0         68   __main.o
         0          0          0          0          0          0   __rtentry.o
        12          0          0          0          0          0   __rtentry2.o
         6          0          0          0          0          0   __rtentry4.o
        94          8          0          0          0          0   __scatter.o
        26          0          0          0          0          0   __scatter_copy.o
        28          0          0          0          0          0   __scatter_zi.o
        16          0          0          0          0         68   aeabi_memset4.o
        18          0          0          0          0         80   exit.o
         6          0          0          0          0        152   heapauxi.o
         0          0          0          0          0          0   indicate_semi.o
         2          0          0          0          0          0   libinit.o
         6          0          0          0          0          0   libinit2.o
         2          0          0          0          0          0   libshutdown.o
         2          0          0          0          0          0   libshutdown2.o
         8          4          0          0         96         68   libspace.o
       240          0          0          0          0        100   lludivv7m.o
        78          0          0          0          0         80   rt_memclr_w.o
       138          0          0          0          0         68   rt_memcpy_v6.o
       100          0          0          0          0         80   rt_memcpy_w.o
         2          0          0          0          0          0   rtexit.o
        10          0          0          0          0          0   rtexit2.o
        12          4          0          0          0         68   sys_exit.o
        74          0          0          0          0         80   sys_stackheap_outer.o
         2          0          0          0          0         68   use_no_semi.o
        26          0          0          0          0        116   fpinit.o

    ----------------------------------------------------------------------
       932         16          0          0         96       1096   Library Totals
        16          0          0          0          0          0   (incl. Padding)

    ----------------------------------------------------------------------

      Code (inc. data)   RO Data    RW Data    ZI Data      Debug   Library Name

       890         16          0          0         96        980   c_w.l
        26          0          0          0          0        116   fz_wv.l

    ----------------------------------------------------------------------
       932         16          0          0         96       1096   Library Totals

    ----------------------------------------------------------------------

==============================================================================


      Code (inc. data)   RO Data    RW Data    ZI Data      Debug   

     35936        602       1000         32     151912     526390   Grand Totals
     35936        602       1000         32     151912     526390   ELF Image Totals
     35936        602       1000         32          0          0   ROM Totals

==============================================================================

    Total RO  Size (Code + RO Data)                36936 (  36.07kB)
    Total RW  Size (RW Data + ZI Data)            151944 ( 148.38kB)
    Total ROM Size (Code + RO Data + RW Data)      36968 (  36.10kB)

==============================================================================

