<html>
<body>
<pre>
<h1>�Vision Build Log</h1>
<h2>Tool Versions:</h2>
IDE-Version: ��Vision V5.39.0.0
Copyright (C) 2023 ARM Ltd and ARM Germany GmbH. All rights reserved.
License Information: 212 841039431@qq.com, 122, LIC=9WSKC-72QMV-BS1YX-HYKKL-50IQM-AHN9V
 
Tool Versions:
Toolchain:       MDK-ARM Plus  Version: 5.39.0.0
Toolchain Path:  F:\KEIL5\ARM\ARMCLANG\Bin
C Compiler:      ArmClang.exe V6.21
Assembler:       Armasm.exe V6.21
Linker/Locator:  ArmLink.exe V6.21
Library Manager: ArmAr.exe V6.21
Hex Converter:   FromElf.exe V6.21
CPU DLL:         SARMCM3.DLL V5.39.0.0
Dialog DLL:      DCM.DLL V1.17.5.0
Target DLL:      CMSIS_AGDI.dll V1.33.16.0
Dialog DLL:      TCM.DLL V1.56.4.0
 
<h2>Project:</h2>
F:\RM\Myself\buaa_leg_wheel_main\Software\Board_chassis_DM\damiao_chassis\MDK-ARM\LegWheel.uvprojx
Project File Date:  02/22/2025

<h2>Output:</h2>
*** Using Compiler 'V6.21', folder: 'F:\KEIL5\ARM\ARMCLANG\Bin'
Rebuild target 'LegWheel'
compiling spi.c...
compiling gpio.c...
compiling tim.c...
assembling startup_stm32h723xx.s...
compiling crc.c...
compiling main.c...
compiling stm32h7xx_it.c...
compiling stm32h7xx_hal_timebase_tim.c...
compiling stm32h7xx_hal_msp.c...
compiling dma.c...
compiling freertos.c...
compiling stm32h7xx_hal_cortex.c...
compiling fdcan.c...
compiling usart.c...
compiling stm32h7xx_hal_crc.c...
compiling stm32h7xx_hal_crc_ex.c...
compiling stm32h7xx_hal_rcc.c...
compiling stm32h7xx_hal_rcc_ex.c...
compiling stm32h7xx_hal_flash.c...
compiling stm32h7xx_hal_flash_ex.c...
compiling stm32h7xx_hal_gpio.c...
compiling stm32h7xx_hal_hsem.c...
compiling stm32h7xx_hal_dma_ex.c...
compiling stm32h7xx_hal_dma.c...
compiling stm32h7xx_hal_mdma.c...
compiling stm32h7xx_hal_pwr.c...
compiling stm32h7xx_hal_pwr_ex.c...
compiling stm32h7xx_hal.c...
compiling stm32h7xx_hal_i2c_ex.c...
compiling stm32h7xx_hal_exti.c...
compiling stm32h7xx_hal_spi_ex.c...
compiling stm32h7xx_hal_fdcan.c...
compiling stm32h7xx_hal_spi.c...
compiling stm32h7xx_hal_i2c.c...
compiling stm32h7xx_hal_tim.c...
compiling stm32h7xx_hal_tim_ex.c...
compiling stm32h7xx_hal_uart_ex.c...
compiling stm32h7xx_hal_uart.c...
compiling croutine.c...
compiling tasks.c...
compiling system_stm32h7xx.c...
compiling list.c...
compiling event_groups.c...
compiling queue.c...
compiling stream_buffer.c...
compiling timers.c...
compiling heap_4.c...
compiling cmsis_os2.c...
compiling port.c...
../Applications/Chassis.cpp(1): warning: In file included from...
../Applications/Chassis.h(9): warning: In file included from...
../Devices/Unitree\unitree.h(45): warning: anonymous non-C-compatible type given name for linkage purposes by typedef declaration; add a tag name here [-Wnon-c-typedef-for-linkage]
   45 | typedef struct{      // 以 4个字节一组排列 ，不然编译器会凑整
      |               ^
      |                MasterComdV3
../Devices/Unitree\unitree.h(48): note: type is not C-compatible due to this default member initializer
   48 |   uint8_t ModifyBit=0xFF;  
      |                     ^~~~
../Devices/Unitree\unitree.h(64): note: type is given name 'MasterComdV3' for linkage purposes by this typedef declaration
   64 | } MasterComdV3; 
      |   ^
1 warning generated.
compiling Chassis.cpp...
compiling lqr.cpp...
../Applications/Task_manager.cpp(2): warning: In file included from...
../Applications/Chassis.h(9): warning: In file included from...
../Devices/Unitree\unitree.h(45): warning: anonymous non-C-compatible type given name for linkage purposes by typedef declaration; add a tag name here [-Wnon-c-typedef-for-linkage]
   45 | typedef struct{      // 以 4个字节一组排列 ，不然编译器会凑整
      |               ^
      |                MasterComdV3
../Devices/Unitree\unitree.h(48): note: type is not C-compatible due to this default member initializer
   48 |   uint8_t ModifyBit=0xFF;  
      |                     ^~~~
../Devices/Unitree\unitree.h(64): note: type is given name 'MasterComdV3' for linkage purposes by this typedef declaration
   64 | } MasterComdV3; 
      |   ^
1 warning generated.
compiling Task_manager.cpp...
compiling ins.cpp...
compiling board_comm.c...
compiling vmc.cpp...
compiling crc_def.cpp...
compiling user_lib.cpp...
compiling kalman_filter.cpp...
compiling pid.cpp...
compiling M6020_Motor.c...
compiling Saber_C3.c...
../Devices/Unitree/unitree.cpp(2): warning: In file included from...
../Devices/Unitree/unitree.h(45): warning: anonymous non-C-compatible type given name for linkage purposes by typedef declaration; add a tag name here [-Wnon-c-typedef-for-linkage]
   45 | typedef struct{      // 以 4个字节一组排列 ，不然编译器会凑整
      |               ^
      |                MasterComdV3
../Devices/Unitree/unitree.h(48): note: type is not C-compatible due to this default member initializer
   48 |   uint8_t ModifyBit=0xFF;  
      |                     ^~~~
../Devices/Unitree/unitree.h(64): note: type is given name 'MasterComdV3' for linkage purposes by this typedef declaration
   64 | } MasterComdV3; 
      |   ^
1 warning generated.
compiling unitree.cpp...
compiling M1505B_Motor.c...
compiling tpid.c...
compiling ws2812.c...
compiling BSP_fdcan.c...
compiling bsp_dwt.c...
linking...
Program Size: Code=58060 RO-data=3392 RW-data=3492 ZI-data=154756  
FromELF: creating hex file...
"LegWheel\LegWheel.axf" - 0 Error(s), 3 Warning(s).

<h2>Software Packages used:</h2>

Package Vendor: ARM
                http://www.keil.com/pack/ARM.CMSIS.5.9.0.pack
                ARM::CMSIS@5.9.0
                CMSIS (Common Microcontroller Software Interface Standard)
   * Component: CORE Version: 5.6.0

Package Vendor: Keil
                https://www.keil.com/pack/Keil.STM32H7xx_DFP.4.0.0.pack
                Keil::STM32H7xx_DFP@4.0.0
                STMicroelectronics STM32H7 Series Device Support

<h2>Collection of Component include folders:</h2>
  ./RTE/_LegWheel
  F:/KEIL5/packs/ARM/CMSIS/5.9.0/CMSIS/Core/Include

<h2>Collection of Component Files used:</h2>

   * Component: ARM::CMSIS:CORE@5.6.0
      Include file:  CMSIS/Core/Include/tz_context.h
Build Time Elapsed:  00:00:17
</pre>
</body>
</html>
