Component: Arm Compiler for Embedded 6.21 Tool: armlink [5ec1fa00]

==============================================================================

Section Cross References

    startup_stm32h723xx.o(STACK) refers (Special) to heapauxi.o(.text) for __use_two_region_memory
    startup_stm32h723xx.o(HEAP) refers (Special) to heapauxi.o(.text) for __use_two_region_memory
    startup_stm32h723xx.o(RESET) refers (Special) to heapauxi.o(.text) for __use_two_region_memory
    startup_stm32h723xx.o(RESET) refers to startup_stm32h723xx.o(STACK) for __initial_sp
    startup_stm32h723xx.o(RESET) refers to startup_stm32h723xx.o(.text) for Reset_Handler
    startup_stm32h723xx.o(RESET) refers to stm32h7xx_it.o(.text.NMI_Handler) for NMI_Handler
    startup_stm32h723xx.o(RESET) refers to stm32h7xx_it.o(.text.HardFault_Handler) for HardFault_Handler
    startup_stm32h723xx.o(RESET) refers to stm32h7xx_it.o(.text.MemManage_Handler) for MemManage_Handler
    startup_stm32h723xx.o(RESET) refers to stm32h7xx_it.o(.text.BusFault_Handler) for BusFault_Handler
    startup_stm32h723xx.o(RESET) refers to stm32h7xx_it.o(.text.UsageFault_Handler) for UsageFault_Handler
    startup_stm32h723xx.o(RESET) refers to port.o(.text.SVC_Handler) for SVC_Handler
    startup_stm32h723xx.o(RESET) refers to stm32h7xx_it.o(.text.DebugMon_Handler) for DebugMon_Handler
    startup_stm32h723xx.o(RESET) refers to port.o(.text.PendSV_Handler) for PendSV_Handler
    startup_stm32h723xx.o(RESET) refers to cmsis_os2.o(.text.SysTick_Handler) for SysTick_Handler
    startup_stm32h723xx.o(RESET) refers to stm32h7xx_it.o(.text.DMA1_Stream1_IRQHandler) for DMA1_Stream1_IRQHandler
    startup_stm32h723xx.o(RESET) refers to stm32h7xx_it.o(.text.DMA1_Stream2_IRQHandler) for DMA1_Stream2_IRQHandler
    startup_stm32h723xx.o(RESET) refers to stm32h7xx_it.o(.text.DMA1_Stream3_IRQHandler) for DMA1_Stream3_IRQHandler
    startup_stm32h723xx.o(RESET) refers to stm32h7xx_it.o(.text.DMA1_Stream4_IRQHandler) for DMA1_Stream4_IRQHandler
    startup_stm32h723xx.o(RESET) refers to stm32h7xx_it.o(.text.FDCAN1_IT0_IRQHandler) for FDCAN1_IT0_IRQHandler
    startup_stm32h723xx.o(RESET) refers to stm32h7xx_it.o(.text.FDCAN2_IT0_IRQHandler) for FDCAN2_IT0_IRQHandler
    startup_stm32h723xx.o(RESET) refers to stm32h7xx_it.o(.text.TIM2_IRQHandler) for TIM2_IRQHandler
    startup_stm32h723xx.o(RESET) refers to stm32h7xx_it.o(.text.USART2_IRQHandler) for USART2_IRQHandler
    startup_stm32h723xx.o(RESET) refers to stm32h7xx_it.o(.text.USART3_IRQHandler) for USART3_IRQHandler
    startup_stm32h723xx.o(RESET) refers to stm32h7xx_it.o(.text.DMA2_Stream1_IRQHandler) for DMA2_Stream1_IRQHandler
    startup_stm32h723xx.o(RESET) refers to stm32h7xx_it.o(.text.DMA2_Stream2_IRQHandler) for DMA2_Stream2_IRQHandler
    startup_stm32h723xx.o(RESET) refers to stm32h7xx_it.o(.text.UART7_IRQHandler) for UART7_IRQHandler
    startup_stm32h723xx.o(.text) refers (Special) to heapauxi.o(.text) for __use_two_region_memory
    startup_stm32h723xx.o(.text) refers to system_stm32h7xx.o(.text.SystemInit) for SystemInit
    startup_stm32h723xx.o(.text) refers to __main.o(!!!main) for __main
    startup_stm32h723xx.o(.text) refers to startup_stm32h723xx.o(HEAP) for Heap_Mem
    startup_stm32h723xx.o(.text) refers to startup_stm32h723xx.o(STACK) for Stack_Mem
    main.o(.text.main) refers to stm32h7xx_hal.o(.text.HAL_Init) for HAL_Init
    main.o(.text.main) refers to main.o(.text.SystemClock_Config) for SystemClock_Config
    main.o(.text.main) refers to stm32h7xx_hal_cortex.o(.text.HAL_NVIC_SetPriority) for HAL_NVIC_SetPriority
    main.o(.text.main) refers to gpio.o(.text.MX_GPIO_Init) for MX_GPIO_Init
    main.o(.text.main) refers to dma.o(.text.MX_DMA_Init) for MX_DMA_Init
    main.o(.text.main) refers to spi.o(.text.MX_SPI6_Init) for MX_SPI6_Init
    main.o(.text.main) refers to fdcan.o(.text.MX_FDCAN1_Init) for MX_FDCAN1_Init
    main.o(.text.main) refers to fdcan.o(.text.MX_FDCAN2_Init) for MX_FDCAN2_Init
    main.o(.text.main) refers to usart.o(.text.MX_USART2_UART_Init) for MX_USART2_UART_Init
    main.o(.text.main) refers to usart.o(.text.MX_USART3_UART_Init) for MX_USART3_UART_Init
    main.o(.text.main) refers to crc.o(.text.MX_CRC_Init) for MX_CRC_Init
    main.o(.text.main) refers to usart.o(.text.MX_UART7_Init) for MX_UART7_Init
    main.o(.text.main) refers to tim.o(.text.MX_TIM3_Init) for MX_TIM3_Init
    main.o(.text.main) refers to bsp_dwt.o(.text.DWT_Init) for DWT_Init
    main.o(.text.main) refers to bsp_fdcan.o(.data.Can_Fun) for Can_Fun
    main.o(.text.main) refers to task_manager.o(.text.motor_init) for motor_init
    main.o(.text.main) refers to cmsis_os2.o(.text.osKernelInitialize) for osKernelInitialize
    main.o(.text.main) refers to freertos.o(.text.MX_FREERTOS_Init) for MX_FREERTOS_Init
    main.o(.text.main) refers to cmsis_os2.o(.text.osKernelStart) for osKernelStart
    main.o(.ARM.exidx.text.main) refers to main.o(.text.main) for [Anonymous Symbol]
[...]
    balance_Chassis::SpeedEstInit()          0x0800a251   Thumb Code   282  chassis.o(.text._ZN15balance_Chassis12SpeedEstInitEv)
    balance_Chassis::Jump()                  0x0800a371   Thumb Code   208  chassis.o(.text._ZN15balance_Chassis4JumpEv)
    balance_Chassis::LegCalc()               0x0800a451   Thumb Code   292  chassis.o(.text._ZN15balance_Chassis7LegCalcEv)
    balance_Chassis::PidInit()               0x0800a581   Thumb Code   158  chassis.o(.text._ZN15balance_Chassis7PidInitEv)
    balance_Chassis::MotorInit()             0x0800a621   Thumb Code   140  chassis.o(.text._ZN15balance_Chassis9MotorInitEv)
    balance_Chassis::SetFollow()             0x0800a6c1   Thumb Code   312  chassis.o(.text._ZN15balance_Chassis9SetFollowEv)
    balance_Chassis::SpeedCalc()             0x0800a809   Thumb Code   432  chassis.o(.text._ZN15balance_Chassis9SpeedCalcEv)
    Lqr::Calc()                              0x0800a9d1   Thumb Code   484  lqr.o(.text._ZN3Lqr4CalcEv)
    Pid::Calculate()                         0x0800abd1   Thumb Code   684  pid.o(.text._ZN3Pid9CalculateEv)
    Vmc::LegForceCalc()                      0x0800ae91   Thumb Code   152  vmc.o(.text._ZN3Vmc12LegForceCalcEv)
    Vmc::LegCalc()                           0x0800af39   Thumb Code  1080  vmc.o(.text._ZN3Vmc7LegCalcEv)
    Vmc::TorCalc()                           0x0800b399   Thumb Code    50  vmc.o(.text._ZN3Vmc7TorCalcEv)
    Vmc::Jacobian()                          0x0800b3d1   Thumb Code   720  vmc.o(.text._ZN3Vmc8JacobianEv)
    Math::AbsLimit(float, float)             0x0800b6b9   Thumb Code    38  user_lib.o(.text._ZN4Math8AbsLimitEff)
    arm_cos_f32                              0x0800b6e1   Thumb Code   144  arm_cos_f32.o(.text.arm_cos_f32)
    arm_mat_add_f32                          0x0800b771   Thumb Code   190  arm_mat_add_f32.o(.text.arm_mat_add_f32)
    arm_mat_init_f32                         0x0800b82f   Thumb Code     8  arm_mat_init_f32.o(.text.arm_mat_init_f32)
    arm_mat_inverse_f32                      0x0800b839   Thumb Code   716  arm_mat_inverse_f32.o(.text.arm_mat_inverse_f32)
    arm_mat_mult_f32                         0x0800bb05   Thumb Code   304  arm_mat_mult_f32.o(.text.arm_mat_mult_f32)
    arm_mat_sub_f32                          0x0800bc35   Thumb Code   190  arm_mat_sub_f32.o(.text.arm_mat_sub_f32)
    arm_mat_trans_f32                        0x0800bcf5   Thumb Code   180  arm_mat_trans_f32.o(.text.arm_mat_trans_f32)
    arm_sin_f32                              0x0800bda9   Thumb Code   140  arm_sin_f32.o(.text.arm_sin_f32)
    boardCommunicateTask                     0x0800be39   Thumb Code    84  task_manager.o(.text.boardCommunicateTask)
    can_bsp_init                             0x0800be99   Thumb Code   120  bsp_fdcan.o(.text.can_bsp_init)
    fdcanx_receive                           0x0800bf11   Thumb Code   316  bsp_fdcan.o(.text.fdcanx_receive)
    fdcanx_send_data                         0x0800c051   Thumb Code    44  bsp_fdcan.o(.text.fdcanx_send_data)
    main                                     0x0800c081   Thumb Code    98  main.o(.text.main)
    motor_init                               0x0800c0e9   Thumb Code    32  task_manager.o(.text.motor_init)
    osDelay                                  0x0800c109   Thumb Code    30  cmsis_os2.o(.text.osDelay)
    osKernelInitialize                       0x0800c129   Thumb Code    42  cmsis_os2.o(.text.osKernelInitialize)
    osKernelStart                            0x0800c159   Thumb Code    60  cmsis_os2.o(.text.osKernelStart)
    osThreadNew                              0x0800c199   Thumb Code   186  cmsis_os2.o(.text.osThreadNew)
    pvPortMalloc                             0x0800c9a1   Thumb Code   414  heap_4.o(.text.pvPortMalloc)
    pxPortInitialiseStack                    0x0800cb41   Thumb Code    44  port.o(.text.pxPortInitialiseStack)
    uxListRemove                             0x0800cb71   Thumb Code    42  list.o(.text.uxListRemove)
    vApplicationGetIdleTaskMemory            0x0800cba1   Thumb Code    26  cmsis_os2.o(.text.vApplicationGetIdleTaskMemory)
    vApplicationGetTimerTaskMemory           0x0800cbc1   Thumb Code    28  cmsis_os2.o(.text.vApplicationGetTimerTaskMemory)
    vListInitialise                          0x0800cbe1   Thumb Code    22  list.o(.text.vListInitialise)
    vListInitialiseItem                      0x0800cbf9   Thumb Code     6  list.o(.text.vListInitialiseItem)
    vListInsert                              0x0800cc01   Thumb Code    58  list.o(.text.vListInsert)
    vListInsertEnd                           0x0800cc41   Thumb Code    28  list.o(.text.vListInsertEnd)
    vPortEnterCritical                       0x0800cc79   Thumb Code    74  port.o(.text.vPortEnterCritical)
    vPortExitCritical                        0x0800ccc9   Thumb Code    46  port.o(.text.vPortExitCritical)
    vPortFree                                0x0800ccf9   Thumb Code   210  heap_4.o(.text.vPortFree)
    vPortSetupTimerInterrupt                 0x0800cdd1   Thumb Code    52  port.o(.text.vPortSetupTimerInterrupt)
    vQueueAddToRegistry                      0x0800ce09   Thumb Code    38  queue.o(.text.vQueueAddToRegistry)
    vQueueWaitForMessageRestricted           0x0800ce31   Thumb Code    70  queue.o(.text.vQueueWaitForMessageRestricted)
    vTaskDelay                               0x0800ce79   Thumb Code   166  tasks.o(.text.vTaskDelay)
    vTaskInternalSetTimeOutState             0x0800cf21   Thumb Code    26  tasks.o(.text.vTaskInternalSetTimeOutState)
    vTaskMissedYield                         0x0800cf41   Thumb Code    14  tasks.o(.text.vTaskMissedYield)
    vTaskPlaceOnEventList                    0x0800cf51   Thumb Code    54  tasks.o(.text.vTaskPlaceOnEventList)
    vTaskPlaceOnEventListRestricted          0x0800cf89   Thumb Code    62  tasks.o(.text.vTaskPlaceOnEventListRestricted)
    vTaskStartScheduler                      0x0800cfc9   Thumb Code   156  tasks.o(.text.vTaskStartScheduler)
    vTaskSuspendAll                          0x0800d071   Thumb Code    16  tasks.o(.text.vTaskSuspendAll)
    vTaskSwitchContext                       0x0800d081   Thumb Code   154  tasks.o(.text.vTaskSwitchContext)
    xPortStartScheduler                      0x0800d121   Thumb Code   306  port.o(.text.xPortStartScheduler)
    xPortSysTickHandler                      0x0800d259   Thumb Code    46  port.o(.text.xPortSysTickHandler)
    xQueueGenericCreateStatic                0x0800d289   Thumb Code   218  queue.o(.text.xQueueGenericCreateStatic)
    xQueueGenericSend                        0x0800d369   Thumb Code   530  queue.o(.text.xQueueGenericSend)
    xQueueReceive                            0x0800d581   Thumb Code   424  queue.o(.text.xQueueReceive)
    xTaskCheckForTimeOut                     0x0800d729   Thumb Code   140  tasks.o(.text.xTaskCheckForTimeOut)
    xTaskCreate                              0x0800d7b9   Thumb Code   222  tasks.o(.text.xTaskCreate)
    xTaskCreateStatic                        0x0800d899   Thumb Code   246  tasks.o(.text.xTaskCreateStatic)
    xTaskGetSchedulerState                   0x0800d991   Thumb Code    36  tasks.o(.text.xTaskGetSchedulerState)
    xTaskGetTickCount                        0x0800d9b9   Thumb Code    12  tasks.o(.text.xTaskGetTickCount)
    xTaskIncrementTick                       0x0800d9c9   Thumb Code   366  tasks.o(.text.xTaskIncrementTick)
    xTaskPriorityDisinherit                  0x0800db39   Thumb Code   146  tasks.o(.text.xTaskPriorityDisinherit)
    xTaskRemoveFromEventList                 0x0800dbd1   Thumb Code   142  tasks.o(.text.xTaskRemoveFromEventList)
    xTaskResumeAll                           0x0800dc61   Thumb Code   308  tasks.o(.text.xTaskResumeAll)
    xTimerCreateTimerTask                    0x0800dd99   Thumb Code   108  timers.o(.text.xTimerCreateTimerTask)
    __ARM_fpclassifyf                        0x0800de0d   Thumb Code    38  fpclassifyf.o(i.__ARM_fpclassifyf)
    __hardfp_atan2f                          0x0800de35   Thumb Code   594  atan2f.o(i.__hardfp_atan2f)
    __hardfp_cosf                            0x0800e0e1   Thumb Code   280  cosf.o(i.__hardfp_cosf)
    __hardfp_sinf                            0x0800e231   Thumb Code   344  sinf.o(i.__hardfp_sinf)
    __hardfp_sqrtf                           0x0800e3c1   Thumb Code    58  sqrtf.o(i.__hardfp_sqrtf)
    __mathlib_flt_infnan                     0x0800e3fb   Thumb Code     6  funder.o(i.__mathlib_flt_infnan)
    __mathlib_flt_infnan2                    0x0800e401   Thumb Code     6  funder.o(i.__mathlib_flt_infnan2)
    __mathlib_flt_invalid                    0x0800e409   Thumb Code    10  funder.o(i.__mathlib_flt_invalid)
    __mathlib_flt_underflow                  0x0800e419   Thumb Code    10  funder.o(i.__mathlib_flt_underflow)
    __mathlib_rredf2                         0x0800e429   Thumb Code   316  rredf.o(i.__mathlib_rredf2)
    _fp_init                                 0x0800e57d   Thumb Code    26  fpinit.o(x$fpl$fpinit)
    __fplib_config_fpu_vfp                   0x0800e595   Thumb Code     0  fpinit.o(x$fpl$fpinit)
    __fplib_config_pureend_doubles           0x0800e595   Thumb Code     0  fpinit.o(x$fpl$fpinit)
    __I$use$fp                               0x0800e596   Number         0  usenofp.o(x$fpl$usenofp)
    BoardcommTask_attributes                 0x0800e610   Data          36  freertos.o(.rodata.BoardcommTask_attributes)
    ChassisTask_attributes                   0x0800e634   Data          36  freertos.o(.rodata.ChassisTask_attributes)
    D1CorePrescTable                         0x0800e658   Data          16  system_stm32h7xx.o(.rodata.D1CorePrescTable)
    IMUTask_attributes                       0x0800e668   Data          36  freertos.o(.rodata.IMUTask_attributes)
    LegMotorTask_attributes                  0x0800e68c   Data          36  freertos.o(.rodata.LegMotorTask_attributes)
    UARTPrescTable                           0x0800e6b0   Data          24  stm32h7xx_hal_uart.o(.rodata.UARTPrescTable)
    defaultTask_attributes                   0x0800e778   Data          36  freertos.o(.rodata.defaultTask_attributes)
    sinTable_f32                             0x0800e79c   Data        2052  arm_common_tables.o(.rodata.sinTable_f32)
    Region$$Table$$Base                      0x0800efdc   Number         0  anon$$obj.o(Region$$Table)
    Region$$Table$$Limit                     0x0800f00c   Number         0  anon$$obj.o(Region$$Table)
    Can_Fun                                  0x24000000   Data          12  bsp_fdcan.o(.data.Can_Fun)
    Disable_M1505B                           0x2400000c   Data           8  m1505b_motor.o(.data.Disable_M1505B)
    Enable_M1505B                            0x24000014   Data           8  m1505b_motor.o(.data.Enable_M1505B)
    M1505B_FUN                               0x2400001c   Data          32  m1505b_motor.o(.data.M1505B_FUN)
    M6020_Fun                                0x2400003c   Data          16  m6020_motor.o(.data.M6020_Fun)
    SetLID_M1505B                            0x2400004c   Data           8  m1505b_motor.o(.data.SetLID_M1505B)
    SetRID_M1505B                            0x24000054   Data           8  m1505b_motor.o(.data.SetRID_M1505B)
    SystemCoreClock                          0x2400005c   Data           4  system_stm32h7xx.o(.data.SystemCoreClock)
    SystemD2Clock                            0x24000060   Data           4  system_stm32h7xx.o(.data.SystemD2Clock)
    chassis                                  0x24000068   Data        3376  chassis.o(.data.chassis)
    uwTickFreq                               0x24000d98   Data           1  stm32h7xx_hal.o(.data.uwTickFreq)
    uwTickPrio                               0x24000d9c   Data           4  stm32h7xx_hal.o(.data.uwTickPrio)
    __libspace_start                         0x24000da8   Data          96  libspace.o(.bss)
    BoardcommTaskHandle                      0x24000e08   Data           4  freertos.o(.bss.BoardcommTaskHandle)
    __temporary_stack_top$libspace           0x24000e08   Data           0  libspace.o(.bss)
    ChassisTaskHandle                        0x24000e20   Data           4  freertos.o(.bss.ChassisTaskHandle)
    IMUTaskHandle                            0x24000e2c   Data           4  freertos.o(.bss.IMUTaskHandle)
    INS                                      0x24000e30   Data         124  ins.o(.bss.INS)
    INS_DWT_Count                            0x24000eac   Data           4  ins.o(.bss.INS_DWT_Count)
    LegMotorTaskHandle                       0x24000eb4   Data           4  freertos.o(.bss.LegMotorTaskHandle)
    M1505B_Array                             0x24000eb8   Data         224  m1505b_motor.o(.bss.M1505B_Array)
    M1505B_Data_Tx                           0x24000f98   Data           8  m1505b_motor.o(.bss.M1505B_Data_Tx)
    M6020_Data_Tx                            0x24000fa0   Data           8  m6020_motor.o(.bss.M6020_Data_Tx)
    M6020s_Yaw                               0x24000fa8   Data         200  m6020_motor.o(.bss.M6020s_Yaw)
    Saber_Angle                              0x24001070   Data          52  saber_c3.o(.bss.Saber_Angle)
    Saber_Montage                            0x240010a5   Data         152  saber_c3.o(.bss.Saber_Montage)
    Saber_Rxbuffer                           0x2400113d   Data          76  saber_c3.o(.bss.Saber_Rxbuffer)
    board_comm                               0x2400119c   Data          36  board_comm.o(.bss.board_comm)
    defaultTaskHandle                        0x240011c0   Data           4  freertos.o(.bss.defaultTaskHandle)
    hcrc                                     0x240011c4   Data          36  crc.o(.bss.hcrc)
    hdma_uart7_rx                            0x240011e8   Data         120  usart.o(.bss.hdma_uart7_rx)
    hdma_uart7_tx                            0x24001260   Data         120  usart.o(.bss.hdma_uart7_tx)
    hdma_usart2_rx                           0x240012d8   Data         120  usart.o(.bss.hdma_usart2_rx)
    hdma_usart2_tx                           0x24001350   Data         120  usart.o(.bss.hdma_usart2_tx)
    hdma_usart3_rx                           0x240013c8   Data         120  usart.o(.bss.hdma_usart3_rx)
    hdma_usart3_tx                           0x24001440   Data         120  usart.o(.bss.hdma_usart3_tx)
    hfdcan1                                  0x240014b8   Data         160  fdcan.o(.bss.hfdcan1)
    hfdcan2                                  0x24001558   Data         160  fdcan.o(.bss.hfdcan2)
    hspi6                                    0x240015f8   Data         136  spi.o(.bss.hspi6)
    htim2                                    0x24001680   Data          76  stm32h7xx_hal_timebase_tim.o(.bss.htim2)
    htim3                                    0x240016cc   Data          76  tim.o(.bss.htim3)
    huart2                                   0x24001718   Data         148  usart.o(.bss.huart2)
    huart3                                   0x240017ac   Data         148  usart.o(.bss.huart3)
    huart7                                   0x24001840   Data         148  usart.o(.bss.huart7)
    pxCurrentTCB                             0x240019c8   Data           4  tasks.o(.bss.pxCurrentTCB)
    sizeof_double                            0x24001e40   Data           2  kalman_filter.o(.bss.sizeof_double)
    sizeof_float                             0x24001e42   Data           2  kalman_filter.o(.bss.sizeof_float)
    uwTick                                   0x24005a4c   Data           4  stm32h7xx_hal.o(.bss.uwTick)
    xQueueRegistry                           0x240061a4   Data          64  queue.o(.bss.xQueueRegistry)



==============================================================================

Memory Map of the image

  Image Entry point : 0x080002cd

  Load Region LR_IROM1 (Base: 0x08000000, Size: 0x0000fdb8, Max: 0x00100000, ABSOLUTE, COMPRESSED[0x0000f098])

    Execution Region ER_IROM1 (Exec base: 0x08000000, Load base: 0x08000000, Size: 0x0000f00c, Max: 0x00100000, ABSOLUTE)

    Exec Addr    Load Addr    Size         Type   Attr      Idx    E Section Name        Object

    0x08000000   0x08000000   0x000002cc   Data   RO            3    RESET               startup_stm32h723xx.o
    0x080002cc   0x080002cc   0x00000008   Code   RO         3223  * !!!main             c_w.l(__main.o)
    0x080002d4   0x080002d4   0x0000005c   Code   RO         3505    !!!scatter          c_w.l(__scatter.o)
    0x08000330   0x08000330   0x0000003a   Code   RO         3503    !!dczerorl          c_w.l(__dczerorl.o)
    0x0800036a   0x0800036a   0x00000002   PAD
    0x0800036c   0x0800036c   0x00000002   Code   RO         3506    !!handler_null      c_w.l(__scatter.o)
    0x0800036e   0x0800036e   0x00000002   PAD
    0x08000370   0x08000370   0x0000001c   Code   RO         3509    !!handler_zi        c_w.l(__scatter_zi.o)
    0x0800038c   0x0800038c   0x00000002   Code   RO         3438    .ARM.Collect$$libinit$$00000000  c_w.l(libinit.o)
    0x0800038e   0x0800038e   0x00000004   Code   RO         3295    .ARM.Collect$$libinit$$00000001  c_w.l(libinit2.o)
    0x08000392   0x08000392   0x00000000   Code   RO         3298    .ARM.Collect$$libinit$$00000004  c_w.l(libinit2.o)
    0x08000392   0x08000392   0x00000000   Code   RO         3300    .ARM.Collect$$libinit$$00000006  c_w.l(libinit2.o)
    0x08000392   0x08000392   0x00000008   Code   RO         3301    .ARM.Collect$$libinit$$00000007  c_w.l(libinit2.o)
    0x0800039a   0x0800039a   0x00000000   Code   RO         3303    .ARM.Collect$$libinit$$0000000C  c_w.l(libinit2.o)
    0x0800039a   0x0800039a   0x00000000   Code   RO         3305    .ARM.Collect$$libinit$$0000000E  c_w.l(libinit2.o)
    0x0800039a   0x0800039a   0x00000000   Code   RO         3307    .ARM.Collect$$libinit$$00000010  c_w.l(libinit2.o)
    0x0800039a   0x0800039a   0x00000000   Code   RO         3310    .ARM.Collect$$libinit$$00000013  c_w.l(libinit2.o)
    0x0800039a   0x0800039a   0x00000000   Code   RO         3312    .ARM.Collect$$libinit$$00000015  c_w.l(libinit2.o)
    0x0800039a   0x0800039a   0x00000000   Code   RO         3314    .ARM.Collect$$libinit$$00000017  c_w.l(libinit2.o)
    0x0800039a   0x0800039a   0x00000000   Code   RO         3316    .ARM.Collect$$libinit$$00000019  c_w.l(libinit2.o)
    0x0800039a   0x0800039a   0x00000000   Code   RO         3318    .ARM.Collect$$libinit$$0000001B  c_w.l(libinit2.o)
    0x0800039a   0x0800039a   0x00000000   Code   RO         3320    .ARM.Collect$$libinit$$0000001D  c_w.l(libinit2.o)
    0x0800039a   0x0800039a   0x00000000   Code   RO         3322    .ARM.Collect$$libinit$$0000001F  c_w.l(libinit2.o)
    0x0800039a   0x0800039a   0x00000000   Code   RO         3324    .ARM.Collect$$libinit$$00000021  c_w.l(libinit2.o)
    0x0800039a   0x0800039a   0x00000000   Code   RO         3326    .ARM.Collect$$libinit$$00000023  c_w.l(libinit2.o)
    0x0800039a   0x0800039a   0x00000000   Code   RO         3328    .ARM.Collect$$libinit$$00000025  c_w.l(libinit2.o)
    0x0800039a   0x0800039a   0x00000000   Code   RO         3330    .ARM.Collect$$libinit$$00000027  c_w.l(libinit2.o)
    0x0800039a   0x0800039a   0x00000000   Code   RO         3334    .ARM.Collect$$libinit$$0000002E  c_w.l(libinit2.o)
    0x0800039a   0x0800039a   0x00000000   Code   RO         3336    .ARM.Collect$$libinit$$00000030  c_w.l(libinit2.o)
    0x0800039a   0x0800039a   0x00000000   Code   RO         3338    .ARM.Collect$$libinit$$00000032  c_w.l(libinit2.o)
    0x0800039a   0x0800039a   0x00000000   Code   RO         3340    .ARM.Collect$$libinit$$00000034  c_w.l(libinit2.o)
    0x0800039a   0x0800039a   0x00000002   Code   RO         3341    .ARM.Collect$$libinit$$00000035  c_w.l(libinit2.o)
    0x0800039c   0x0800039c   0x00000002   Code   RO         3500    .ARM.Collect$$libshutdown$$00000000  c_w.l(libshutdown.o)
    0x0800039e   0x0800039e   0x00000000   Code   RO         3456    .ARM.Collect$$libshutdown$$00000002  c_w.l(libshutdown2.o)
    0x0800039e   0x0800039e   0x00000000   Code   RO         3458    .ARM.Collect$$libshutdown$$00000004  c_w.l(libshutdown2.o)
    0x0800039e   0x0800039e   0x00000000   Code   RO         3461    .ARM.Collect$$libshutdown$$00000007  c_w.l(libshutdown2.o)
    0x0800039e   0x0800039e   0x00000000   Code   RO         3464    .ARM.Collect$$libshutdown$$0000000A  c_w.l(libshutdown2.o)
    0x0800039e   0x0800039e   0x00000000   Code   RO         3466    .ARM.Collect$$libshutdown$$0000000C  c_w.l(libshutdown2.o)
    0x0800039e   0x0800039e   0x00000000   Code   RO         3469    .ARM.Collect$$libshutdown$$0000000F  c_w.l(libshutdown2.o)
    0x0800039e   0x0800039e   0x00000002   Code   RO         3470    .ARM.Collect$$libshutdown$$00000010  c_w.l(libshutdown2.o)
    0x080003a0   0x080003a0   0x00000000   Code   RO         3257    .ARM.Collect$$rtentry$$00000000  c_w.l(__rtentry.o)
    0x080003a0   0x080003a0   0x00000000   Code   RO         3370    .ARM.Collect$$rtentry$$00000002  c_w.l(__rtentry2.o)
    0x080003a0   0x080003a0   0x00000006   Code   RO         3382    .ARM.Collect$$rtentry$$00000004  c_w.l(__rtentry4.o)
    0x080003a6   0x080003a6   0x00000000   Code   RO         3372    .ARM.Collect$$rtentry$$00000009  c_w.l(__rtentry2.o)
    0x080003a6   0x080003a6   0x00000004   Code   RO         3373    .ARM.Collect$$rtentry$$0000000A  c_w.l(__rtentry2.o)
    0x080003aa   0x080003aa   0x00000000   Code   RO         3375    .ARM.Collect$$rtentry$$0000000C  c_w.l(__rtentry2.o)
    0x080003aa   0x080003aa   0x00000008   Code   RO         3376    .ARM.Collect$$rtentry$$0000000D  c_w.l(__rtentry2.o)
    0x080003b2   0x080003b2   0x00000002   Code   RO         3443    .ARM.Collect$$rtexit$$00000000  c_w.l(rtexit.o)
    0x080003b4   0x080003b4   0x00000000   Code   RO         3476    .ARM.Collect$$rtexit$$00000002  c_w.l(rtexit2.o)
    0x080003b4   0x080003b4   0x00000004   Code   RO         3477    .ARM.Collect$$rtexit$$00000003  c_w.l(rtexit2.o)
    0x080003b8   0x080003b8   0x00000006   Code   RO         3478    .ARM.Collect$$rtexit$$00000004  c_w.l(rtexit2.o)
    0x080003be   0x080003be   0x00000002   PAD
    0x080003c0   0x080003c0   0x00000040   Code   RO            4    .text               startup_stm32h723xx.o
    0x08000400   0x08000400   0x0000005e   Code   RO         3153    .text               c_w.l(h1_alloc.o)
    0x0800045e   0x0800045e   0x000000f0   Code   RO         3207    .text               c_w.l(lludivv7m.o)
    0x0800054e   0x0800054e   0x0000008a   Code   RO         3209    .text               c_w.l(rt_memcpy_v6.o)
    0x080005d8   0x080005d8   0x00000064   Code   RO         3211    .text               c_w.l(rt_memcpy_w.o)
    0x0800063c   0x0800063c   0x00000010   Code   RO         3215    .text               c_w.l(aeabi_memset4.o)
    0x0800064c   0x0800064c   0x00000044   Code   RO         3217    .text               c_w.l(rt_memclr.o)
    0x08000690   0x08000690   0x0000004e   Code   RO         3219    .text               c_w.l(rt_memclr_w.o)
    0x080006de   0x080006de   0x00000006   Code   RO         3221    .text               c_w.l(heapauxi.o)
    0x080006e4   0x080006e4   0x00000008   Code   RO         3265    .text               c_w.l(rt_heap_descriptor_intlibspace.o)
    0x080006ec   0x080006ec   0x00000004   Code   RO         3267    .text               c_w.l(hguard.o)
    0x080006f0   0x080006f0   0x0000008a   Code   RO         3269    .text               c_w.l(init_alloc.o)
    0x0800077a   0x0800077a   0x0000000c   Code   RO         3275    .text               c_w.l(h1_init.o)
    0x08000786   0x08000786   0x0000004e   Code   RO         3277    .text               c_w.l(h1_free.o)
    0x080007d4   0x080007d4   0x00000016   Code   RO         3291    .text               c_w.l(_rserrno.o)
    0x080007ea   0x080007ea   0x00000002   PAD
    0x080007ec   0x080007ec   0x00000008   Code   RO         3366    .text               c_w.l(libspace.o)
    0x080007f4   0x080007f4   0x00000008   Code   RO         3389    .text               c_w.l(rt_errno_addr_intlibspace.o)
    0x080007fc   0x080007fc   0x00000000   Code   RO         3393    .text               c_w.l(maybetermalloc1.o)
    0x080007fc   0x080007fc   0x00000034   Code   RO         3395    .text               c_w.l(h1_extend.o)
    0x08000830   0x08000830   0x0000000e   Code   RO         3399    .text               c_w.l(defsig_rtmem_outer.o)
    0x0800083e   0x0800083e   0x00000002   Code   RO         3410    .text               c_w.l(use_no_semi.o)
    0x08000840   0x08000840   0x00000000   Code   RO         3412    .text               c_w.l(indicate_semi.o)
    0x08000840   0x08000840   0x0000004a   Code   RO         3413    .text               c_w.l(sys_stackheap_outer.o)
    0x0800088a   0x0800088a   0x00000012   Code   RO         3419    .text               c_w.l(exit.o)
    0x0800089c   0x0800089c   0x0000000a   Code   RO         3421    .text               c_w.l(defsig_exit.o)
    0x080008a6   0x080008a6   0x00000002   PAD
    0x080008a8   0x080008a8   0x00000050   Code   RO         3427    .text               c_w.l(defsig_rtmem_inner.o)
    0x080008f8   0x080008f8   0x0000000c   Code   RO         3439    .text               c_w.l(sys_exit.o)
    0x08000904   0x08000904   0x00000032   Code   RO         3451    .text               c_w.l(defsig_general.o)
    0x08000936   0x08000936   0x0000000e   Code   RO         3471    .text               c_w.l(sys_wrch.o)
    0x08000944   0x08000944   0x00000004   PAD
    0x08000948   0x08000948   0x0000001a   Code   RO         2641    .text.BoardCommInit  board_comm.o
    0x08000962   0x08000962   0x00000006   PAD
    0x08000968   0x08000968   0x0000005c   Code   RO         2645    .text.BoardCommReceive  board_comm.o
    0x080009c4   0x080009c4   0x00000004   PAD
    0x080009c8   0x080009c8   0x00000042   Code   RO         2643    .text.BoardCommSend  board_comm.o
    0x08000a0a   0x08000a0a   0x00000006   PAD
    0x08000a10   0x08000a10   0x00000002   Code   RO          175    .text.BusFault_Handler  stm32h7xx_it.o
    0x08000a12   0x08000a12   0x00000006   PAD
    0x08000a18   0x08000a18   0x00000034   Code   RO         2602    .text.ChassisCalcTask  task_manager.o
    0x08000a4c   0x08000a4c   0x00000004   PAD
    0x08000a50   0x08000a50   0x0000000c   Code   RO          181    .text.DMA1_Stream1_IRQHandler  stm32h7xx_it.o
    0x08000a5c   0x08000a5c   0x00000004   PAD
    0x08000a60   0x08000a60   0x0000000c   Code   RO          183    .text.DMA1_Stream2_IRQHandler  stm32h7xx_it.o
    0x08000a6c   0x08000a6c   0x00000004   PAD
    0x08000a70   0x08000a70   0x0000000c   Code   RO          185    .text.DMA1_Stream3_IRQHandler  stm32h7xx_it.o
    0x08000a7c   0x08000a7c   0x00000004   PAD
    0x08000a80   0x08000a80   0x0000000c   Code   RO          187    .text.DMA1_Stream4_IRQHandler  stm32h7xx_it.o
    0x08000a8c   0x08000a8c   0x00000004   PAD
    0x08000a90   0x08000a90   0x0000000c   Code   RO          199    .text.DMA2_Stream1_IRQHandler  stm32h7xx_it.o
    0x08000a9c   0x08000a9c   0x00000004   PAD
    0x08000aa0   0x08000aa0   0x0000000c   Code   RO          201    .text.DMA2_Stream2_IRQHandler  stm32h7xx_it.o
    0x08000aac   0x08000aac   0x00000004   PAD
    0x08000ab0   0x08000ab0   0x00000118   Code   RO          539    .text.DMA_CalcBaseAndBitshift  stm32h7xx_hal_dma.o
    0x08000bc8   0x08000bc8   0x000002f4   Code   RO          545    .text.DMA_SetConfig  stm32h7xx_hal_dma.o
    0x08000ebc   0x08000ebc   0x00000004   PAD
    0x08000ec0   0x08000ec0   0x00000038   Code   RO         2943    .text.DWT_Delay     bsp_dwt.o
    0x08000ef8   0x08000ef8   0x00000080   Code   RO         2931    .text.DWT_GetDeltaT  bsp_dwt.o
    0x08000f78   0x08000f78   0x000000e4   Code   RO         2939    .text.DWT_GetTimeline_ms  bsp_dwt.o
    0x0800105c   0x0800105c   0x00000004   PAD
    0x08001060   0x08001060   0x000000c4   Code   RO         2929    .text.DWT_Init      bsp_dwt.o
    0x08001124   0x08001124   0x00000004   PAD
    0x08001128   0x08001128   0x00000002   Code   RO          179    .text.DebugMon_Handler  stm32h7xx_it.o
    0x0800112a   0x0800112a   0x00000006   PAD
    0x08001130   0x08001130   0x0000000a   Code   RO           15    .text.Error_Handler  main.o
    0x0800113a   0x0800113a   0x00000006   PAD
    0x08001140   0x08001140   0x0000000c   Code   RO          189    .text.FDCAN1_IT0_IRQHandler  stm32h7xx_it.o
    0x0800114c   0x0800114c   0x00000004   PAD
    0x08001150   0x08001150   0x0000000c   Code   RO          191    .text.FDCAN2_IT0_IRQHandler  stm32h7xx_it.o
    0x0800115c   0x0800115c   0x00000004   PAD
    0x08001160   0x08001160   0x0000007e   Code   RO         1158    .text.FDCAN_CopyMessageToRAM  stm32h7xx_hal_fdcan.o
    0x080011de   0x080011de   0x00000002   PAD
    0x080011e0   0x080011e0   0x0000009a   Code   RO          308    .text.HAL_CRCEx_Polynomial_Set  stm32h7xx_hal_crc_ex.o
    0x0800127a   0x0800127a   0x00000006   PAD
    0x08001280   0x08001280   0x00000078   Code   RO          284    .text.HAL_CRC_Init  stm32h7xx_hal_crc.o
    0x080012f8   0x080012f8   0x0000002c   Code   RO           69    .text.HAL_CRC_MspInit  crc.o
    0x08001324   0x08001324   0x00000004   PAD
    0x08001328   0x08001328   0x000004ec   Code   RO          549    .text.HAL_DMA_Abort  stm32h7xx_hal_dma.o
    0x08001814   0x08001814   0x00000004   PAD
    0x08001818   0x08001818   0x0000029c   Code   RO          551    .text.HAL_DMA_Abort_IT  stm32h7xx_hal_dma.o
    0x08001ab4   0x08001ab4   0x00000004   PAD
    0x08001ab8   0x08001ab8   0x00000a7c   Code   RO          555    .text.HAL_DMA_IRQHandler  stm32h7xx_hal_dma.o
    0x08002534   0x08002534   0x00000004   PAD
    0x08002538   0x08002538   0x00000640   Code   RO          537    .text.HAL_DMA_Init  stm32h7xx_hal_dma.o
    0x08002b78   0x08002b78   0x00000382   Code   RO          547    .text.HAL_DMA_Start_IT  stm32h7xx_hal_dma.o
    0x08002efa   0x08002efa   0x00000006   PAD
    0x08002f00   0x08002f00   0x00000078   Code   RO         1236    .text.HAL_FDCAN_ActivateNotification  stm32h7xx_hal_fdcan.o
    0x08002f78   0x08002f78   0x00000066   Code   RO         1156    .text.HAL_FDCAN_AddMessageToTxFifoQ  stm32h7xx_hal_fdcan.o
    0x08002fde   0x08002fde   0x00000002   PAD
    0x08002fe0   0x08002fe0   0x00000002   Code   RO         1250    .text.HAL_FDCAN_ClockCalibrationCallback  stm32h7xx_hal_fdcan.o
    0x08002fe2   0x08002fe2   0x00000006   PAD
    0x08002fe8   0x08002fe8   0x00000088   Code   RO         1108    .text.HAL_FDCAN_ConfigFilter  stm32h7xx_hal_fdcan.o
    0x08003070   0x08003070   0x00000036   Code   RO         1110    .text.HAL_FDCAN_ConfigGlobalFilter  stm32h7xx_hal_fdcan.o
    0x080030a6   0x080030a6   0x00000002   PAD
    0x080030a8   0x080030a8   0x00000002   Code   RO         1278    .text.HAL_FDCAN_ErrorCallback  stm32h7xx_hal_fdcan.o
    0x080030aa   0x080030aa   0x00000006   PAD
    0x080030b0   0x080030b0   0x00000002   Code   RO         1268    .text.HAL_FDCAN_ErrorStatusCallback  stm32h7xx_hal_fdcan.o
    0x080030b2   0x080030b2   0x00000006   PAD
    0x080030b8   0x080030b8   0x0000018a   Code   RO         1168    .text.HAL_FDCAN_GetRxMessage  stm32h7xx_hal_fdcan.o
    0x08003242   0x08003242   0x00000006   PAD
    0x08003248   0x08003248   0x00000002   Code   RO         1246    .text.HAL_FDCAN_HighPriorityMessageCallback  stm32h7xx_hal_fdcan.o
    0x0800324a   0x0800324a   0x00000006   PAD
    0x08003250   0x08003250   0x00000316   Code   RO         1244    .text.HAL_FDCAN_IRQHandler  stm32h7xx_hal_fdcan.o
    0x08003566   0x08003566   0x00000002   PAD
    0x08003568   0x08003568   0x000003c6   Code   RO         1086    .text.HAL_FDCAN_Init  stm32h7xx_hal_fdcan.o
    0x0800392e   0x0800392e   0x00000002   PAD
    0x08003930   0x08003930   0x00000150   Code   RO           95    .text.HAL_FDCAN_MspInit  fdcan.o
    0x08003a80   0x08003a80   0x00000002   Code   RO         1262    .text.HAL_FDCAN_RxBufferNewMessageCallback  stm32h7xx_hal_fdcan.o
    0x08003a82   0x08003a82   0x00000006   PAD
    0x08003a88   0x08003a88   0x00000050   Code   RO         2965    .text.HAL_FDCAN_RxFifo0Callback  bsp_fdcan.o
    0x08003ad8   0x08003ad8   0x00000002   Code   RO         1256    .text.HAL_FDCAN_RxFifo1Callback  stm32h7xx_hal_fdcan.o
    0x08003ada   0x08003ada   0x00000006   PAD
    0x08003ae0   0x08003ae0   0x00000032   Code   RO         1154    .text.HAL_FDCAN_Start  stm32h7xx_hal_fdcan.o
    0x08003b12   0x08003b12   0x00000006   PAD
    0x08003b18   0x08003b18   0x00000002   Code   RO         1276    .text.HAL_FDCAN_TT_GlobalTimeCallback  stm32h7xx_hal_fdcan.o
    0x08003b1a   0x08003b1a   0x00000006   PAD
    0x08003b20   0x08003b20   0x00000002   Code   RO         1270    .text.HAL_FDCAN_TT_ScheduleSyncCallback  stm32h7xx_hal_fdcan.o
    0x08003b22   0x08003b22   0x00000006   PAD
    0x08003b28   0x08003b28   0x00000002   Code   RO         1274    .text.HAL_FDCAN_TT_StopWatchCallback  stm32h7xx_hal_fdcan.o
    0x08003b2a   0x08003b2a   0x00000006   PAD
    0x08003b30   0x08003b30   0x00000002   Code   RO         1272    .text.HAL_FDCAN_TT_TimeMarkCallback  stm32h7xx_hal_fdcan.o
    0x08003b32   0x08003b32   0x00000006   PAD
    0x08003b38   0x08003b38   0x00000002   Code   RO         1266    .text.HAL_FDCAN_TimeoutOccurredCallback  stm32h7xx_hal_fdcan.o
    0x08003b3a   0x08003b3a   0x00000006   PAD
    0x08003b40   0x08003b40   0x00000002   Code   RO         1264    .text.HAL_FDCAN_TimestampWraparoundCallback  stm32h7xx_hal_fdcan.o
    0x08003b42   0x08003b42   0x00000006   PAD
    0x08003b48   0x08003b48   0x00000002   Code   RO         1248    .text.HAL_FDCAN_TxBufferAbortCallback  stm32h7xx_hal_fdcan.o
    0x08003b4a   0x08003b4a   0x00000006   PAD
    0x08003b50   0x08003b50   0x00000002   Code   RO         1260    .text.HAL_FDCAN_TxBufferCompleteCallback  stm32h7xx_hal_fdcan.o
    0x08003b52   0x08003b52   0x00000006   PAD
    0x08003b58   0x08003b58   0x00000002   Code   RO         1252    .text.HAL_FDCAN_TxEventFifoCallback  stm32h7xx_hal_fdcan.o
    0x08003b5a   0x08003b5a   0x00000006   PAD
    0x08003b60   0x08003b60   0x00000002   Code   RO         1258    .text.HAL_FDCAN_TxFifoEmptyCallback  stm32h7xx_hal_fdcan.o
    0x08003b62   0x08003b62   0x00000006   PAD
    0x08003b68   0x08003b68   0x0000019e   Code   RO          483    .text.HAL_GPIO_Init  stm32h7xx_hal_gpio.o
    0x08003d06   0x08003d06   0x00000002   PAD
    0x08003d08   0x08003d08   0x0000000a   Code   RO          489    .text.HAL_GPIO_WritePin  stm32h7xx_hal_gpio.o
    0x08003d12   0x08003d12   0x00000006   PAD
    0x08003d18   0x08003d18   0x0000000c   Code   RO          783    .text.HAL_GetTick   stm32h7xx_hal.o
    0x08003d24   0x08003d24   0x00000004   PAD
    0x08003d28   0x08003d28   0x0000002e   Code   RO         1048    .text.HAL_I2CEx_EnableFastModePlus  stm32h7xx_hal_i2c_ex.o
    0x08003d56   0x08003d56   0x00000002   PAD
    0x08003d58   0x08003d58   0x0000001a   Code   RO          781    .text.HAL_IncTick   stm32h7xx_hal.o
    0x08003d72   0x08003d72   0x00000006   PAD
    0x08003d78   0x08003d78   0x00000064   Code   RO          771    .text.HAL_Init      stm32h7xx_hal.o
    0x08003ddc   0x08003ddc   0x00000004   PAD
    0x08003de0   0x08003de0   0x000000a4   Code   RO          221    .text.HAL_InitTick  stm32h7xx_hal_timebase_tim.o
    0x08003e84   0x08003e84   0x00000004   PAD
    0x08003e88   0x08003e88   0x0000002a   Code   RO          212    .text.HAL_MspInit   stm32h7xx_hal_msp.o
    0x08003eb2   0x08003eb2   0x00000006   PAD
    0x08003eb8   0x08003eb8   0x00000020   Code   RO          240    .text.HAL_NVIC_EnableIRQ  stm32h7xx_hal_cortex.o
    0x08003ed8   0x08003ed8   0x0000005a   Code   RO          238    .text.HAL_NVIC_SetPriority  stm32h7xx_hal_cortex.o
    0x08003f32   0x08003f32   0x00000006   PAD
    0x08003f38   0x08003f38   0x00000020   Code   RO          236    .text.HAL_NVIC_SetPriorityGrouping  stm32h7xx_hal_cortex.o
    0x08003f58   0x08003f58   0x00000048   Code   RO          687    .text.HAL_PWREx_ConfigSupply  stm32h7xx_hal_pwr_ex.o
    0x08003fa0   0x08003fa0   0x00000026   Code   RO          374    .text.HAL_RCCEx_GetD3PCLK1Freq  stm32h7xx_hal_rcc_ex.o
    0x08003fc6   0x08003fc6   0x00000002   PAD
    0x08003fc8   0x08003fc8   0x00000128   Code   RO          370    .text.HAL_RCCEx_GetPLL2ClockFreq  stm32h7xx_hal_rcc_ex.o
    0x080040f0   0x080040f0   0x00000128   Code   RO          372    .text.HAL_RCCEx_GetPLL3ClockFreq  stm32h7xx_hal_rcc_ex.o
    0x08004218   0x08004218   0x0000097e   Code   RO          358    .text.HAL_RCCEx_PeriphCLKConfig  stm32h7xx_hal_rcc_ex.o
    0x08004b96   0x08004b96   0x00000002   PAD
    0x08004b98   0x08004b98   0x00000258   Code   RO          326    .text.HAL_RCC_ClockConfig  stm32h7xx_hal_rcc.o
    0x08004df0   0x08004df0   0x00000058   Code   RO          344    .text.HAL_RCC_GetClockConfig  stm32h7xx_hal_rcc.o
    0x08004e48   0x08004e48   0x0000004c   Code   RO          336    .text.HAL_RCC_GetHCLKFreq  stm32h7xx_hal_rcc.o
    0x08004e94   0x08004e94   0x00000004   PAD
    0x08004e98   0x08004e98   0x00000060   Code   RO          338    .text.HAL_RCC_GetPCLK1Freq  stm32h7xx_hal_rcc.o
    0x08004ef8   0x08004ef8   0x00000060   Code   RO          340    .text.HAL_RCC_GetPCLK2Freq  stm32h7xx_hal_rcc.o
    0x08004f58   0x08004f58   0x0000010c   Code   RO          328    .text.HAL_RCC_GetSysClockFreq  stm32h7xx_hal_rcc.o
    0x08005064   0x08005064   0x00000004   PAD
    0x08005068   0x08005068   0x00000528   Code   RO          324    .text.HAL_RCC_OscConfig  stm32h7xx_hal_rcc.o
    0x08005590   0x08005590   0x00000082   Code   RO         1886    .text.HAL_RS485Ex_Init  stm32h7xx_hal_uart_ex.o
    0x08005612   0x08005612   0x00000006   PAD
    0x08005618   0x08005618   0x000001aa   Code   RO         1294    .text.HAL_SPI_Init  stm32h7xx_hal_spi.o
    0x080057c2   0x080057c2   0x00000006   PAD
    0x080057c8   0x080057c8   0x00000094   Code   RO          112    .text.HAL_SPI_MspInit  spi.o
    0x0800585c   0x0800585c   0x00000004   PAD
    0x08005860   0x08005860   0x00000264   Code   RO         1302    .text.HAL_SPI_Transmit  stm32h7xx_hal_spi.o
    0x08005ac4   0x08005ac4   0x00000004   PAD
    0x08005ac8   0x08005ac8   0x00000002   Code   RO         1727    .text.HAL_TIMEx_Break2Callback  stm32h7xx_hal_tim_ex.o
    0x08005aca   0x08005aca   0x00000006   PAD
    0x08005ad0   0x08005ad0   0x00000002   Code   RO         1725    .text.HAL_TIMEx_BreakCallback  stm32h7xx_hal_tim_ex.o
    0x08005ad2   0x08005ad2   0x00000006   PAD
    0x08005ad8   0x08005ad8   0x00000002   Code   RO         1721    .text.HAL_TIMEx_CommutCallback  stm32h7xx_hal_tim_ex.o
    0x08005ada   0x08005ada   0x00000006   PAD
    0x08005ae0   0x08005ae0   0x000000e4   Code   RO         1705    .text.HAL_TIMEx_MasterConfigSynchronization  stm32h7xx_hal_tim_ex.o
    0x08005bc4   0x08005bc4   0x00000004   PAD
    0x08005bc8   0x08005bc8   0x00000060   Code   RO         1410    .text.HAL_TIM_Base_Init  stm32h7xx_hal_tim.o
    0x08005c28   0x08005c28   0x00000002   Code   RO         1412    .text.HAL_TIM_Base_MspInit  stm32h7xx_hal_tim.o
    0x08005c2a   0x08005c2a   0x00000006   PAD
    0x08005c30   0x08005c30   0x000000ca   Code   RO         1424    .text.HAL_TIM_Base_Start_IT  stm32h7xx_hal_tim.o
    0x08005cfa   0x08005cfa   0x00000006   PAD
    0x08005d00   0x08005d00   0x00000002   Code   RO         1546    .text.HAL_TIM_IC_CaptureCallback  stm32h7xx_hal_tim.o
    0x08005d02   0x08005d02   0x00000006   PAD
    0x08005d08   0x08005d08   0x00000188   Code   RO         1544    .text.HAL_TIM_IRQHandler  stm32h7xx_hal_tim.o
    0x08005e90   0x08005e90   0x00000002   Code   RO         1548    .text.HAL_TIM_OC_DelayElapsedCallback  stm32h7xx_hal_tim.o
    0x08005e92   0x08005e92   0x00000006   PAD
    0x08005e98   0x08005e98   0x000004a4   Code   RO         1564    .text.HAL_TIM_PWM_ConfigChannel  stm32h7xx_hal_tim.o
    0x0800633c   0x0800633c   0x00000004   PAD
    0x08006340   0x08006340   0x00000060   Code   RO         1464    .text.HAL_TIM_PWM_Init  stm32h7xx_hal_tim.o
    0x080063a0   0x080063a0   0x00000030   Code   RO          129    .text.HAL_TIM_PWM_MspInit  tim.o
    0x080063d0   0x080063d0   0x00000002   Code   RO         1550    .text.HAL_TIM_PWM_PulseFinishedCallback  stm32h7xx_hal_tim.o
    0x080063d2   0x080063d2   0x00000006   PAD
    0x080063d8   0x080063d8   0x0000000e   Code   RO           17    .text.HAL_TIM_PeriodElapsedCallback  main.o
    0x080063e6   0x080063e6   0x00000002   PAD
    0x080063e8   0x080063e8   0x00000002   Code   RO         1554    .text.HAL_TIM_TriggerCallback  stm32h7xx_hal_tim.o
    0x080063ea   0x080063ea   0x00000006   PAD
    0x080063f0   0x080063f0   0x00000036   Code   RO         1904    .text.HAL_UARTEx_DisableFifoMode  stm32h7xx_hal_uart_ex.o
    0x08006426   0x08006426   0x00000002   PAD
    0x08006428   0x08006428   0x00000056   Code   RO         1914    .text.HAL_UARTEx_ReceiveToIdle_DMA  stm32h7xx_hal_uart_ex.o
    0x0800647e   0x0800647e   0x00000002   PAD
    0x08006480   0x08006480   0x00000058   Code   RO         2606    .text.HAL_UARTEx_RxEventCallback  task_manager.o
    0x080064d8   0x080064d8   0x00000002   Code   RO         1890    .text.HAL_UARTEx_RxFifoFullCallback  stm32h7xx_hal_uart_ex.o
    0x080064da   0x080064da   0x00000006   PAD
    0x080064e0   0x080064e0   0x00000096   Code   RO         1908    .text.HAL_UARTEx_SetRxFifoThreshold  stm32h7xx_hal_uart_ex.o
    0x08006576   0x08006576   0x00000002   PAD
    0x08006578   0x08006578   0x00000096   Code   RO         1906    .text.HAL_UARTEx_SetTxFifoThreshold  stm32h7xx_hal_uart_ex.o
    0x0800660e   0x0800660e   0x00000002   PAD
    0x08006610   0x08006610   0x00000002   Code   RO         1892    .text.HAL_UARTEx_TxFifoEmptyCallback  stm32h7xx_hal_uart_ex.o
    0x08006612   0x08006612   0x00000006   PAD
    0x08006618   0x08006618   0x00000002   Code   RO         1888    .text.HAL_UARTEx_WakeupCallback  stm32h7xx_hal_uart_ex.o
    0x0800661a   0x0800661a   0x00000006   PAD
    0x08006620   0x08006620   0x00000002   Code   RO         1829    .text.HAL_UART_ErrorCallback  stm32h7xx_hal_uart.o
    0x08006622   0x08006622   0x00000006   PAD
    0x08006628   0x08006628   0x00000466   Code   RO         1825    .text.HAL_UART_IRQHandler  stm32h7xx_hal_uart.o
    0x08006a8e   0x08006a8e   0x00000002   PAD
    0x08006a90   0x08006a90   0x00000062   Code   RO         1741    .text.HAL_UART_Init  stm32h7xx_hal_uart.o
    0x08006af2   0x08006af2   0x00000006   PAD
    0x08006af8   0x08006af8   0x00000354   Code   RO          148    .text.HAL_UART_MspInit  usart.o
    0x08006e4c   0x08006e4c   0x00000004   PAD
    0x08006e50   0x08006e50   0x000000ec   Code   RO         1789    .text.HAL_UART_Receive_DMA  stm32h7xx_hal_uart.o
    0x08006f3c   0x08006f3c   0x00000004   PAD
    0x08006f40   0x08006f40   0x00000002   Code   RO         1837    .text.HAL_UART_RxCpltCallback  stm32h7xx_hal_uart.o
    0x08006f42   0x08006f42   0x00000006   PAD
    0x08006f48   0x08006f48   0x00000002   Code   RO         1839    .text.HAL_UART_RxHalfCpltCallback  stm32h7xx_hal_uart.o
    0x08006f4a   0x08006f4a   0x00000006   PAD
    0x08006f50   0x08006f50   0x00000094   Code   RO         1781    .text.HAL_UART_Transmit_DMA  stm32h7xx_hal_uart.o
    0x08006fe4   0x08006fe4   0x00000004   PAD
    0x08006fe8   0x08006fe8   0x00000002   Code   RO         1833    .text.HAL_UART_TxCpltCallback  stm32h7xx_hal_uart.o
    0x08006fea   0x08006fea   0x00000006   PAD
    0x08006ff0   0x08006ff0   0x00000002   Code   RO         1835    .text.HAL_UART_TxHalfCpltCallback  stm32h7xx_hal_uart.o
    0x08006ff2   0x08006ff2   0x00000006   PAD
    0x08006ff8   0x08006ff8   0x00000002   Code   RO          171    .text.HardFault_Handler  stm32h7xx_it.o
    0x08006ffa   0x08006ffa   0x00000006   PAD
    0x08007000   0x08007000   0x00000004   Code   RO         2618    .text.INS_Init      ins.o
    0x08007004   0x08007004   0x00000004   PAD
    0x08007008   0x08007008   0x00000250   Code   RO         2620    .text.INS_Task      ins.o
    0x08007258   0x08007258   0x00000024   Code   RO         2871    .text.M1505B_Disable  m1505b_motor.o
    0x0800727c   0x0800727c   0x00000004   PAD
    0x08007280   0x08007280   0x000000b4   Code   RO         2869    .text.M1505B_Enable  m1505b_motor.o
    0x08007334   0x08007334   0x00000004   PAD
    0x08007338   0x08007338   0x00000024   Code   RO         2873    .text.M1505B_SetIDL  m1505b_motor.o
    0x0800735c   0x0800735c   0x00000004   PAD
    0x08007360   0x08007360   0x00000024   Code   RO         2875    .text.M1505B_SetIDR  m1505b_motor.o
    0x08007384   0x08007384   0x00000004   PAD
    0x08007388   0x08007388   0x00000088   Code   RO         2883    .text.M1505B_SetTor  m1505b_motor.o
    0x08007410   0x08007410   0x000000d8   Code   RO         2881    .text.M1505B_getInfo  m1505b_motor.o
    0x080074e8   0x080074e8   0x0000004a   Code   RO         2877    .text.M1505B_setCurrent  m1505b_motor.o
    0x08007532   0x08007532   0x00000006   PAD
    0x08007538   0x08007538   0x00000046   Code   RO         2879    .text.M1505B_setSeq  m1505b_motor.o
    0x0800757e   0x0800757e   0x00000002   PAD
    0x08007580   0x08007580   0x00000084   Code   RO         2836    .text.M6020_Enable  m6020_motor.o
    0x08007604   0x08007604   0x00000004   PAD
    0x08007608   0x08007608   0x00000016   Code   RO         2834    .text.M6020_Reset   m6020_motor.o
    0x0800761e   0x0800761e   0x00000002   PAD
    0x08007620   0x08007620   0x00000076   Code   RO         2832    .text.M6020_getInfo  m6020_motor.o
    0x08007696   0x08007696   0x00000002   PAD
    0x08007698   0x08007698   0x00000046   Code   RO         2830    .text.M6020_setVoltage  m6020_motor.o
    0x080076de   0x080076de   0x00000002   PAD
    0x080076e0   0x080076e0   0x0000003e   Code   RO           67    .text.MX_CRC_Init   crc.o
    0x0800771e   0x0800771e   0x00000002   PAD
    0x08007720   0x08007720   0x00000096   Code   RO           82    .text.MX_DMA_Init   dma.o
    0x080077b6   0x080077b6   0x00000002   PAD
    0x080077b8   0x080077b8   0x00000072   Code   RO           91    .text.MX_FDCAN1_Init  fdcan.o
    0x0800782a   0x0800782a   0x00000006   PAD
    0x08007830   0x08007830   0x00000076   Code   RO           93    .text.MX_FDCAN2_Init  fdcan.o
    0x080078a6   0x080078a6   0x00000002   PAD
    0x080078a8   0x080078a8   0x000000a4   Code   RO           37    .text.MX_FREERTOS_Init  freertos.o
    0x0800794c   0x0800794c   0x00000004   PAD
    0x08007950   0x08007950   0x000000fc   Code   RO           28    .text.MX_GPIO_Init  gpio.o
    0x08007a4c   0x08007a4c   0x00000004   PAD
    0x08007a50   0x08007a50   0x0000005e   Code   RO          110    .text.MX_SPI6_Init  spi.o
    0x08007aae   0x08007aae   0x00000002   PAD
    0x08007ab0   0x08007ab0   0x000000d0   Code   RO          125    .text.MX_TIM3_Init  tim.o
    0x08007b80   0x08007b80   0x0000007c   Code   RO          142    .text.MX_UART7_Init  usart.o
    0x08007bfc   0x08007bfc   0x00000004   PAD
    0x08007c00   0x08007c00   0x00000084   Code   RO          144    .text.MX_USART2_UART_Init  usart.o
    0x08007c84   0x08007c84   0x00000004   PAD
    0x08007c88   0x08007c88   0x00000084   Code   RO          146    .text.MX_USART3_UART_Init  usart.o
    0x08007d0c   0x08007d0c   0x00000004   PAD
    0x08007d10   0x08007d10   0x00000002   Code   RO          173    .text.MemManage_Handler  stm32h7xx_it.o
    0x08007d12   0x08007d12   0x00000006   PAD
    0x08007d18   0x08007d18   0x00000002   Code   RO          169    .text.NMI_Handler   stm32h7xx_it.o
    0x08007d1a   0x08007d1a   0x00000006   PAD
    0x08007d20   0x08007d20   0x00000064   Code   RO         2527    .text.PendSV_Handler  port.o
    0x08007d84   0x08007d84   0x00000004   PAD
    0x08007d88   0x08007d88   0x000000ca   Code   RO         2910    .text.Position_PID  tpid.o
    0x08007e52   0x08007e52   0x00000006   PAD
    0x08007e58   0x08007e58   0x00000022   Code   RO         2908    .text.Position_PIDInit  tpid.o
    0x08007e7a   0x08007e7a   0x00000006   PAD
    0x08007e80   0x08007e80   0x0000011e   Code   RO          360    .text.RCCEx_PLL2_Config  stm32h7xx_hal_rcc_ex.o
    0x08007f9e   0x08007f9e   0x00000002   PAD
    0x08007fa0   0x08007fa0   0x0000011e   Code   RO          362    .text.RCCEx_PLL3_Config  stm32h7xx_hal_rcc_ex.o
    0x080080be   0x080080be   0x00000002   PAD
    0x080080c0   0x080080c0   0x000000c4   Code   RO         1304    .text.SPI_CloseTransfer  stm32h7xx_hal_spi.o
    0x08008184   0x08008184   0x0000000c   PAD
    0x08008190   0x08008190   0x00000024   Code   RO         2511    .text.SVC_Handler   port.o
    0x080081b4   0x080081b4   0x00000004   PAD
    0x080081b8   0x080081b8   0x00000016   Code   RO         2851    .text.Saber_Init    saber_c3.o
    0x080081ce   0x080081ce   0x00000002   PAD
    0x080081d0   0x080081d0   0x000000e4   Code   RO         2855    .text.Saber_Read    saber_c3.o
    0x080082b4   0x080082b4   0x00000004   PAD
    0x080082b8   0x080082b8   0x0000002c   Code   RO           47    .text.StartBoardcommTask  freertos.o
    0x080082e4   0x080082e4   0x00000004   PAD
    0x080082e8   0x080082e8   0x00000014   Code   RO           41    .text.StartChassisTask  freertos.o
    0x080082fc   0x080082fc   0x00000004   PAD
    0x08008300   0x08008300   0x00000026   Code   RO           39    .text.StartDefaultTask  freertos.o
    0x08008326   0x08008326   0x00000002   PAD
    0x08008328   0x08008328   0x00000018   Code   RO           45    .text.StartIMUTask  freertos.o
    0x08008340   0x08008340   0x00000020   Code   RO           43    .text.StartLegMotorTask  freertos.o
    0x08008360   0x08008360   0x0000001e   Code   RO         2316    .text.SysTick_Handler  cmsis_os2.o
    0x0800837e   0x0800837e   0x00000002   PAD
    0x08008380   0x08008380   0x000000b2   Code   RO           13    .text.SystemClock_Config  main.o
    0x08008432   0x08008432   0x00000006   PAD
    0x08008438   0x08008438   0x000000b0   Code   RO         1927    .text.SystemInit    system_stm32h7xx.o
    0x080084e8   0x080084e8   0x0000000c   Code   RO          193    .text.TIM2_IRQHandler  stm32h7xx_it.o
    0x080084f4   0x080084f4   0x00000004   PAD
    0x080084f8   0x080084f8   0x00000154   Code   RO         1414    .text.TIM_Base_SetConfig  stm32h7xx_hal_tim.o
    0x0800864c   0x0800864c   0x00000004   PAD
    0x08008650   0x08008650   0x00000026   Code   RO         2902    .text.TPID_Init     tpid.o
    0x08008676   0x08008676   0x00000002   PAD
    0x08008678   0x08008678   0x000000d2   Code   RO         2906    .text.T_Update      tpid.o
    0x0800874a   0x0800874a   0x00000006   PAD
    0x08008750   0x08008750   0x0000000c   Code   RO          203    .text.UART7_IRQHandler  stm32h7xx_it.o
    0x0800875c   0x0800875c   0x00000004   PAD
    0x08008760   0x08008760   0x000000e0   Code   RO         1747    .text.UART_AdvFeatureConfig  stm32h7xx_hal_uart.o
    0x08008840   0x08008840   0x000000b8   Code   RO         1749    .text.UART_CheckIdleState  stm32h7xx_hal_uart.o
    0x080088f8   0x080088f8   0x00000010   Code   RO         1827    .text.UART_DMAAbortOnError  stm32h7xx_hal_uart.o
    0x08008908   0x08008908   0x000000c8   Code   RO         1787    .text.UART_DMAError  stm32h7xx_hal_uart.o
    0x080089d0   0x080089d0   0x00000082   Code   RO         1871    .text.UART_DMAReceiveCplt  stm32h7xx_hal_uart.o
    0x08008a52   0x08008a52   0x00000006   PAD
    0x08008a58   0x08008a58   0x0000001a   Code   RO         1873    .text.UART_DMARxHalfCplt  stm32h7xx_hal_uart.o
    0x08008a72   0x08008a72   0x00000006   PAD
    0x08008a78   0x08008a78   0x0000003e   Code   RO         1783    .text.UART_DMATransmitCplt  stm32h7xx_hal_uart.o
    0x08008ab6   0x08008ab6   0x00000002   PAD
    0x08008ab8   0x08008ab8   0x00000006   Code   RO         1785    .text.UART_DMATxHalfCplt  stm32h7xx_hal_uart.o
    0x08008abe   0x08008abe   0x00000002   PAD
    0x08008ac0   0x08008ac0   0x0000046c   Code   RO         1745    .text.UART_SetConfig  stm32h7xx_hal_uart.o
    0x08008f2c   0x08008f2c   0x00000004   PAD
    0x08008f30   0x08008f30   0x000000a0   Code   RO         1791    .text.UART_Start_Receive_DMA  stm32h7xx_hal_uart.o
    0x08008fd0   0x08008fd0   0x00000136   Code   RO         1763    .text.UART_WaitOnFlagUntilTimeout  stm32h7xx_hal_uart.o
    0x08009106   0x08009106   0x00000002   PAD
    0x08009108   0x08009108   0x0000000c   Code   RO          195    .text.USART2_IRQHandler  stm32h7xx_it.o
    0x08009114   0x08009114   0x00000004   PAD
    0x08009118   0x08009118   0x0000000c   Code   RO          197    .text.USART3_IRQHandler  stm32h7xx_it.o
    0x08009124   0x08009124   0x00000004   PAD
    0x08009128   0x08009128   0x0000003c   Code   RO         2596    .text.UnitreeMotorTask  task_manager.o
    0x08009164   0x08009164   0x00000004   PAD
    0x08009168   0x08009168   0x00000002   Code   RO          177    .text.UsageFault_Handler  stm32h7xx_it.o
    0x0800916a   0x0800916a   0x00000006   PAD
    0x08009170   0x08009170   0x0000009a   Code   RO         2920    .text.WS2812_Ctrl   ws2812.o
    0x0800920a   0x0800920a   0x00000006   PAD
    0x08009210   0x08009210   0x0000000c   Code   RO         2598    .text.WheelMotorTask  task_manager.o
    0x0800921c   0x0800921c   0x00000004   PAD
    0x08009220   0x08009220   0x0000000c   Code   RO         2600    .text.YawMotorTask  task_manager.o
    0x0800922c   0x0800922c   0x00000004   PAD
    0x08009230   0x08009230   0x0000039a   Code   RO         2683    .text._Z18Kalman_Filter_InitP4kf_thhh  kalman_filter.o
    0x080095ca   0x080095ca   0x00000006   PAD
    0x080095d0   0x080095d0   0x000000c0   Code   RO         2691    .text._Z18Kalman_Filter_SetKP4kf_t  kalman_filter.o
    0x08009690   0x08009690   0x00000194   Code   RO         2697    .text._Z20Kalman_Filter_UpdateP4kf_t  kalman_filter.o
    0x08009824   0x08009824   0x00000004   PAD
    0x08009828   0x08009828   0x00000142   Code   RO         2685    .text._Z21Kalman_Filter_MeasureP4kf_t  kalman_filter.o
    0x0800996a   0x0800996a   0x00000006   PAD
    0x08009970   0x08009970   0x00000084   Code   RO         2693    .text._Z24Kalman_Filter_xhatUpdateP4kf_t  kalman_filter.o
    0x080099f4   0x080099f4   0x00000004   PAD
    0x080099f8   0x080099f8   0x0000006e   Code   RO         2687    .text._Z29Kalman_Filter_xhatMinusUpdateP4kf_t  kalman_filter.o
    0x08009a66   0x08009a66   0x00000002   PAD
    0x08009a68   0x08009a68   0x00000044   Code   RO         2812    .text._ZN13Unitree_Motor4CtrlEv  unitree.o
    0x08009aac   0x08009aac   0x00000004   PAD
    0x08009ab0   0x08009ab0   0x00000012   Code   RO         2800    .text._ZN13Unitree_Motor4InitEP20__UART_HandleTypeDefhhf  unitree.o
    0x08009ac2   0x08009ac2   0x00000006   PAD
    0x08009ac8   0x08009ac8   0x00000014   Code   RO         2818    .text._ZN13Unitree_Motor6GetTorEv  unitree.o
    0x08009adc   0x08009adc   0x00000004   PAD
    0x08009ae0   0x08009ae0   0x00000150   Code   RO         2810    .text._ZN13Unitree_Motor6UpdateEPh  unitree.o
    0x08009c30   0x08009c30   0x0000001c   Code   RO         2814    .text._ZN13Unitree_Motor8GetAngleEv  unitree.o
    0x08009c4c   0x08009c4c   0x00000004   PAD
    0x08009c50   0x08009c50   0x00000014   Code   RO         2816    .text._ZN13Unitree_Motor8GetSpeedEv  unitree.o
    0x08009c64   0x08009c64   0x00000004   PAD
    0x08009c68   0x08009c68   0x00000100   Code   RO         2808    .text._ZN13Unitree_Motor8SendDataEv  unitree.o
    0x08009d68   0x08009d68   0x0000003c   Code   RO         2806    .text._ZN13Unitree_Motor9SetMotorTEf  unitree.o
    0x08009da4   0x08009da4   0x00000004   PAD
    0x08009da8   0x08009da8   0x000002dc   Code   RO         2566    .text._ZN15balance_Chassis10ControllerEv  chassis.o
    0x0800a084   0x0800a084   0x00000004   PAD
    0x0800a088   0x0800a088   0x00000154   Code   RO         2556    .text._ZN15balance_Chassis10TorControlEv  chassis.o
    0x0800a1dc   0x0800a1dc   0x00000004   PAD
    0x0800a1e0   0x0800a1e0   0x0000006c   Code   RO         2558    .text._ZN15balance_Chassis11SetMotorTorEv  chassis.o
    0x0800a24c   0x0800a24c   0x00000004   PAD
    0x0800a250   0x0800a250   0x0000011a   Code   RO         2548    .text._ZN15balance_Chassis12SpeedEstInitEv  chassis.o
    0x0800a36a   0x0800a36a   0x00000006   PAD
    0x0800a370   0x0800a370   0x000000e0   Code   RO         2572    .text._ZN15balance_Chassis4JumpEv  chassis.o
    0x0800a450   0x0800a450   0x00000130   Code   RO         2550    .text._ZN15balance_Chassis7LegCalcEv  chassis.o
    0x0800a580   0x0800a580   0x0000009e   Code   RO         2546    .text._ZN15balance_Chassis7PidInitEv  chassis.o
    0x0800a61e   0x0800a61e   0x00000002   PAD
    0x0800a620   0x0800a620   0x0000009c   Code   RO         2544    .text._ZN15balance_Chassis9MotorInitEv  chassis.o
    0x0800a6bc   0x0800a6bc   0x00000004   PAD
    0x0800a6c0   0x0800a6c0   0x00000148   Code   RO         2576    .text._ZN15balance_Chassis9SetFollowEv  chassis.o
    0x0800a808   0x0800a808   0x000001c8   Code   RO         2570    .text._ZN15balance_Chassis9SpeedCalcEv  chassis.o
    0x0800a9d0   0x0800a9d0   0x000001fc   Code   RO         2656    .text._ZN3Lqr4CalcEv  lqr.o
    0x0800abcc   0x0800abcc   0x00000004   PAD
    0x0800abd0   0x0800abd0   0x000002bc   Code   RO         2709    .text._ZN3Pid9CalculateEv  pid.o
    0x0800ae8c   0x0800ae8c   0x00000004   PAD
    0x0800ae90   0x0800ae90   0x000000a8   Code   RO         2673    .text._ZN3Vmc12LegForceCalcEv  vmc.o
    0x0800af38   0x0800af38   0x00000460   Code   RO         2667    .text._ZN3Vmc7LegCalcEv  vmc.o
    0x0800b398   0x0800b398   0x00000032   Code   RO         2669    .text._ZN3Vmc7TorCalcEv  vmc.o
    0x0800b3ca   0x0800b3ca   0x00000006   PAD
    0x0800b3d0   0x0800b3d0   0x000002e4   Code   RO         2671    .text._ZN3Vmc8JacobianEv  vmc.o
    0x0800b6b4   0x0800b6b4   0x00000004   PAD
    0x0800b6b8   0x0800b6b8   0x00000026   Code   RO         2766    .text._ZN4Math8AbsLimitEff  user_lib.o
    0x0800b6de   0x0800b6de   0x00000002   PAD
    0x0800b6e0   0x0800b6e0   0x00000090   Code   RO         2976    .text.arm_cos_f32   arm_cortexM7lfdp_math.lib(arm_cos_f32.o)
    0x0800b770   0x0800b770   0x000000be   Code   RO         2996    .text.arm_mat_add_f32  arm_cortexM7lfdp_math.lib(arm_mat_add_f32.o)
    0x0800b82e   0x0800b82e   0x00000008   Code   RO         3006    .text.arm_mat_init_f32  arm_cortexM7lfdp_math.lib(arm_mat_init_f32.o)
    0x0800b836   0x0800b836   0x00000002   PAD
    0x0800b838   0x0800b838   0x000002cc   Code   RO         3015    .text.arm_mat_inverse_f32  arm_cortexM7lfdp_math.lib(arm_mat_inverse_f32.o)
    0x0800bb04   0x0800bb04   0x00000130   Code   RO         3025    .text.arm_mat_mult_f32  arm_cortexM7lfdp_math.lib(arm_mat_mult_f32.o)
    0x0800bc34   0x0800bc34   0x000000be   Code   RO         3035    .text.arm_mat_sub_f32  arm_cortexM7lfdp_math.lib(arm_mat_sub_f32.o)
    0x0800bcf2   0x0800bcf2   0x00000002   PAD
    0x0800bcf4   0x0800bcf4   0x000000b4   Code   RO         3045    .text.arm_mat_trans_f32  arm_cortexM7lfdp_math.lib(arm_mat_trans_f32.o)
    0x0800bda8   0x0800bda8   0x0000008c   Code   RO         2986    .text.arm_sin_f32   arm_cortexM7lfdp_math.lib(arm_sin_f32.o)
    0x0800be34   0x0800be34   0x00000004   PAD
    0x0800be38   0x0800be38   0x00000060   Code   RO         2604    .text.boardCommunicateTask  task_manager.o
    0x0800be98   0x0800be98   0x00000078   Code   RO         2959    .text.can_bsp_init  bsp_fdcan.o
    0x0800bf10   0x0800bf10   0x0000013c   Code   RO         2963    .text.fdcanx_receive  bsp_fdcan.o
    0x0800c04c   0x0800c04c   0x00000004   PAD
    0x0800c050   0x0800c050   0x0000002c   Code   RO         2961    .text.fdcanx_send_data  bsp_fdcan.o
    0x0800c07c   0x0800c07c   0x00000004   PAD
    0x0800c080   0x0800c080   0x00000062   Code   RO           11    .text.main          main.o
    0x0800c0e2   0x0800c0e2   0x00000006   PAD
    0x0800c0e8   0x0800c0e8   0x00000020   Code   RO         2594    .text.motor_init    task_manager.o
    0x0800c108   0x0800c108   0x0000001e   Code   RO         2376    .text.osDelay       cmsis_os2.o
    0x0800c126   0x0800c126   0x00000002   PAD
    0x0800c128   0x0800c128   0x0000002a   Code   RO         2318    .text.osKernelInitialize  cmsis_os2.o
    0x0800c152   0x0800c152   0x00000006   PAD
    0x0800c158   0x0800c158   0x0000003c   Code   RO         2324    .text.osKernelStart  cmsis_os2.o
    0x0800c194   0x0800c194   0x00000004   PAD
    0x0800c198   0x0800c198   0x000000ba   Code   RO         2340    .text.osThreadNew   cmsis_os2.o
    0x0800c252   0x0800c252   0x00000006   PAD
    0x0800c258   0x0800c258   0x00000084   Code   RO         2134    .text.prvAddCurrentTaskToDelayedList  tasks.o
    0x0800c2dc   0x0800c2dc   0x00000004   PAD
    0x0800c2e0   0x0800c2e0   0x0000011c   Code   RO         2124    .text.prvAddNewTaskToReadyList  tasks.o
    0x0800c3fc   0x0800c3fc   0x00000004   PAD
    0x0800c400   0x0800c400   0x0000007c   Code   RO         2261    .text.prvCheckForValidListAndQueue  timers.o
    0x0800c47c   0x0800c47c   0x00000004   PAD
    0x0800c480   0x0800c480   0x00000096   Code   RO         2158    .text.prvIdleTask   tasks.o
    0x0800c516   0x0800c516   0x00000002   PAD
    0x0800c518   0x0800c518   0x00000028   Code   RO         2519    .text.prvPortStartFirstTask  port.o
    0x0800c540   0x0800c540   0x000000ea   Code   RO         2297    .text.prvSampleTimeNow  timers.o
    0x0800c62a   0x0800c62a   0x00000006   PAD
    0x0800c630   0x0800c630   0x00000032   Code   RO         2509    .text.prvTaskExitError  port.o
    0x0800c662   0x0800c662   0x00000006   PAD
    0x0800c668   0x0800c668   0x000002b6   Code   RO         2263    .text.prvTimerTask  timers.o
    0x0800c91e   0x0800c91e   0x00000002   PAD
    0x0800c920   0x0800c920   0x0000007a   Code   RO         2023    .text.prvUnlockQueue  queue.o
    0x0800c99a   0x0800c99a   0x00000006   PAD
    0x0800c9a0   0x0800c9a0   0x0000019e   Code   RO         2479    .text.pvPortMalloc  heap_4.o
    0x0800cb3e   0x0800cb3e   0x00000002   PAD
    0x0800cb40   0x0800cb40   0x0000002c   Code   RO         2507    .text.pxPortInitialiseStack  port.o
    0x0800cb6c   0x0800cb6c   0x00000004   PAD
    0x0800cb70   0x0800cb70   0x0000002a   Code   RO         1987    .text.uxListRemove  list.o
    0x0800cb9a   0x0800cb9a   0x00000006   PAD
    0x0800cba0   0x0800cba0   0x0000001a   Code   RO         2462    .text.vApplicationGetIdleTaskMemory  cmsis_os2.o
    0x0800cbba   0x0800cbba   0x00000006   PAD
    0x0800cbc0   0x0800cbc0   0x0000001c   Code   RO         2464    .text.vApplicationGetTimerTaskMemory  cmsis_os2.o
    0x0800cbdc   0x0800cbdc   0x00000004   PAD
    0x0800cbe0   0x0800cbe0   0x00000016   Code   RO         1979    .text.vListInitialise  list.o
    0x0800cbf6   0x0800cbf6   0x00000002   PAD
    0x0800cbf8   0x0800cbf8   0x00000006   Code   RO         1981    .text.vListInitialiseItem  list.o
    0x0800cbfe   0x0800cbfe   0x00000002   PAD
    0x0800cc00   0x0800cc00   0x0000003a   Code   RO         1985    .text.vListInsert   list.o
    0x0800cc3a   0x0800cc3a   0x00000006   PAD
    0x0800cc40   0x0800cc40   0x0000001c   Code   RO         1983    .text.vListInsertEnd  list.o
    0x0800cc5c   0x0800cc5c   0x00000004   PAD
    0x0800cc60   0x0800cc60   0x00000014   Code   RO         2517    .text.vPortEnableVFP  port.o
    0x0800cc74   0x0800cc74   0x00000004   PAD
    0x0800cc78   0x0800cc78   0x0000004a   Code   RO         2523    .text.vPortEnterCritical  port.o
    0x0800ccc2   0x0800ccc2   0x00000006   PAD
    0x0800ccc8   0x0800ccc8   0x0000002e   Code   RO         2525    .text.vPortExitCritical  port.o
    0x0800ccf6   0x0800ccf6   0x00000002   PAD
    0x0800ccf8   0x0800ccf8   0x000000d2   Code   RO         2481    .text.vPortFree     heap_4.o
    0x0800cdca   0x0800cdca   0x00000006   PAD
    0x0800cdd0   0x0800cdd0   0x00000034   Code   RO         2515    .text.vPortSetupTimerInterrupt  port.o
    0x0800ce04   0x0800ce04   0x00000004   PAD
    0x0800ce08   0x0800ce08   0x00000026   Code   RO         2057    .text.vQueueAddToRegistry  queue.o
    0x0800ce2e   0x0800ce2e   0x00000002   PAD
    0x0800ce30   0x0800ce30   0x00000046   Code   RO         2061    .text.vQueueWaitForMessageRestricted  queue.o
    0x0800ce76   0x0800ce76   0x00000002   PAD
    0x0800ce78   0x0800ce78   0x000000a6   Code   RO         2138    .text.vTaskDelay    tasks.o
    0x0800cf1e   0x0800cf1e   0x00000002   PAD
    0x0800cf20   0x0800cf20   0x0000001a   Code   RO         2188    .text.vTaskInternalSetTimeOutState  tasks.o
    0x0800cf3a   0x0800cf3a   0x00000006   PAD
    0x0800cf40   0x0800cf40   0x0000000e   Code   RO         2192    .text.vTaskMissedYield  tasks.o
    0x0800cf4e   0x0800cf4e   0x00000002   PAD
    0x0800cf50   0x0800cf50   0x00000036   Code   RO         2176    .text.vTaskPlaceOnEventList  tasks.o
    0x0800cf86   0x0800cf86   0x00000002   PAD
    0x0800cf88   0x0800cf88   0x0000003e   Code   RO         2180    .text.vTaskPlaceOnEventListRestricted  tasks.o
    0x0800cfc6   0x0800cfc6   0x00000002   PAD
    0x0800cfc8   0x0800cfc8   0x000000a4   Code   RO         2156    .text.vTaskStartScheduler  tasks.o
    0x0800d06c   0x0800d06c   0x00000004   PAD
    0x0800d070   0x0800d070   0x00000010   Code   RO         2132    .text.vTaskSuspendAll  tasks.o
    0x0800d080   0x0800d080   0x0000009a   Code   RO         2150    .text.vTaskSwitchContext  tasks.o
    0x0800d11a   0x0800d11a   0x00000006   PAD
    0x0800d120   0x0800d120   0x00000132   Code   RO         2513    .text.xPortStartScheduler  port.o
    0x0800d252   0x0800d252   0x00000006   PAD
    0x0800d258   0x0800d258   0x0000002e   Code   RO         2529    .text.xPortSysTickHandler  port.o
    0x0800d286   0x0800d286   0x00000002   PAD
    0x0800d288   0x0800d288   0x000000da   Code   RO         1999    .text.xQueueGenericCreateStatic  queue.o
    0x0800d362   0x0800d362   0x00000006   PAD
    0x0800d368   0x0800d368   0x00000212   Code   RO         2013    .text.xQueueGenericSend  queue.o
    0x0800d57a   0x0800d57a   0x00000006   PAD
    0x0800d580   0x0800d580   0x000001a8   Code   RO         2029    .text.xQueueReceive  queue.o
    0x0800d728   0x0800d728   0x0000008c   Code   RO         2190    .text.xTaskCheckForTimeOut  tasks.o
    0x0800d7b4   0x0800d7b4   0x00000004   PAD
    0x0800d7b8   0x0800d7b8   0x000000de   Code   RO         2126    .text.xTaskCreate   tasks.o
    0x0800d896   0x0800d896   0x00000002   PAD
    0x0800d898   0x0800d898   0x000000f6   Code   RO         2122    .text.xTaskCreateStatic  tasks.o
    0x0800d98e   0x0800d98e   0x00000002   PAD
    0x0800d990   0x0800d990   0x00000024   Code   RO         2204    .text.xTaskGetSchedulerState  tasks.o
    0x0800d9b4   0x0800d9b4   0x00000004   PAD
    0x0800d9b8   0x0800d9b8   0x0000000c   Code   RO         2164    .text.xTaskGetTickCount  tasks.o
    0x0800d9c4   0x0800d9c4   0x00000004   PAD
    0x0800d9c8   0x0800d9c8   0x0000016e   Code   RO         2162    .text.xTaskIncrementTick  tasks.o
    0x0800db36   0x0800db36   0x00000002   PAD
    0x0800db38   0x0800db38   0x00000092   Code   RO         2208    .text.xTaskPriorityDisinherit  tasks.o
    0x0800dbca   0x0800dbca   0x00000006   PAD
    0x0800dbd0   0x0800dbd0   0x0000008e   Code   RO         2182    .text.xTaskRemoveFromEventList  tasks.o
    0x0800dc5e   0x0800dc5e   0x00000002   PAD
    0x0800dc60   0x0800dc60   0x00000134   Code   RO         2136    .text.xTaskResumeAll  tasks.o
    0x0800dd94   0x0800dd94   0x00000004   PAD
    0x0800dd98   0x0800dd98   0x00000074   Code   RO         2259    .text.xTimerCreateTimerTask  timers.o
    0x0800de0c   0x0800de0c   0x00000026   Code   RO         3343    i.__ARM_fpclassifyf  m_wv.l(fpclassifyf.o)
    0x0800de32   0x0800de32   0x00000002   PAD
    0x0800de34   0x0800de34   0x000002ac   Code   RO         3231    i.__hardfp_atan2f   m_wv.l(atan2f.o)
    0x0800e0e0   0x0800e0e0   0x00000150   Code   RO         3237    i.__hardfp_cosf     m_wv.l(cosf.o)
    0x0800e230   0x0800e230   0x00000190   Code   RO         3243    i.__hardfp_sinf     m_wv.l(sinf.o)
    0x0800e3c0   0x0800e3c0   0x0000003a   Code   RO         3249    i.__hardfp_sqrtf    m_wv.l(sqrtf.o)
    0x0800e3fa   0x0800e3fa   0x00000006   Code   RO         3346    i.__mathlib_flt_infnan  m_wv.l(funder.o)
    0x0800e400   0x0800e400   0x00000006   Code   RO         3347    i.__mathlib_flt_infnan2  m_wv.l(funder.o)
    0x0800e406   0x0800e406   0x00000002   PAD
    0x0800e408   0x0800e408   0x00000010   Code   RO         3348    i.__mathlib_flt_invalid  m_wv.l(funder.o)
    0x0800e418   0x0800e418   0x00000010   Code   RO         3351    i.__mathlib_flt_underflow  m_wv.l(funder.o)
    0x0800e428   0x0800e428   0x00000154   Code   RO         3359    i.__mathlib_rredf2  m_wv.l(rredf.o)
    0x0800e57c   0x0800e57c   0x0000001a   Code   RO         3408    x$fpl$fpinit        fz_wv.l(fpinit.o)
    0x0800e596   0x0800e596   0x00000000   Code   RO         3342    x$fpl$usenofp       fz_wv.l(usenofp.o)
    0x0800e596   0x0800e596   0x00000002   PAD
    0x0800e598   0x0800e598   0x00000020   Data   RO         3360    .constdata          m_wv.l(rredf.o)
    0x0800e5b8   0x0800e5b8   0x0000004c   Data   RO         1284    .rodata..L__const.HAL_FDCAN_Init.CvtEltSize  stm32h7xx_hal_fdcan.o
    0x0800e604   0x0800e604   0x00000006   Data   RO         1876    .rodata..Lswitch.table.UART_SetConfig.7  stm32h7xx_hal_uart.o
    0x0800e60a   0x0800e60a   0x00000006   Data   RO         1877    .rodata..Lswitch.table.UART_SetConfig.9  stm32h7xx_hal_uart.o
    0x0800e610   0x0800e610   0x00000024   Data   RO           54    .rodata.BoardcommTask_attributes  freertos.o
    0x0800e634   0x0800e634   0x00000024   Data   RO           51    .rodata.ChassisTask_attributes  freertos.o
    0x0800e658   0x0800e658   0x00000010   Data   RO         1933    .rodata.D1CorePrescTable  system_stm32h7xx.o
    0x0800e668   0x0800e668   0x00000024   Data   RO           53    .rodata.IMUTask_attributes  freertos.o
    0x0800e68c   0x0800e68c   0x00000024   Data   RO           52    .rodata.LegMotorTask_attributes  freertos.o
    0x0800e6b0   0x0800e6b0   0x00000018   Data   RO         1875    .rodata.UARTPrescTable  stm32h7xx_hal_uart.o
    0x0800e6c8   0x0800e6c8   0x00000090   Data   RO         2658    .rodata._ZL1k       lqr.o
    0x0800e758   0x0800e758   0x00000010   Data   RO         1285    .rodata.cst16       stm32h7xx_hal_fdcan.o
    0x0800e768   0x0800e768   0x00000010   Data   RO         1918    .rodata.cst8        stm32h7xx_hal_uart_ex.o
    0x0800e778   0x0800e778   0x00000024   Data   RO           50    .rodata.defaultTask_attributes  freertos.o
    0x0800e79c   0x0800e79c   0x00000804   Data   RO         3141    .rodata.sinTable_f32  arm_cortexM7lfdp_math.lib(arm_common_tables.o)
    0x0800efa0   0x0800efa0   0x0000003b   Data   RO           49    .rodata.str1.1      freertos.o
    0x0800efdb   0x0800efdb   0x00000001   PAD
    0x0800efdc   0x0800efdc   0x00000030   Data   RO         3502    Region$$Table       anon$$obj.o


    Execution Region RW_IRAM1 (Exec base: 0x20000000, Load base: 0x0800f00c, Size: 0x00020000, Max: 0x00020000, ABSOLUTE)

    Exec Addr    Load Addr    Size         Type   Attr      Idx    E Section Name        Object

    0x20000000        -       0x00020000   Zero   RW            2    HEAP                startup_stm32h723xx.o


    Execution Region RW_IRAM2 (Exec base: 0x24000000, Load base: 0x0800f010, Size: 0x00006a28, Max: 0x00020000, ABSOLUTE, COMPRESSED[0x00000088])

    Exec Addr    Load Addr    Size         Type   Attr      Idx    E Section Name        Object

    0x24000000   COMPRESSED   0x0000000c   Data   RW         2967    .data.Can_Fun       bsp_fdcan.o
    0x2400000c   COMPRESSED   0x00000008   Data   RW         2888    .data.Disable_M1505B  m1505b_motor.o
    0x24000014   COMPRESSED   0x00000008   Data   RW         2889    .data.Enable_M1505B  m1505b_motor.o
    0x2400001c   COMPRESSED   0x00000020   Data   RW         2890    .data.M1505B_FUN    m1505b_motor.o
    0x2400003c   COMPRESSED   0x00000010   Data   RW         2840    .data.M6020_Fun     m6020_motor.o
    0x2400004c   COMPRESSED   0x00000008   Data   RW         2886    .data.SetLID_M1505B  m1505b_motor.o
    0x24000054   COMPRESSED   0x00000008   Data   RW         2887    .data.SetRID_M1505B  m1505b_motor.o
    0x2400005c   COMPRESSED   0x00000004   Data   RW         1931    .data.SystemCoreClock  system_stm32h7xx.o
    0x24000060   COMPRESSED   0x00000004   Data   RW         1932    .data.SystemD2Clock  system_stm32h7xx.o
    0x24000064   COMPRESSED   0x00000004   PAD
    0x24000068   COMPRESSED   0x00000d30   Data   RW         2582    .data.chassis       chassis.o
    0x24000d98   COMPRESSED   0x00000001   Data   RW          880    .data.uwTickFreq    stm32h7xx_hal.o
    0x24000d99   COMPRESSED   0x00000003   PAD
    0x24000d9c   COMPRESSED   0x00000004   Data   RW          879    .data.uwTickPrio    stm32h7xx_hal.o
    0x24000da0   COMPRESSED   0x00000004   Data   RW         2535    .data.uxCriticalNesting  port.o
    0x24000da4   COMPRESSED   0x00000004   PAD
    0x24000da8        -       0x00000060   Zero   RW         3367    .bss                c_w.l(libspace.o)
    0x24000e08        -       0x00000004   Zero   RW           59    .bss.BoardcommTaskHandle  freertos.o
    0x24000e0c        -       0x00000004   Zero   RW         2945    .bss.CPU_FREQ_Hz    bsp_dwt.o
    0x24000e10        -       0x00000004   Zero   RW         2946    .bss.CPU_FREQ_Hz_ms  bsp_dwt.o
    0x24000e14        -       0x00000004   Zero   RW         2947    .bss.CPU_FREQ_Hz_us  bsp_dwt.o
    0x24000e18        -       0x00000004   Zero   RW         2950    .bss.CYCCNT_LAST    bsp_dwt.o
    0x24000e1c        -       0x00000004   Zero   RW         2948    .bss.CYCCNT_RountCount  bsp_dwt.o
    0x24000e20        -       0x00000004   Zero   RW           56    .bss.ChassisTaskHandle  freertos.o
    0x24000e24        -       0x00000001   Zero   RW         2949    .bss.DWT_CNT_Update.bit_locker  bsp_dwt.o
    0x24000e25   COMPRESSED   0x00000003   PAD
    0x24000e28        -       0x00000004   Zero   RW          101    .bss.HAL_RCC_FDCAN_CLK_ENABLED  fdcan.o
    0x24000e2c        -       0x00000004   Zero   RW           58    .bss.IMUTaskHandle  freertos.o
    0x24000e30        -       0x0000007c   Zero   RW         2630    .bss.INS            ins.o
    0x24000eac        -       0x00000004   Zero   RW         2631    .bss.INS_DWT_Count  ins.o
    0x24000eb0        -       0x00000004   Zero   RW         2466    .bss.KernelState    cmsis_os2.o
    0x24000eb4        -       0x00000004   Zero   RW           57    .bss.LegMotorTaskHandle  freertos.o
    0x24000eb8        -       0x000000e0   Zero   RW         2885    .bss.M1505B_Array   m1505b_motor.o
    0x24000f98        -       0x00000008   Zero   RW         2891    .bss.M1505B_Data_Tx  m1505b_motor.o
    0x24000fa0        -       0x00000008   Zero   RW         2842    .bss.M6020_Data_Tx  m6020_motor.o
    0x24000fa8        -       0x000000c8   Zero   RW         2841    .bss.M6020s_Yaw     m6020_motor.o
    0x24001070        -       0x00000034   Zero   RW         2860    .bss.Saber_Angle    saber_c3.o
    0x240010a4        -       0x00000001   Zero   RW         2858    .bss.Saber_Cheak.Header_Position  saber_c3.o
    0x240010a5        -       0x00000098   Zero   RW         2859    .bss.Saber_Montage  saber_c3.o
    0x2400113d        -       0x0000004c   Zero   RW         2857    .bss.Saber_Rxbuffer  saber_c3.o
    0x24001189   COMPRESSED   0x00000003   PAD
    0x2400118c        -       0x00000004   Zero   RW         2632    .bss._ZL1t          ins.o
    0x24001190        -       0x00000001   Zero   RW         2609    .bss._ZZ26HAL_UARTEx_RxEventCallbackE18Saber_Montage_Flag  task_manager.o
    0x24001191   COMPRESSED   0x00000003   PAD
    0x24001194        -       0x00000004   Zero   RW         2584    .bss._ZZN15balance_Chassis9SetFollowEvE13delta_aim_yaw  chassis.o
    0x24001198        -       0x00000004   Zero   RW         2585    .bss._ZZN15balance_Chassis9SetFollowEvE9delta_yaw  chassis.o
    0x2400119c        -       0x00000024   Zero   RW         2647    .bss.board_comm     board_comm.o
    0x240011c0        -       0x00000004   Zero   RW           55    .bss.defaultTaskHandle  freertos.o
    0x240011c4        -       0x00000024   Zero   RW           73    .bss.hcrc           crc.o
    0x240011e8        -       0x00000078   Zero   RW          155    .bss.hdma_uart7_rx  usart.o
    0x24001260        -       0x00000078   Zero   RW          156    .bss.hdma_uart7_tx  usart.o
    0x240012d8        -       0x00000078   Zero   RW          157    .bss.hdma_usart2_rx  usart.o
    0x24001350        -       0x00000078   Zero   RW          158    .bss.hdma_usart2_tx  usart.o
    0x240013c8        -       0x00000078   Zero   RW          159    .bss.hdma_usart3_rx  usart.o
    0x24001440        -       0x00000078   Zero   RW          160    .bss.hdma_usart3_tx  usart.o
    0x240014b8        -       0x000000a0   Zero   RW           99    .bss.hfdcan1        fdcan.o
    0x24001558        -       0x000000a0   Zero   RW          100    .bss.hfdcan2        fdcan.o
    0x240015f8        -       0x00000088   Zero   RW          116    .bss.hspi6          spi.o
    0x24001680        -       0x0000004c   Zero   RW          227    .bss.htim2          stm32h7xx_hal_timebase_tim.o
    0x240016cc        -       0x0000004c   Zero   RW          133    .bss.htim3          tim.o
    0x24001718        -       0x00000094   Zero   RW          153    .bss.huart2         usart.o
    0x240017ac        -       0x00000094   Zero   RW          154    .bss.huart3         usart.o
    0x24001840        -       0x00000094   Zero   RW          152    .bss.huart7         usart.o
    0x240018d4        -       0x000000a0   Zero   RW         2307    .bss.prvCheckForValidListAndQueue.ucStaticTimerQueueStorage  timers.o
    0x24001974        -       0x00000050   Zero   RW         2306    .bss.prvCheckForValidListAndQueue.xStaticTimerQueue  timers.o
    0x240019c4        -       0x00000004   Zero   RW         2303    .bss.prvSampleTimeNow.xLastTime  timers.o
    0x240019c8        -       0x00000004   Zero   RW         2230    .bss.pxCurrentTCB   tasks.o
    0x240019cc        -       0x00000004   Zero   RW         2301    .bss.pxCurrentTimerList  timers.o
    0x240019d0        -       0x00000004   Zero   RW         2238    .bss.pxDelayedTaskList  tasks.o
    0x240019d4        -       0x00000004   Zero   RW         2491    .bss.pxEnd          heap_4.o
    0x240019d8        -       0x00000004   Zero   RW         2239    .bss.pxOverflowDelayedTaskList  tasks.o
    0x240019dc        -       0x00000004   Zero   RW         2302    .bss.pxOverflowTimerList  timers.o
    0x240019e0        -       0x00000460   Zero   RW         2241    .bss.pxReadyTasksLists  tasks.o
    0x24001e40        -       0x00000002   Zero   RW         2700    .bss.sizeof_double  kalman_filter.o
    0x24001e42        -       0x00000002   Zero   RW         2699    .bss.sizeof_float   kalman_filter.o
    0x24001e44        -       0x00003c00   Zero   RW         2498    .bss.ucHeap         heap_4.o
    0x24005a44        -       0x00000001   Zero   RW         2533    .bss.ucMaxSysCallPriority  port.o
    0x24005a45   COMPRESSED   0x00000003   PAD
    0x24005a48        -       0x00000004   Zero   RW         2534    .bss.ulMaxPRIGROUPValue  port.o
    0x24005a4c        -       0x00000004   Zero   RW          881    .bss.uwTick         stm32h7xx_hal.o
    0x24005a50        -       0x00000004   Zero   RW         2234    .bss.uxCurrentNumberOfTasks  tasks.o
    0x24005a54        -       0x00000004   Zero   RW         2233    .bss.uxDeletedTasksWaitingCleanUp  tasks.o
    0x24005a58        -       0x00000004   Zero   RW         2236    .bss.uxSchedulerSuspended  tasks.o
    0x24005a5c        -       0x00000004   Zero   RW         2231    .bss.uxTaskNumber   tasks.o
    0x24005a60        -       0x00000004   Zero   RW         2242    .bss.uxTopReadyPriority  tasks.o
    0x24005a64        -       0x00000200   Zero   RW         2468    .bss.vApplicationGetIdleTaskMemory.Idle_Stack  cmsis_os2.o
    0x24005c64        -       0x0000005c   Zero   RW         2467    .bss.vApplicationGetIdleTaskMemory.Idle_TCB  cmsis_os2.o
    0x24005cc0        -       0x00000400   Zero   RW         2470    .bss.vApplicationGetTimerTaskMemory.Timer_Stack  cmsis_os2.o
    0x240060c0        -       0x0000005c   Zero   RW         2469    .bss.vApplicationGetTimerTaskMemory.Timer_TCB  cmsis_os2.o
    0x2400611c        -       0x00000014   Zero   RW         2304    .bss.xActiveTimerList1  timers.o
    0x24006130        -       0x00000014   Zero   RW         2305    .bss.xActiveTimerList2  timers.o
    0x24006144        -       0x00000001   Zero   RW         2492    .bss.xBlockAllocatedBit  heap_4.o
    0x24006145   COMPRESSED   0x00000003   PAD
    0x24006148        -       0x00000014   Zero   RW         2249    .bss.xDelayedTaskList1  tasks.o
    0x2400615c        -       0x00000014   Zero   RW         2250    .bss.xDelayedTaskList2  tasks.o
    0x24006170        -       0x00000004   Zero   RW         2493    .bss.xFreeBytesRemaining  heap_4.o
    0x24006174        -       0x00000004   Zero   RW         2244    .bss.xIdleTaskHandle  tasks.o
    0x24006178        -       0x00000004   Zero   RW         2495    .bss.xMinimumEverFreeBytesRemaining  heap_4.o
    0x2400617c        -       0x00000004   Zero   RW         2245    .bss.xNextTaskUnblockTime  tasks.o
    0x24006180        -       0x00000004   Zero   RW         2248    .bss.xNumOfOverflows  tasks.o
    0x24006184        -       0x00000004   Zero   RW         2496    .bss.xNumberOfSuccessfulAllocations  heap_4.o
    0x24006188        -       0x00000004   Zero   RW         2497    .bss.xNumberOfSuccessfulFrees  heap_4.o
    0x2400618c        -       0x00000004   Zero   RW         2247    .bss.xPendedTicks   tasks.o
    0x24006190        -       0x00000014   Zero   RW         2243    .bss.xPendingReadyList  tasks.o
    0x240061a4        -       0x00000040   Zero   RW         2063    .bss.xQueueRegistry  queue.o
    0x240061e4        -       0x00000004   Zero   RW         2235    .bss.xSchedulerRunning  tasks.o
    0x240061e8        -       0x00000008   Zero   RW         2494    .bss.xStart         heap_4.o
    0x240061f0        -       0x00000014   Zero   RW         2240    .bss.xSuspendedTaskList  tasks.o
    0x24006204        -       0x00000014   Zero   RW         2232    .bss.xTasksWaitingTermination  tasks.o
    0x24006218        -       0x00000004   Zero   RW         2237    .bss.xTickCount     tasks.o
    0x2400621c        -       0x00000004   Zero   RW         2299    .bss.xTimerQueue    timers.o
    0x24006220        -       0x00000004   Zero   RW         2300    .bss.xTimerTaskHandle  timers.o
    0x24006224        -       0x00000004   Zero   RW         2246    .bss.xYieldPending  tasks.o
    0x24006228        -       0x00000800   Zero   RW            1    STACK               startup_stm32h723xx.o


==============================================================================

Image component sizes


      Code (inc. data)   RO Data    RW Data    ZI Data      Debug   Object Name

       184          0          0          0         36       6003   board_comm.o
       608          4          0          0         21       4889   bsp_dwt.o
       560          0          0         12          0       6707   bsp_fdcan.o
      3088        172          0       3376          8      40124   chassis.o
       402          0          0          0       1724      43696   cmsis_os2.o
       106          0          0          0         36       3756   crc.o
       150          0          0          0          0       5464   dma.o
       568          0          0          0        324      11703   fdcan.o
       322          0        239          0         20       4345   freertos.o
       252          0          0          0          0       3131   gpio.o
       624          0          0          0      15389       5134   heap_4.o
       596         32          0          0        132      18517   ins.o
      2082          0          0          0          4      20437   kalman_filter.o
       156          0          0          0          0       2238   list.o
       508         24        144          0          0       5227   lqr.o
       784         80          0         64        232       4502   m1505b_motor.o
       342         36          0         16        208       3392   m6020_motor.o
       300          0          0          0          0       9217   main.o
       700         16          0          0          0      18534   pid.o
       814         16          0          4          5       4071   port.o
      1402          0          0          0         64      24202   queue.o
       250          0          0          0        281       5755   saber_c3.o
       242          0          0          0        136       8239   spi.o
        64         26        716          0     133120        876   startup_stm32h723xx.o
       138          0          0          5          4      15924   stm32h7xx_hal.o
       154          0          0          0          0      12185   stm32h7xx_hal_cortex.o
       120          0          0          0          0       5685   stm32h7xx_hal_crc.o
       154          4          0          0          0       2782   stm32h7xx_hal_crc_ex.o
      8146         54          0          0          0      17793   stm32h7xx_hal_dma.o
      2770          0         92          0          0      41714   stm32h7xx_hal_fdcan.o
       424          0          0          0          0       6970   stm32h7xx_hal_gpio.o
        46          0          0          0          0       7661   stm32h7xx_hal_i2c_ex.o
        42          0          0          0          0       5461   stm32h7xx_hal_msp.o
        72          0          0          0          0       9550   stm32h7xx_hal_pwr_ex.o
      2544         16          0          0          0      11308   stm32h7xx_hal_rcc.o
      3632        116          0          0          0      17478   stm32h7xx_hal_rcc_ex.o
      1234          0          0          0          0      21487   stm32h7xx_hal_spi.o
      2324          6          0          0          0      66403   stm32h7xx_hal_tim.o
       234          0          0          0          0      26343   stm32h7xx_hal_tim_ex.o
       164          0          0          0         76       9728   stm32h7xx_hal_timebase_tim.o
      4068        300         36          0          0      37035   stm32h7xx_hal_uart.o
       576          0         16          0          0      11199   stm32h7xx_hal_uart_ex.o
       156          0          0          0          0      10442   stm32h7xx_it.o
       176          0         16          8          0       5281   system_stm32h7xx.o
       352         16          0          0          1      20563   task_manager.o
      2840          8          0          0       1280      37661   tasks.o
       256          0          0          0         76       7675   tim.o
      1168         26          0          0        300      17190   timers.o
       484          0          0          0          0       2752   tpid.o
       806         96          0          0          0      20838   unitree.o
      1240          0          0          0       1164      12632   usart.o
        38          0          0          0          0       8336   user_lib.o
      2078         80          0          0          0      19071   vmc.o
       154          0          0          0          0       1635   ws2812.o

    ----------------------------------------------------------------------
     52652       1212       1308       3492     154660     750941   Object Totals
         0          0         48          0          0          0   (incl. Generated)
       958         84          1          7         19          0   (incl. Padding)

    ----------------------------------------------------------------------

      Code (inc. data)   RO Data    RW Data    ZI Data      Debug   Library Member Name

         0          0       2052          0          0       4961   arm_common_tables.o
       144         12          0          0          0       1111   arm_cos_f32.o
       190          0          0          0          0       1836   arm_mat_add_f32.o
         8          0          0          0          0        841   arm_mat_init_f32.o
       716          4          0          0          0       3547   arm_mat_inverse_f32.o
       304          4          0          0          0       2362   arm_mat_mult_f32.o
       190          0          0          0          0       1834   arm_mat_sub_f32.o
       180          0          0          0          0       1862   arm_mat_trans_f32.o
       140         12          0          0          0       1098   arm_sin_f32.o
        58          0          0          0          0          0   __dczerorl.o
         8          0          0          0          0         68   __main.o
         0          0          0          0          0          0   __rtentry.o
        12          0          0          0          0          0   __rtentry2.o
         6          0          0          0          0          0   __rtentry4.o
        94          8          0          0          0          0   __scatter.o
        28          0          0          0          0          0   __scatter_zi.o
        22          0          0          0          0        100   _rserrno.o
        16          0          0          0          0         68   aeabi_memset4.o
        10          0          0          0          0         68   defsig_exit.o
        50          0          0          0          0         88   defsig_general.o
        80         58          0          0          0         76   defsig_rtmem_inner.o
        14          0          0          0          0         80   defsig_rtmem_outer.o
        18          0          0          0          0         80   exit.o
        94          0          0          0          0         80   h1_alloc.o
        52          0          0          0          0         68   h1_extend.o
        78          0          0          0          0         80   h1_free.o
        12          0          0          0          0         84   h1_init.o
         6          0          0          0          0        152   heapauxi.o
         4          0          0          0          0        136   hguard.o
         0          0          0          0          0          0   indicate_semi.o
       138          0          0          0          0        168   init_alloc.o
         2          0          0          0          0          0   libinit.o
        14          0          0          0          0          0   libinit2.o
         2          0          0          0          0          0   libshutdown.o
         2          0          0          0          0          0   libshutdown2.o
         8          4          0          0         96         68   libspace.o
       240          0          0          0          0        100   lludivv7m.o
         0          0          0          0          0          0   maybetermalloc1.o
         8          4          0          0          0         68   rt_errno_addr_intlibspace.o
         8          4          0          0          0         68   rt_heap_descriptor_intlibspace.o
        68          0          0          0          0         68   rt_memclr.o
        78          0          0          0          0         80   rt_memclr_w.o
       138          0          0          0          0         68   rt_memcpy_v6.o
       100          0          0          0          0         80   rt_memcpy_w.o
         2          0          0          0          0          0   rtexit.o
        10          0          0          0          0          0   rtexit2.o
        12          4          0          0          0         68   sys_exit.o
        74          0          0          0          0         80   sys_stackheap_outer.o
        14          0          0          0          0         76   sys_wrch.o
         2          0          0          0          0         68   use_no_semi.o
        26          0          0          0          0        116   fpinit.o
         0          0          0          0          0          0   usenofp.o
       684         90          0          0          0        208   atan2f.o
       336         56          0          0          0        136   cosf.o
        38          0          0          0          0        116   fpclassifyf.o
        44         12          0          0          0        464   funder.o
       340         24         32          0          0        160   rredf.o
       400         56          0          0          0        212   sinf.o
        58          0          0          0          0        136   sqrtf.o

    ----------------------------------------------------------------------
      5408        356       2084          0         96      23288   Library Totals
        28          4          0          0          0          0   (incl. Padding)

    ----------------------------------------------------------------------

      Code (inc. data)   RO Data    RW Data    ZI Data      Debug   Library Name

      1872         32       2052          0          0      19452   arm_cortexM7lfdp_math.lib
      1582         82          0          0         96       2288   c_w.l
        26          0          0          0          0        116   fz_wv.l
      1900        238         32          0          0       1432   m_wv.l

    ----------------------------------------------------------------------
      5408        356       2084          0         96      23288   Library Totals

    ----------------------------------------------------------------------

==============================================================================


      Code (inc. data)   RO Data    RW Data    ZI Data      Debug   

     58060       1568       3392       3492     154756     770997   Grand Totals
     58060       1568       3392        136     154756     770997   ELF Image Totals (compressed)
     58060       1568       3392        136          0          0   ROM Totals

==============================================================================

    Total RO  Size (Code + RO Data)                61452 (  60.01kB)
    Total RW  Size (RW Data + ZI Data)            158248 ( 154.54kB)
    Total ROM Size (Code + RO Data + RW Data)      61588 (  60.14kB)

==============================================================================

