Component: Arm Compiler for Embedded 6.21 Tool: armlink [5ec1fa00]

==============================================================================

Section Cross References

    startup_stm32h723xx.o(STACK) refers (Special) to heapauxi.o(.text) for __use_two_region_memory
    startup_stm32h723xx.o(HEAP) refers (Special) to heapauxi.o(.text) for __use_two_region_memory
    startup_stm32h723xx.o(RESET) refers (Special) to heapauxi.o(.text) for __use_two_region_memory
    startup_stm32h723xx.o(RESET) refers to startup_stm32h723xx.o(STACK) for __initial_sp
    startup_stm32h723xx.o(RESET) refers to startup_stm32h723xx.o(.text) for Reset_Handler
    startup_stm32h723xx.o(RESET) refers to stm32h7xx_it.o(.text.NMI_Handler) for NMI_Handler
    startup_stm32h723xx.o(RESET) refers to stm32h7xx_it.o(.text.HardFault_Handler) for HardFault_Handler
    startup_stm32h723xx.o(RESET) refers to stm32h7xx_it.o(.text.MemManage_Handler) for MemManage_Handler
    startup_stm32h723xx.o(RESET) refers to stm32h7xx_it.o(.text.BusFault_Handler) for BusFault_Handler
    startup_stm32h723xx.o(RESET) refers to stm32h7xx_it.o(.text.UsageFault_Handler) for UsageFault_Handler
    startup_stm32h723xx.o(RESET) refers to port.o(.text.SVC_Handler) for SVC_Handler
    startup_stm32h723xx.o(RESET) refers to stm32h7xx_it.o(.text.DebugMon_Handler) for DebugMon_Handler
    startup_stm32h723xx.o(RESET) refers to port.o(.text.PendSV_Handler) for PendSV_Handler
    startup_stm32h723xx.o(RESET) refers to cmsis_os2.o(.text.SysTick_Handler) for SysTick_Handler
    startup_stm32h723xx.o(RESET) refers to stm32h7xx_it.o(.text.DMA1_Stream1_IRQHandler) for DMA1_Stream1_IRQHandler
    startup_stm32h723xx.o(RESET) refers to stm32h7xx_it.o(.text.DMA1_Stream2_IRQHandler) for DMA1_Stream2_IRQHandler
    startup_stm32h723xx.o(RESET) refers to stm32h7xx_it.o(.text.DMA1_Stream3_IRQHandler) for DMA1_Stream3_IRQHandler
    startup_stm32h723xx.o(RESET) refers to stm32h7xx_it.o(.text.DMA1_Stream4_IRQHandler) for DMA1_Stream4_IRQHandler
    startup_stm32h723xx.o(RESET) refers to stm32h7xx_it.o(.text.FDCAN1_IT0_IRQHandler) for FDCAN1_IT0_IRQHandler
    startup_stm32h723xx.o(RESET) refers to stm32h7xx_it.o(.text.FDCAN2_IT0_IRQHandler) for FDCAN2_IT0_IRQHandler
    startup_stm32h723xx.o(RESET) refers to stm32h7xx_it.o(.text.TIM2_IRQHandler) for TIM2_IRQHandler
    startup_stm32h723xx.o(RESET) refers to stm32h7xx_it.o(.text.USART2_IRQHandler) for USART2_IRQHandler
    startup_stm32h723xx.o(RESET) refers to stm32h7xx_it.o(.text.USART3_IRQHandler) for USART3_IRQHandler
    startup_stm32h723xx.o(RESET) refers to stm32h7xx_it.o(.text.DMA2_Stream1_IRQHandler) for DMA2_Stream1_IRQHandler
    startup_stm32h723xx.o(RESET) refers to stm32h7xx_it.o(.text.DMA2_Stream2_IRQHandler) for DMA2_Stream2_IRQHandler
    startup_stm32h723xx.o(RESET) refers to stm32h7xx_it.o(.text.UART7_IRQHandler) for UART7_IRQHandler
    startup_stm32h723xx.o(.text) refers (Special) to heapauxi.o(.text) for __use_two_region_memory
    startup_stm32h723xx.o(.text) refers to system_stm32h7xx.o(.text.SystemInit) for SystemInit
    startup_stm32h723xx.o(.text) refers to __main.o(!!!main) for __main
    startup_stm32h723xx.o(.text) refers to startup_stm32h723xx.o(HEAP) for Heap_Mem
    startup_stm32h723xx.o(.text) refers to startup_stm32h723xx.o(STACK) for Stack_Mem
    main.o(.text.main) refers to stm32h7xx_hal.o(.text.HAL_Init) for HAL_Init
    main.o(.text.main) refers to main.o(.text.SystemClock_Config) for SystemClock_Config
    main.o(.text.main) refers to stm32h7xx_hal_cortex.o(.text.HAL_NVIC_SetPriority) for HAL_NVIC_SetPriority
    main.o(.text.main) refers to gpio.o(.text.MX_GPIO_Init) for MX_GPIO_Init
    main.o(.text.main) refers to dma.o(.text.MX_DMA_Init) for MX_DMA_Init
    main.o(.text.main) refers to spi.o(.text.MX_SPI6_Init) for MX_SPI6_Init
    main.o(.text.main) refers to fdcan.o(.text.MX_FDCAN1_Init) for MX_FDCAN1_Init
    main.o(.text.main) refers to fdcan.o(.text.MX_FDCAN2_Init) for MX_FDCAN2_Init
    main.o(.text.main) refers to usart.o(.text.MX_USART2_UART_Init) for MX_USART2_UART_Init
    main.o(.text.main) refers to usart.o(.text.MX_USART3_UART_Init) for MX_USART3_UART_Init
    main.o(.text.main) refers to crc.o(.text.MX_CRC_Init) for MX_CRC_Init
    main.o(.text.main) refers to usart.o(.text.MX_UART7_Init) for MX_UART7_Init
    main.o(.text.main) refers to tim.o(.text.MX_TIM3_Init) for MX_TIM3_Init
    main.o(.text.main) refers to bsp_dwt.o(.text.DWT_Init) for DWT_Init
    main.o(.text.main) refers to bsp_fdcan.o(.data.Can_Fun) for Can_Fun
    main.o(.text.main) refers to task_manager.o(.text.motor_init) for motor_init
    main.o(.text.main) refers to cmsis_os2.o(.text.osKernelInitialize) for osKernelInitialize
    main.o(.text.main) refers to freertos.o(.text.MX_FREERTOS_Init) for MX_FREERTOS_Init
    main.o(.text.main) refers to cmsis_os2.o(.text.osKernelStart) for osKernelStart
    main.o(.ARM.exidx.text.main) refers to main.o(.text.main) for [Anonymous Symbol]
[...]
    0x0800037a   0x0800037a   0x00000000   Code   RO         3591    .ARM.Collect$$libinit$$00000013  c_w.l(libinit2.o)
    0x0800037a   0x0800037a   0x00000000   Code   RO         3593    .ARM.Collect$$libinit$$00000015  c_w.l(libinit2.o)
    0x0800037a   0x0800037a   0x00000000   Code   RO         3595    .ARM.Collect$$libinit$$00000017  c_w.l(libinit2.o)
    0x0800037a   0x0800037a   0x00000000   Code   RO         3597    .ARM.Collect$$libinit$$00000019  c_w.l(libinit2.o)
    0x0800037a   0x0800037a   0x00000000   Code   RO         3599    .ARM.Collect$$libinit$$0000001B  c_w.l(libinit2.o)
    0x0800037a   0x0800037a   0x00000000   Code   RO         3601    .ARM.Collect$$libinit$$0000001D  c_w.l(libinit2.o)
    0x0800037a   0x0800037a   0x00000000   Code   RO         3603    .ARM.Collect$$libinit$$0000001F  c_w.l(libinit2.o)
    0x0800037a   0x0800037a   0x00000000   Code   RO         3605    .ARM.Collect$$libinit$$00000021  c_w.l(libinit2.o)
    0x0800037a   0x0800037a   0x00000000   Code   RO         3607    .ARM.Collect$$libinit$$00000023  c_w.l(libinit2.o)
    0x0800037a   0x0800037a   0x00000000   Code   RO         3609    .ARM.Collect$$libinit$$00000025  c_w.l(libinit2.o)
    0x0800037a   0x0800037a   0x00000000   Code   RO         3611    .ARM.Collect$$libinit$$00000027  c_w.l(libinit2.o)
    0x0800037a   0x0800037a   0x00000000   Code   RO         3615    .ARM.Collect$$libinit$$0000002E  c_w.l(libinit2.o)
    0x0800037a   0x0800037a   0x00000000   Code   RO         3617    .ARM.Collect$$libinit$$00000030  c_w.l(libinit2.o)
    0x0800037a   0x0800037a   0x00000000   Code   RO         3619    .ARM.Collect$$libinit$$00000032  c_w.l(libinit2.o)
    0x0800037a   0x0800037a   0x00000004   Code   RO         3620    .ARM.Collect$$libinit$$00000033  c_w.l(libinit2.o)
    0x0800037e   0x0800037e   0x00000000   Code   RO         3621    .ARM.Collect$$libinit$$00000034  c_w.l(libinit2.o)
    0x0800037e   0x0800037e   0x00000002   Code   RO         3622    .ARM.Collect$$libinit$$00000035  c_w.l(libinit2.o)
    0x08000380   0x08000380   0x00000002   Code   RO         3787    .ARM.Collect$$libshutdown$$00000000  c_w.l(libshutdown.o)
    0x08000382   0x08000382   0x00000000   Code   RO         3743    .ARM.Collect$$libshutdown$$00000002  c_w.l(libshutdown2.o)
    0x08000382   0x08000382   0x00000000   Code   RO         3745    .ARM.Collect$$libshutdown$$00000004  c_w.l(libshutdown2.o)
    0x08000382   0x08000382   0x00000000   Code   RO         3748    .ARM.Collect$$libshutdown$$00000007  c_w.l(libshutdown2.o)
    0x08000382   0x08000382   0x00000000   Code   RO         3751    .ARM.Collect$$libshutdown$$0000000A  c_w.l(libshutdown2.o)
    0x08000382   0x08000382   0x00000000   Code   RO         3753    .ARM.Collect$$libshutdown$$0000000C  c_w.l(libshutdown2.o)
    0x08000382   0x08000382   0x00000000   Code   RO         3756    .ARM.Collect$$libshutdown$$0000000F  c_w.l(libshutdown2.o)
    0x08000382   0x08000382   0x00000002   Code   RO         3757    .ARM.Collect$$libshutdown$$00000010  c_w.l(libshutdown2.o)
    0x08000384   0x08000384   0x00000000   Code   RO         3538    .ARM.Collect$$rtentry$$00000000  c_w.l(__rtentry.o)
    0x08000384   0x08000384   0x00000000   Code   RO         3657    .ARM.Collect$$rtentry$$00000002  c_w.l(__rtentry2.o)
    0x08000384   0x08000384   0x00000006   Code   RO         3669    .ARM.Collect$$rtentry$$00000004  c_w.l(__rtentry4.o)
    0x0800038a   0x0800038a   0x00000000   Code   RO         3659    .ARM.Collect$$rtentry$$00000009  c_w.l(__rtentry2.o)
    0x0800038a   0x0800038a   0x00000004   Code   RO         3660    .ARM.Collect$$rtentry$$0000000A  c_w.l(__rtentry2.o)
    0x0800038e   0x0800038e   0x00000000   Code   RO         3662    .ARM.Collect$$rtentry$$0000000C  c_w.l(__rtentry2.o)
    0x0800038e   0x0800038e   0x00000008   Code   RO         3663    .ARM.Collect$$rtentry$$0000000D  c_w.l(__rtentry2.o)
    0x08000396   0x08000396   0x00000002   Code   RO         3730    .ARM.Collect$$rtexit$$00000000  c_w.l(rtexit.o)
    0x08000398   0x08000398   0x00000000   Code   RO         3763    .ARM.Collect$$rtexit$$00000002  c_w.l(rtexit2.o)
    0x08000398   0x08000398   0x00000004   Code   RO         3764    .ARM.Collect$$rtexit$$00000003  c_w.l(rtexit2.o)
    0x0800039c   0x0800039c   0x00000006   Code   RO         3765    .ARM.Collect$$rtexit$$00000004  c_w.l(rtexit2.o)
    0x080003a2   0x080003a2   0x00000002   PAD
    0x080003a4   0x080003a4   0x00000040   Code   RO            4    .text               startup_stm32h723xx.o
    0x080003e4   0x080003e4   0x0000005e   Code   RO         3421    .text               c_w.l(h1_alloc.o)
    0x08000442   0x08000442   0x000000f0   Code   RO         3475    .text               c_w.l(lludivv7m.o)
    0x08000532   0x08000532   0x0000008a   Code   RO         3477    .text               c_w.l(rt_memcpy_v6.o)
    0x080005bc   0x080005bc   0x00000064   Code   RO         3479    .text               c_w.l(rt_memcpy_w.o)
    0x08000620   0x08000620   0x00000010   Code   RO         3483    .text               c_w.l(aeabi_memset4.o)
    0x08000630   0x08000630   0x00000044   Code   RO         3485    .text               c_w.l(rt_memclr.o)
    0x08000674   0x08000674   0x0000004e   Code   RO         3487    .text               c_w.l(rt_memclr_w.o)
    0x080006c2   0x080006c2   0x00000006   Code   RO         3489    .text               c_w.l(heapauxi.o)
    0x080006c8   0x080006c8   0x0000002c   Code   RO         3496    .text               c_w.l(init_aeabi.o)
    0x080006f4   0x080006f4   0x00000008   Code   RO         3546    .text               c_w.l(rt_heap_descriptor_intlibspace.o)
    0x080006fc   0x080006fc   0x00000004   Code   RO         3548    .text               c_w.l(hguard.o)
    0x08000700   0x08000700   0x0000008a   Code   RO         3550    .text               c_w.l(init_alloc.o)
    0x0800078a   0x0800078a   0x0000000c   Code   RO         3556    .text               c_w.l(h1_init.o)
    0x08000796   0x08000796   0x0000004e   Code   RO         3558    .text               c_w.l(h1_free.o)
    0x080007e4   0x080007e4   0x00000016   Code   RO         3572    .text               c_w.l(_rserrno.o)
    0x080007fa   0x080007fa   0x00000002   PAD
    0x080007fc   0x080007fc   0x00000008   Code   RO         3653    .text               c_w.l(libspace.o)
    0x08000804   0x08000804   0x00000008   Code   RO         3676    .text               c_w.l(rt_errno_addr_intlibspace.o)
    0x0800080c   0x0800080c   0x00000000   Code   RO         3680    .text               c_w.l(maybetermalloc1.o)
    0x0800080c   0x0800080c   0x00000034   Code   RO         3682    .text               c_w.l(h1_extend.o)
    0x08000840   0x08000840   0x0000000e   Code   RO         3686    .text               c_w.l(defsig_rtmem_outer.o)
    0x0800084e   0x0800084e   0x00000002   Code   RO         3697    .text               c_w.l(use_no_semi.o)
    0x08000850   0x08000850   0x00000000   Code   RO         3699    .text               c_w.l(indicate_semi.o)
    0x08000850   0x08000850   0x0000004a   Code   RO         3700    .text               c_w.l(sys_stackheap_outer.o)
    0x0800089a   0x0800089a   0x00000012   Code   RO         3706    .text               c_w.l(exit.o)
    0x080008ac   0x080008ac   0x0000000a   Code   RO         3708    .text               c_w.l(defsig_exit.o)
    0x080008b6   0x080008b6   0x00000002   PAD
    0x080008b8   0x080008b8   0x00000050   Code   RO         3714    .text               c_w.l(defsig_rtmem_inner.o)
    0x08000908   0x08000908   0x0000000c   Code   RO         3726    .text               c_w.l(sys_exit.o)
    0x08000914   0x08000914   0x00000032   Code   RO         3738    .text               c_w.l(defsig_general.o)
    0x08000946   0x08000946   0x0000000e   Code   RO         3758    .text               c_w.l(sys_wrch.o)
    0x08000954   0x08000954   0x00000004   PAD
    0x08000958   0x08000958   0x0000004c   Code   RO         2892    .text.BoardCommInit  board_comm.o
    0x080009a4   0x080009a4   0x00000004   PAD
    0x080009a8   0x080009a8   0x000000d2   Code   RO         2896    .text.BoardCommReceive  board_comm.o
    0x08000a7a   0x08000a7a   0x00000006   PAD
    0x08000a80   0x08000a80   0x00000056   Code   RO         2894    .text.BoardCommSend  board_comm.o
    0x08000ad6   0x08000ad6   0x00000002   PAD
    0x08000ad8   0x08000ad8   0x00000004   Code   RO          175    .text.BusFault_Handler  stm32h7xx_it.o
    0x08000adc   0x08000adc   0x00000004   PAD
    0x08000ae0   0x08000ae0   0x0000002a   Code   RO         2850    .text.ChassisCalcTask  task_manager.o
    0x08000b0a   0x08000b0a   0x00000006   PAD
    0x08000b10   0x08000b10   0x00000010   Code   RO          181    .text.DMA1_Stream1_IRQHandler  stm32h7xx_it.o
    0x08000b20   0x08000b20   0x00000010   Code   RO          183    .text.DMA1_Stream2_IRQHandler  stm32h7xx_it.o
    0x08000b30   0x08000b30   0x00000010   Code   RO          185    .text.DMA1_Stream3_IRQHandler  stm32h7xx_it.o
    0x08000b40   0x08000b40   0x00000010   Code   RO          187    .text.DMA1_Stream4_IRQHandler  stm32h7xx_it.o
    0x08000b50   0x08000b50   0x00000010   Code   RO          199    .text.DMA2_Stream1_IRQHandler  stm32h7xx_it.o
    0x08000b60   0x08000b60   0x00000010   Code   RO          201    .text.DMA2_Stream2_IRQHandler  stm32h7xx_it.o
    0x08000b70   0x08000b70   0x000001ca   Code   RO          954    .text.DMA_CalcBaseAndBitshift  stm32h7xx_hal_dma.o
    0x08000d3a   0x08000d3a   0x00000006   PAD
    0x08000d40   0x08000d40   0x00000178   Code   RO          956    .text.DMA_CalcDMAMUXChannelBaseAndMask  stm32h7xx_hal_dma.o
    0x08000eb8   0x08000eb8   0x0000012a   Code   RO          958    .text.DMA_CalcDMAMUXRequestGenBaseAndMask  stm32h7xx_hal_dma.o
    0x08000fe2   0x08000fe2   0x00000006   PAD
    0x08000fe8   0x08000fe8   0x000000f0   Code   RO          952    .text.DMA_CheckFifoParam  stm32h7xx_hal_dma.o
    0x080010d8   0x080010d8   0x00000514   Code   RO          964    .text.DMA_SetConfig  stm32h7xx_hal_dma.o
    0x080015ec   0x080015ec   0x00000004   PAD
    0x080015f0   0x080015f0   0x00000070   Code   RO         3188    .text.DWT_CNT_Update  bsp_dwt.o
    0x08001660   0x08001660   0x00000058   Code   RO         3202    .text.DWT_Delay     bsp_dwt.o
    0x080016b8   0x080016b8   0x0000004c   Code   RO         3190    .text.DWT_GetDeltaT  bsp_dwt.o
    0x08001704   0x08001704   0x00000004   PAD
    0x08001708   0x08001708   0x00000048   Code   RO         3198    .text.DWT_GetTimeline_ms  bsp_dwt.o
    0x08001750   0x08001750   0x0000008e   Code   RO         3186    .text.DWT_Init      bsp_dwt.o
    0x080017de   0x080017de   0x00000002   PAD
    0x080017e0   0x080017e0   0x000000fc   Code   RO         3194    .text.DWT_SysTimeUpdate  bsp_dwt.o
    0x080018dc   0x080018dc   0x00000004   PAD
    0x080018e0   0x080018e0   0x00000002   Code   RO          179    .text.DebugMon_Handler  stm32h7xx_it.o
    0x080018e2   0x080018e2   0x00000006   PAD
    0x080018e8   0x080018e8   0x0000000e   Code   RO           15    .text.Error_Handler  main.o
    0x080018f6   0x080018f6   0x00000002   PAD
    0x080018f8   0x080018f8   0x00000010   Code   RO          189    .text.FDCAN1_IT0_IRQHandler  stm32h7xx_it.o
    0x08001908   0x08001908   0x00000010   Code   RO          191    .text.FDCAN2_IT0_IRQHandler  stm32h7xx_it.o
    0x08001918   0x08001918   0x000002c2   Code   RO         1525    .text.FDCAN_CalcultateRamBlockAddresses  stm32h7xx_hal_fdcan.o
    0x08001bda   0x08001bda   0x00000006   PAD
    0x08001be0   0x08001be0   0x000000b6   Code   RO         1595    .text.FDCAN_CopyMessageToRAM  stm32h7xx_hal_fdcan.o
    0x08001c96   0x08001c96   0x00000002   PAD
    0x08001c98   0x08001c98   0x000000ea   Code   RO          684    .text.HAL_CRCEx_Polynomial_Set  stm32h7xx_hal_crc_ex.o
    0x08001d82   0x08001d82   0x00000006   PAD
    0x08001d88   0x08001d88   0x000000cc   Code   RO          659    .text.HAL_CRC_Init  stm32h7xx_hal_crc.o
    0x08001e54   0x08001e54   0x00000004   PAD
    0x08001e58   0x08001e58   0x0000003a   Code   RO           75    .text.HAL_CRC_MspInit  crc.o
    0x08001e92   0x08001e92   0x00000006   PAD
    0x08001e98   0x08001e98   0x00000978   Code   RO          968    .text.HAL_DMA_Abort  stm32h7xx_hal_dma.o
    0x08002810   0x08002810   0x000006aa   Code   RO          970    .text.HAL_DMA_Abort_IT  stm32h7xx_hal_dma.o
    0x08002eba   0x08002eba   0x00000006   PAD
    0x08002ec0   0x08002ec0   0x000011c0   Code   RO          974    .text.HAL_DMA_IRQHandler  stm32h7xx_hal_dma.o
    0x08004080   0x08004080   0x00000960   Code   RO          950    .text.HAL_DMA_Init  stm32h7xx_hal_dma.o
    0x080049e0   0x080049e0   0x00000702   Code   RO          966    .text.HAL_DMA_Start_IT  stm32h7xx_hal_dma.o
    0x080050e2   0x080050e2   0x00000006   PAD
    0x080050e8   0x080050e8   0x000000fe   Code   RO         1673    .text.HAL_FDCAN_ActivateNotification  stm32h7xx_hal_fdcan.o
    0x080051e6   0x080051e6   0x00000002   PAD
    0x080051e8   0x080051e8   0x000000ca   Code   RO         1593    .text.HAL_FDCAN_AddMessageToTxFifoQ  stm32h7xx_hal_fdcan.o
    0x080052b2   0x080052b2   0x00000006   PAD
    0x080052b8   0x080052b8   0x0000000a   Code   RO         1687    .text.HAL_FDCAN_ClockCalibrationCallback  stm32h7xx_hal_fdcan.o
    0x080052c2   0x080052c2   0x00000006   PAD
    0x080052c8   0x080052c8   0x00000116   Code   RO         1545    .text.HAL_FDCAN_ConfigFilter  stm32h7xx_hal_fdcan.o
    0x080053de   0x080053de   0x00000002   PAD
    0x080053e0   0x080053e0   0x0000005c   Code   RO         1547    .text.HAL_FDCAN_ConfigGlobalFilter  stm32h7xx_hal_fdcan.o
    0x0800543c   0x0800543c   0x00000004   PAD
    0x08005440   0x08005440   0x00000008   Code   RO         1715    .text.HAL_FDCAN_ErrorCallback  stm32h7xx_hal_fdcan.o
    0x08005448   0x08005448   0x0000000a   Code   RO         1705    .text.HAL_FDCAN_ErrorStatusCallback  stm32h7xx_hal_fdcan.o
    0x08005452   0x08005452   0x00000006   PAD
    0x08005458   0x08005458   0x000002fc   Code   RO         1605    .text.HAL_FDCAN_GetRxMessage  stm32h7xx_hal_fdcan.o
    0x08005754   0x08005754   0x00000004   PAD
    0x08005758   0x08005758   0x00000008   Code   RO         1683    .text.HAL_FDCAN_HighPriorityMessageCallback  stm32h7xx_hal_fdcan.o
    0x08005760   0x08005760   0x000005e2   Code   RO         1681    .text.HAL_FDCAN_IRQHandler  stm32h7xx_hal_fdcan.o
    0x08005d42   0x08005d42   0x00000006   PAD
    0x08005d48   0x08005d48   0x000003e0   Code   RO         1521    .text.HAL_FDCAN_Init  stm32h7xx_hal_fdcan.o
    0x08006128   0x08006128   0x0000019e   Code   RO           99    .text.HAL_FDCAN_MspInit  fdcan.o
    0x080062c6   0x080062c6   0x00000002   PAD
    0x080062c8   0x080062c8   0x00000008   Code   RO         1699    .text.HAL_FDCAN_RxBufferNewMessageCallback  stm32h7xx_hal_fdcan.o
    0x080062d0   0x080062d0   0x00000044   Code   RO         3230    .text.HAL_FDCAN_RxFifo0Callback  bsp_fdcan.o
    0x08006314   0x08006314   0x00000004   PAD
    0x08006318   0x08006318   0x0000000a   Code   RO         1693    .text.HAL_FDCAN_RxFifo1Callback  stm32h7xx_hal_fdcan.o
    0x08006322   0x08006322   0x00000006   PAD
    0x08006328   0x08006328   0x00000050   Code   RO         1591    .text.HAL_FDCAN_Start  stm32h7xx_hal_fdcan.o
    0x08006378   0x08006378   0x0000000a   Code   RO         1713    .text.HAL_FDCAN_TT_GlobalTimeCallback  stm32h7xx_hal_fdcan.o
    0x08006382   0x08006382   0x00000006   PAD
    0x08006388   0x08006388   0x0000000a   Code   RO         1707    .text.HAL_FDCAN_TT_ScheduleSyncCallback  stm32h7xx_hal_fdcan.o
    0x08006392   0x08006392   0x00000006   PAD
    0x08006398   0x08006398   0x0000000c   Code   RO         1711    .text.HAL_FDCAN_TT_StopWatchCallback  stm32h7xx_hal_fdcan.o
    0x080063a4   0x080063a4   0x00000004   PAD
    0x080063a8   0x080063a8   0x0000000a   Code   RO         1709    .text.HAL_FDCAN_TT_TimeMarkCallback  stm32h7xx_hal_fdcan.o
    0x080063b2   0x080063b2   0x00000006   PAD
    0x080063b8   0x080063b8   0x00000008   Code   RO         1703    .text.HAL_FDCAN_TimeoutOccurredCallback  stm32h7xx_hal_fdcan.o
    0x080063c0   0x080063c0   0x00000008   Code   RO         1701    .text.HAL_FDCAN_TimestampWraparoundCallback  stm32h7xx_hal_fdcan.o
    0x080063c8   0x080063c8   0x0000000a   Code   RO         1685    .text.HAL_FDCAN_TxBufferAbortCallback  stm32h7xx_hal_fdcan.o
    0x080063d2   0x080063d2   0x00000006   PAD
    0x080063d8   0x080063d8   0x0000000a   Code   RO         1697    .text.HAL_FDCAN_TxBufferCompleteCallback  stm32h7xx_hal_fdcan.o
    0x080063e2   0x080063e2   0x00000006   PAD
    0x080063e8   0x080063e8   0x0000000a   Code   RO         1689    .text.HAL_FDCAN_TxEventFifoCallback  stm32h7xx_hal_fdcan.o
    0x080063f2   0x080063f2   0x00000006   PAD
    0x080063f8   0x080063f8   0x00000008   Code   RO         1695    .text.HAL_FDCAN_TxFifoEmptyCallback  stm32h7xx_hal_fdcan.o
    0x08006400   0x08006400   0x000003a8   Code   RO          898    .text.HAL_GPIO_Init  stm32h7xx_hal_gpio.o
    0x080067a8   0x080067a8   0x0000002e   Code   RO          904    .text.HAL_GPIO_WritePin  stm32h7xx_hal_gpio.o
    0x080067d6   0x080067d6   0x00000002   PAD
    0x080067d8   0x080067d8   0x0000000c   Code   RO         1202    .text.HAL_GetTick   stm32h7xx_hal.o
    0x080067e4   0x080067e4   0x00000004   PAD
    0x080067e8   0x080067e8   0x00000036   Code   RO         1485    .text.HAL_I2CEx_EnableFastModePlus  stm32h7xx_hal_i2c_ex.o
    0x0800681e   0x0800681e   0x00000002   PAD
    0x08006820   0x08006820   0x0000001a   Code   RO         1200    .text.HAL_IncTick   stm32h7xx_hal.o
    0x0800683a   0x0800683a   0x00000006   PAD
    0x08006840   0x08006840   0x0000007a   Code   RO         1190    .text.HAL_Init      stm32h7xx_hal.o
    0x080068ba   0x080068ba   0x00000006   PAD
    0x080068c0   0x080068c0   0x000000d8   Code   RO          220    .text.HAL_InitTick  stm32h7xx_hal_timebase_tim.o
    0x08006998   0x08006998   0x00000032   Code   RO          212    .text.HAL_MspInit   stm32h7xx_hal_msp.o
    0x080069ca   0x080069ca   0x00000006   PAD
    0x080069d0   0x080069d0   0x00000014   Code   RO          598    .text.HAL_NVIC_EnableIRQ  stm32h7xx_hal_cortex.o
    0x080069e4   0x080069e4   0x00000004   PAD
    0x080069e8   0x080069e8   0x0000002e   Code   RO          590    .text.HAL_NVIC_SetPriority  stm32h7xx_hal_cortex.o
    0x08006a16   0x08006a16   0x00000002   PAD
    0x08006a18   0x08006a18   0x00000010   Code   RO          586    .text.HAL_NVIC_SetPriorityGrouping  stm32h7xx_hal_cortex.o
    0x08006a28   0x08006a28   0x000000a2   Code   RO         1107    .text.HAL_PWREx_ConfigSupply  stm32h7xx_hal_pwr_ex.o
    0x08006aca   0x08006aca   0x00000006   PAD
    0x08006ad0   0x08006ad0   0x00000026   Code   RO          748    .text.HAL_RCCEx_GetD3PCLK1Freq  stm32h7xx_hal_rcc_ex.o
    0x08006af6   0x08006af6   0x00000002   PAD
    0x08006af8   0x08006af8   0x000002ac   Code   RO          744    .text.HAL_RCCEx_GetPLL2ClockFreq  stm32h7xx_hal_rcc_ex.o
    0x08006da4   0x08006da4   0x00000004   PAD
    0x08006da8   0x08006da8   0x000002ac   Code   RO          746    .text.HAL_RCCEx_GetPLL3ClockFreq  stm32h7xx_hal_rcc_ex.o
    0x08007054   0x08007054   0x00000004   PAD
    0x08007058   0x08007058   0x00000fec   Code   RO          732    .text.HAL_RCCEx_PeriphCLKConfig  stm32h7xx_hal_rcc_ex.o
    0x08008044   0x08008044   0x00000004   PAD
    0x08008048   0x08008048   0x00000498   Code   RO          701    .text.HAL_RCC_ClockConfig  stm32h7xx_hal_rcc.o
    0x080084e0   0x080084e0   0x00000088   Code   RO          719    .text.HAL_RCC_GetClockConfig  stm32h7xx_hal_rcc.o
    0x08008568   0x08008568   0x00000056   Code   RO          711    .text.HAL_RCC_GetHCLKFreq  stm32h7xx_hal_rcc.o
    0x080085be   0x080085be   0x00000002   PAD
    0x080085c0   0x080085c0   0x00000026   Code   RO          713    .text.HAL_RCC_GetPCLK1Freq  stm32h7xx_hal_rcc.o
    0x080085e6   0x080085e6   0x00000002   PAD
    0x080085e8   0x080085e8   0x00000026   Code   RO          715    .text.HAL_RCC_GetPCLK2Freq  stm32h7xx_hal_rcc.o
    0x0800860e   0x0800860e   0x00000002   PAD
    0x08008610   0x08008610   0x00000310   Code   RO          703    .text.HAL_RCC_GetSysClockFreq  stm32h7xx_hal_rcc.o
    0x08008920   0x08008920   0x00000a20   Code   RO          699    .text.HAL_RCC_OscConfig  stm32h7xx_hal_rcc.o
    0x08009340   0x08009340   0x000000d0   Code   RO         1998    .text.HAL_RS485Ex_Init  stm32h7xx_hal_uart_ex.o
    0x08009410   0x08009410   0x00000292   Code   RO         1730    .text.HAL_SPI_Init  stm32h7xx_hal_spi.o
    0x080096a2   0x080096a2   0x00000006   PAD
    0x080096a8   0x080096a8   0x000000ae   Code   RO          115    .text.HAL_SPI_MspInit  spi.o
    0x08009756   0x08009756   0x00000002   PAD
    0x08009758   0x08009758   0x00000414   Code   RO         1740    .text.HAL_SPI_Transmit  stm32h7xx_hal_spi.o
    0x08009b6c   0x08009b6c   0x00000004   PAD
    0x08009b70   0x08009b70   0x00000008   Code   RO          573    .text.HAL_TIMEx_Break2Callback  stm32h7xx_hal_tim_ex.o
    0x08009b78   0x08009b78   0x00000008   Code   RO          571    .text.HAL_TIMEx_BreakCallback  stm32h7xx_hal_tim_ex.o
    0x08009b80   0x08009b80   0x00000008   Code   RO          567    .text.HAL_TIMEx_CommutCallback  stm32h7xx_hal_tim_ex.o
    0x08009b88   0x08009b88   0x0000017c   Code   RO          551    .text.HAL_TIMEx_MasterConfigSynchronization  stm32h7xx_hal_tim_ex.o
    0x08009d04   0x08009d04   0x00000004   PAD
    0x08009d08   0x08009d08   0x000000a8   Code   RO          234    .text.HAL_TIM_Base_Init  stm32h7xx_hal_tim.o
    0x08009db0   0x08009db0   0x00000008   Code   RO          236    .text.HAL_TIM_Base_MspInit  stm32h7xx_hal_tim.o
    0x08009db8   0x08009db8   0x00000128   Code   RO          248    .text.HAL_TIM_Base_Start_IT  stm32h7xx_hal_tim.o
    0x08009ee0   0x08009ee0   0x00000008   Code   RO          370    .text.HAL_TIM_IC_CaptureCallback  stm32h7xx_hal_tim.o
    0x08009ee8   0x08009ee8   0x000002b4   Code   RO          368    .text.HAL_TIM_IRQHandler  stm32h7xx_hal_tim.o
    0x0800a19c   0x0800a19c   0x00000004   PAD
    0x0800a1a0   0x0800a1a0   0x00000064   Code   RO          129    .text.HAL_TIM_MspPostInit  tim.o
    0x0800a204   0x0800a204   0x00000004   PAD
    0x0800a208   0x0800a208   0x00000008   Code   RO          372    .text.HAL_TIM_OC_DelayElapsedCallback  stm32h7xx_hal_tim.o
    0x0800a210   0x0800a210   0x000001b0   Code   RO          404    .text.HAL_TIM_PWM_ConfigChannel  stm32h7xx_hal_tim.o
    0x0800a3c0   0x0800a3c0   0x000000a8   Code   RO          288    .text.HAL_TIM_PWM_Init  stm32h7xx_hal_tim.o
    0x0800a468   0x0800a468   0x0000003a   Code   RO          131    .text.HAL_TIM_PWM_MspInit  tim.o
    0x0800a4a2   0x0800a4a2   0x00000006   PAD
    0x0800a4a8   0x0800a4a8   0x00000008   Code   RO          374    .text.HAL_TIM_PWM_PulseFinishedCallback  stm32h7xx_hal_tim.o
    0x0800a4b0   0x0800a4b0   0x0000001c   Code   RO           17    .text.HAL_TIM_PeriodElapsedCallback  main.o
    0x0800a4cc   0x0800a4cc   0x00000004   PAD
    0x0800a4d0   0x0800a4d0   0x00000008   Code   RO          378    .text.HAL_TIM_TriggerCallback  stm32h7xx_hal_tim.o
    0x0800a4d8   0x0800a4d8   0x0000007c   Code   RO         2020    .text.HAL_UARTEx_DisableFifoMode  stm32h7xx_hal_uart_ex.o
    0x0800a554   0x0800a554   0x00000004   PAD
    0x0800a558   0x0800a558   0x000000b0   Code   RO         2030    .text.HAL_UARTEx_ReceiveToIdle_DMA  stm32h7xx_hal_uart_ex.o
    0x0800a608   0x0800a608   0x00000090   Code   RO         2854    .text.HAL_UARTEx_RxEventCallback  task_manager.o
    0x0800a698   0x0800a698   0x00000008   Code   RO         2002    .text.HAL_UARTEx_RxFifoFullCallback  stm32h7xx_hal_uart_ex.o
    0x0800a6a0   0x0800a6a0   0x0000008c   Code   RO         2024    .text.HAL_UARTEx_SetRxFifoThreshold  stm32h7xx_hal_uart_ex.o
    0x0800a72c   0x0800a72c   0x00000004   PAD
    0x0800a730   0x0800a730   0x0000008c   Code   RO         2022    .text.HAL_UARTEx_SetTxFifoThreshold  stm32h7xx_hal_uart_ex.o
    0x0800a7bc   0x0800a7bc   0x00000004   PAD
    0x0800a7c0   0x0800a7c0   0x00000008   Code   RO         2004    .text.HAL_UARTEx_TxFifoEmptyCallback  stm32h7xx_hal_uart_ex.o
    0x0800a7c8   0x0800a7c8   0x00000008   Code   RO         2000    .text.HAL_UARTEx_WakeupCallback  stm32h7xx_hal_uart_ex.o
    0x0800a7d0   0x0800a7d0   0x00000008   Code   RO         1942    .text.HAL_UART_ErrorCallback  stm32h7xx_hal_uart.o
    0x0800a7d8   0x0800a7d8   0x000006c8   Code   RO         1938    .text.HAL_UART_IRQHandler  stm32h7xx_hal_uart.o
    0x0800aea0   0x0800aea0   0x000000aa   Code   RO         1850    .text.HAL_UART_Init  stm32h7xx_hal_uart.o
    0x0800af4a   0x0800af4a   0x00000006   PAD
    0x0800af50   0x0800af50   0x00000484   Code   RO          149    .text.HAL_UART_MspInit  usart.o
    0x0800b3d4   0x0800b3d4   0x00000004   PAD
    0x0800b3d8   0x0800b3d8   0x000000a0   Code   RO         1898    .text.HAL_UART_Receive_DMA  stm32h7xx_hal_uart.o
    0x0800b478   0x0800b478   0x00000008   Code   RO         1952    .text.HAL_UART_RxCpltCallback  stm32h7xx_hal_uart.o
    0x0800b480   0x0800b480   0x00000008   Code   RO         1954    .text.HAL_UART_RxHalfCpltCallback  stm32h7xx_hal_uart.o
    0x0800b488   0x0800b488   0x00000108   Code   RO         1890    .text.HAL_UART_Transmit_DMA  stm32h7xx_hal_uart.o
    0x0800b590   0x0800b590   0x00000008   Code   RO         1948    .text.HAL_UART_TxCpltCallback  stm32h7xx_hal_uart.o
    0x0800b598   0x0800b598   0x00000008   Code   RO         1950    .text.HAL_UART_TxHalfCpltCallback  stm32h7xx_hal_uart.o
    0x0800b5a0   0x0800b5a0   0x00000004   Code   RO          171    .text.HardFault_Handler  stm32h7xx_it.o
    0x0800b5a4   0x0800b5a4   0x00000004   PAD
    0x0800b5a8   0x0800b5a8   0x00000008   Code   RO         2865    .text.INS_Init      ins.o
    0x0800b5b0   0x0800b5b0   0x000001cc   Code   RO         2867    .text.INS_Task      ins.o
    0x0800b77c   0x0800b77c   0x00000004   PAD
    0x0800b780   0x0800b780   0x00000028   Code   RO         3129    .text.M1505B_Disable  m1505b_motor.o
    0x0800b7a8   0x0800b7a8   0x000000b8   Code   RO         3127    .text.M1505B_Enable  m1505b_motor.o
    0x0800b860   0x0800b860   0x00000028   Code   RO         3131    .text.M1505B_SetIDL  m1505b_motor.o
    0x0800b888   0x0800b888   0x00000028   Code   RO         3133    .text.M1505B_SetIDR  m1505b_motor.o
    0x0800b8b0   0x0800b8b0   0x000000c8   Code   RO         3141    .text.M1505B_SetTor  m1505b_motor.o
    0x0800b978   0x0800b978   0x00000170   Code   RO         3139    .text.M1505B_getInfo  m1505b_motor.o
    0x0800bae8   0x0800bae8   0x0000004c   Code   RO         3135    .text.M1505B_setCurrent  m1505b_motor.o
    0x0800bb34   0x0800bb34   0x00000004   PAD
    0x0800bb38   0x0800bb38   0x00000056   Code   RO         3137    .text.M1505B_setSeq  m1505b_motor.o
    0x0800bb8e   0x0800bb8e   0x00000002   PAD
    0x0800bb90   0x0800bb90   0x0000009c   Code   RO         3092    .text.M6020_Enable  m6020_motor.o
    0x0800bc2c   0x0800bc2c   0x00000004   PAD
    0x0800bc30   0x0800bc30   0x00000024   Code   RO         3090    .text.M6020_Reset   m6020_motor.o
    0x0800bc54   0x0800bc54   0x00000004   PAD
    0x0800bc58   0x0800bc58   0x000000f0   Code   RO         3088    .text.M6020_getInfo  m6020_motor.o
    0x0800bd48   0x0800bd48   0x0000004a   Code   RO         3086    .text.M6020_setVoltage  m6020_motor.o
    0x0800bd92   0x0800bd92   0x00000006   PAD
    0x0800bd98   0x0800bd98   0x00000044   Code   RO           73    .text.MX_CRC_Init   crc.o
    0x0800bddc   0x0800bddc   0x00000004   PAD
    0x0800bde0   0x0800bde0   0x000000b4   Code   RO           87    .text.MX_DMA_Init   dma.o
    0x0800be94   0x0800be94   0x00000004   PAD
    0x0800be98   0x0800be98   0x0000007a   Code   RO           95    .text.MX_FDCAN1_Init  fdcan.o
    0x0800bf12   0x0800bf12   0x00000006   PAD
    0x0800bf18   0x0800bf18   0x0000007e   Code   RO           97    .text.MX_FDCAN2_Init  fdcan.o
    0x0800bf96   0x0800bf96   0x00000002   PAD
    0x0800bf98   0x0800bf98   0x000000aa   Code   RO           35    .text.MX_FREERTOS_Init  freertos.o
    0x0800c042   0x0800c042   0x00000006   PAD
    0x0800c048   0x0800c048   0x00000156   Code   RO           27    .text.MX_GPIO_Init  gpio.o
    0x0800c19e   0x0800c19e   0x00000002   PAD
    0x0800c1a0   0x0800c1a0   0x0000006a   Code   RO          113    .text.MX_SPI6_Init  spi.o
    0x0800c20a   0x0800c20a   0x00000006   PAD
    0x0800c210   0x0800c210   0x000000a0   Code   RO          127    .text.MX_TIM3_Init  tim.o
    0x0800c2b0   0x0800c2b0   0x0000008e   Code   RO          143    .text.MX_UART7_Init  usart.o
    0x0800c33e   0x0800c33e   0x00000002   PAD
    0x0800c340   0x0800c340   0x00000096   Code   RO          145    .text.MX_USART2_UART_Init  usart.o
    0x0800c3d6   0x0800c3d6   0x00000002   PAD
    0x0800c3d8   0x0800c3d8   0x00000096   Code   RO          147    .text.MX_USART3_UART_Init  usart.o
    0x0800c46e   0x0800c46e   0x00000002   PAD
    0x0800c470   0x0800c470   0x00000004   Code   RO          173    .text.MemManage_Handler  stm32h7xx_it.o
    0x0800c474   0x0800c474   0x00000004   PAD
    0x0800c478   0x0800c478   0x00000004   Code   RO          169    .text.NMI_Handler   stm32h7xx_it.o
    0x0800c47c   0x0800c47c   0x00000004   PAD
    0x0800c480   0x0800c480   0x0000006c   Code   RO          596    .text.NVIC_EncodePriority  stm32h7xx_hal_cortex.o
    0x0800c4ec   0x0800c4ec   0x00000004   PAD
    0x0800c4f0   0x0800c4f0   0x00000064   Code   RO         2711    .text.PendSV_Handler  port.o
    0x0800c554   0x0800c554   0x00000004   PAD
    0x0800c558   0x0800c558   0x000000e6   Code   RO         3169    .text.Position_PID  tpid.o
    0x0800c63e   0x0800c63e   0x00000002   PAD
    0x0800c640   0x0800c640   0x0000006a   Code   RO         3167    .text.Position_PIDInit  tpid.o
    0x0800c6aa   0x0800c6aa   0x00000006   PAD
    0x0800c6b0   0x0800c6b0   0x00000012   Code   RO         3112    .text.R4            saber_c3.o
    0x0800c6c2   0x0800c6c2   0x00000006   PAD
    0x0800c6c8   0x0800c6c8   0x000001ca   Code   RO          734    .text.RCCEx_PLL2_Config  stm32h7xx_hal_rcc_ex.o
    0x0800c892   0x0800c892   0x00000006   PAD
    0x0800c898   0x0800c898   0x000001ca   Code   RO          736    .text.RCCEx_PLL3_Config  stm32h7xx_hal_rcc_ex.o
    0x0800ca62   0x0800ca62   0x00000006   PAD
    0x0800ca68   0x0800ca68   0x00000116   Code   RO         1742    .text.SPI_CloseTransfer  stm32h7xx_hal_spi.o
    0x0800cb7e   0x0800cb7e   0x00000002   PAD
    0x0800cb80   0x0800cb80   0x0000002a   Code   RO         1732    .text.SPI_GetPacketSize  stm32h7xx_hal_spi.o
    0x0800cbaa   0x0800cbaa   0x00000006   PAD
    0x0800cbb0   0x0800cbb0   0x00000068   Code   RO         1744    .text.SPI_WaitOnFlagUntilTimeout  stm32h7xx_hal_spi.o
    0x0800cc18   0x0800cc18   0x00000008   PAD
    0x0800cc20   0x0800cc20   0x00000024   Code   RO         2695    .text.SVC_Handler   port.o
    0x0800cc44   0x0800cc44   0x00000004   PAD
    0x0800cc48   0x0800cc48   0x0000000e   Code   RO         2491    .text.SVC_Setup     cmsis_os2.o
    0x0800cc56   0x0800cc56   0x00000002   PAD
    0x0800cc58   0x0800cc58   0x00000132   Code   RO         3108    .text.Saber_Cheak   saber_c3.o
    0x0800cd8a   0x0800cd8a   0x00000006   PAD
    0x0800cd90   0x0800cd90   0x0000001a   Code   RO         3106    .text.Saber_Init    saber_c3.o
    0x0800cdaa   0x0800cdaa   0x00000006   PAD
    0x0800cdb0   0x0800cdb0   0x000000f0   Code   RO         3110    .text.Saber_Read    saber_c3.o
    0x0800cea0   0x0800cea0   0x00000058   Code   RO           45    .text.StartBoardcommTask  freertos.o
    0x0800cef8   0x0800cef8   0x00000040   Code   RO           39    .text.StartChassisTask  freertos.o
    0x0800cf38   0x0800cf38   0x00000030   Code   RO           37    .text.StartDefaultTask  freertos.o
    0x0800cf68   0x0800cf68   0x00000044   Code   RO           43    .text.StartIMUTask  freertos.o
    0x0800cfac   0x0800cfac   0x00000004   PAD
    0x0800cfb0   0x0800cfb0   0x0000005a   Code   RO           41    .text.StartLegMotorTask  freertos.o
    0x0800d00a   0x0800d00a   0x00000006   PAD
    0x0800d010   0x0800d010   0x0000001e   Code   RO         2481    .text.SysTick_Handler  cmsis_os2.o
    0x0800d02e   0x0800d02e   0x00000002   PAD
    0x0800d030   0x0800d030   0x000000cc   Code   RO           13    .text.SystemClock_Config  main.o
    0x0800d0fc   0x0800d0fc   0x00000004   PAD
    0x0800d100   0x0800d100   0x0000013a   Code   RO         2043    .text.SystemInit    system_stm32h7xx.o
    0x0800d23a   0x0800d23a   0x00000006   PAD
    0x0800d240   0x0800d240   0x00000010   Code   RO          193    .text.TIM2_IRQHandler  stm32h7xx_it.o
    0x0800d250   0x0800d250   0x000001ba   Code   RO          238    .text.TIM_Base_SetConfig  stm32h7xx_hal_tim.o
    0x0800d40a   0x0800d40a   0x00000006   PAD
    0x0800d410   0x0800d410   0x00000150   Code   RO          382    .text.TIM_OC1_SetConfig  stm32h7xx_hal_tim.o
    0x0800d560   0x0800d560   0x0000016c   Code   RO          384    .text.TIM_OC2_SetConfig  stm32h7xx_hal_tim.o
    0x0800d6cc   0x0800d6cc   0x00000004   PAD
    0x0800d6d0   0x0800d6d0   0x0000016a   Code   RO          386    .text.TIM_OC3_SetConfig  stm32h7xx_hal_tim.o
    0x0800d83a   0x0800d83a   0x00000006   PAD
    0x0800d840   0x0800d840   0x000000da   Code   RO          388    .text.TIM_OC4_SetConfig  stm32h7xx_hal_tim.o
    0x0800d91a   0x0800d91a   0x00000006   PAD
    0x0800d920   0x0800d920   0x000000d0   Code   RO          390    .text.TIM_OC5_SetConfig  stm32h7xx_hal_tim.o
    0x0800d9f0   0x0800d9f0   0x000000d2   Code   RO          392    .text.TIM_OC6_SetConfig  stm32h7xx_hal_tim.o
    0x0800dac2   0x0800dac2   0x00000006   PAD
    0x0800dac8   0x0800dac8   0x00000080   Code   RO         3159    .text.TPID_Init     tpid.o
    0x0800db48   0x0800db48   0x000000f4   Code   RO         3163    .text.T_Update      tpid.o
    0x0800dc3c   0x0800dc3c   0x00000004   PAD
    0x0800dc40   0x0800dc40   0x00000010   Code   RO          203    .text.UART7_IRQHandler  stm32h7xx_it.o
    0x0800dc50   0x0800dc50   0x00000086   Code   RO         2018    .text.UARTEx_SetNbDataToProcess  stm32h7xx_hal_uart_ex.o
    0x0800dcd6   0x0800dcd6   0x00000002   PAD
    0x0800dcd8   0x0800dcd8   0x00000148   Code   RO         1856    .text.UART_AdvFeatureConfig  stm32h7xx_hal_uart.o
    0x0800de20   0x0800de20   0x00000146   Code   RO         1858    .text.UART_CheckIdleState  stm32h7xx_hal_uart.o
    0x0800df66   0x0800df66   0x00000002   PAD
    0x0800df68   0x0800df68   0x00000024   Code   RO         1940    .text.UART_DMAAbortOnError  stm32h7xx_hal_uart.o
    0x0800df8c   0x0800df8c   0x00000004   PAD
    0x0800df90   0x0800df90   0x00000080   Code   RO         1896    .text.UART_DMAError  stm32h7xx_hal_uart.o
    0x0800e010   0x0800e010   0x000000f6   Code   RO         1986    .text.UART_DMAReceiveCplt  stm32h7xx_hal_uart.o
    0x0800e106   0x0800e106   0x00000002   PAD
    0x0800e108   0x0800e108   0x00000036   Code   RO         1988    .text.UART_DMARxHalfCplt  stm32h7xx_hal_uart.o
    0x0800e13e   0x0800e13e   0x00000002   PAD
    0x0800e140   0x0800e140   0x0000007a   Code   RO         1892    .text.UART_DMATransmitCplt  stm32h7xx_hal_uart.o
    0x0800e1ba   0x0800e1ba   0x00000006   PAD
    0x0800e1c0   0x0800e1c0   0x00000016   Code   RO         1894    .text.UART_DMATxHalfCplt  stm32h7xx_hal_uart.o
    0x0800e1d6   0x0800e1d6   0x00000002   PAD
    0x0800e1d8   0x0800e1d8   0x0000009e   Code   RO         1910    .text.UART_EndRxTransfer  stm32h7xx_hal_uart.o
    0x0800e276   0x0800e276   0x00000002   PAD
    0x0800e278   0x0800e278   0x00000044   Code   RO         1946    .text.UART_EndTransmit_IT  stm32h7xx_hal_uart.o
    0x0800e2bc   0x0800e2bc   0x00000004   PAD
    0x0800e2c0   0x0800e2c0   0x0000005c   Code   RO         1908    .text.UART_EndTxTransfer  stm32h7xx_hal_uart.o
    0x0800e31c   0x0800e31c   0x00000004   PAD
    0x0800e320   0x0800e320   0x00000a4e   Code   RO         1854    .text.UART_SetConfig  stm32h7xx_hal_uart.o
    0x0800ed6e   0x0800ed6e   0x00000002   PAD
    0x0800ed70   0x0800ed70   0x0000012e   Code   RO         1900    .text.UART_Start_Receive_DMA  stm32h7xx_hal_uart.o
    0x0800ee9e   0x0800ee9e   0x00000002   PAD
    0x0800eea0   0x0800eea0   0x000000fc   Code   RO         1872    .text.UART_WaitOnFlagUntilTimeout  stm32h7xx_hal_uart.o
    0x0800ef9c   0x0800ef9c   0x00000004   PAD
    0x0800efa0   0x0800efa0   0x00000010   Code   RO          195    .text.USART2_IRQHandler  stm32h7xx_it.o
    0x0800efb0   0x0800efb0   0x00000010   Code   RO          197    .text.USART3_IRQHandler  stm32h7xx_it.o
    0x0800efc0   0x0800efc0   0x00000044   Code   RO         2844    .text.UnitreeMotorTask  task_manager.o
    0x0800f004   0x0800f004   0x00000004   PAD
    0x0800f008   0x0800f008   0x00000004   Code   RO          177    .text.UsageFault_Handler  stm32h7xx_it.o
    0x0800f00c   0x0800f00c   0x00000004   PAD
    0x0800f010   0x0800f010   0x000000e2   Code   RO         3178    .text.WS2812_Ctrl   ws2812.o
    0x0800f0f2   0x0800f0f2   0x00000006   PAD
    0x0800f0f8   0x0800f0f8   0x00000010   Code   RO         2846    .text.WheelMotorTask  task_manager.o
    0x0800f108   0x0800f108   0x00000008   Code   RO         2765    .text._GLOBAL__sub_I_Chassis.cpp  chassis.o
    0x0800f110   0x0800f110   0x000000ac   Code   RO         3055    .text._Z10crc32_corePjj  unitree.o
    0x0800f1bc   0x0800f1bc   0x00000004   PAD
    0x0800f1c0   0x0800f1c0   0x000005f2   Code   RO         2936    .text._Z18Kalman_Filter_InitP4kf_thhh  kalman_filter.o
    0x0800f7b2   0x0800f7b2   0x00000006   PAD
    0x0800f7b8   0x0800f7b8   0x000000fa   Code   RO         2946    .text._Z18Kalman_Filter_SetKP4kf_t  kalman_filter.o
    0x0800f8b2   0x0800f8b2   0x00000006   PAD
    0x0800f8b8   0x0800f8b8   0x00000190   Code   RO         2952    .text._Z20Kalman_Filter_UpdateP4kf_t  kalman_filter.o
    0x0800fa48   0x0800fa48   0x00000102   Code   RO         2869    .text._Z21BodyFrameToEarthFramePKfPfS1_  ins.o
    0x0800fb4a   0x0800fb4a   0x00000006   PAD
    0x0800fb50   0x0800fb50   0x00000102   Code   RO         2871    .text._Z21EarthFrameToBodyFramePKfPfS1_  ins.o
    0x0800fc52   0x0800fc52   0x00000006   PAD
    0x0800fc58   0x0800fc58   0x00000062   Code   RO         2938    .text._Z21Kalman_Filter_MeasureP4kf_t  kalman_filter.o
    0x0800fcba   0x0800fcba   0x00000006   PAD
    0x0800fcc0   0x0800fcc0   0x00000080   Code   RO         2950    .text._Z22Kalman_Filter_P_UpdateP4kf_t  kalman_filter.o
    0x0800fd40   0x0800fd40   0x000000ac   Code   RO         2948    .text._Z24Kalman_Filter_xhatUpdateP4kf_t  kalman_filter.o
    0x0800fdec   0x0800fdec   0x00000004   PAD
    0x0800fdf0   0x0800fdf0   0x0000007e   Code   RO         2944    .text._Z26Kalman_Filter_PminusUpdateP4kf_t  kalman_filter.o
    0x0800fe6e   0x0800fe6e   0x00000002   PAD
    0x0800fe70   0x0800fe70   0x000000a2   Code   RO         2942    .text._Z29Kalman_Filter_xhatMinusUpdateP4kf_t  kalman_filter.o
    0x0800ff12   0x0800ff12   0x00000006   PAD
    0x0800ff18   0x0800ff18   0x00000012   Code   RO         2989    .text._Z3absB7v180000f  pid.o
    0x0800ff2a   0x0800ff2a   0x00000006   PAD
    0x0800ff30   0x0800ff30   0x0000018e   Code   RO         2940    .text._ZL16H_K_R_AdjustmentP4kf_t  kalman_filter.o
    0x080100be   0x080100be   0x00000002   PAD
    0x080100c0   0x080100c0   0x00000014   Code   RO         2835    .text._ZN10MOTOR_sendC2Ev  chassis.o
    0x080100d4   0x080100d4   0x00000004   PAD
    0x080100d8   0x080100d8   0x00000012   Code   RO         2839    .text._ZN12MasterComdV3C2Ev  chassis.o
    0x080100ea   0x080100ea   0x00000006   PAD
    0x080100f0   0x080100f0   0x0000003e   Code   RO         3059    .text._ZN13Unitree_Motor12SetMotorDataEfffff  unitree.o
    0x0801012e   0x0801012e   0x00000002   PAD
    0x08010130   0x08010130   0x00000052   Code   RO         3069    .text._ZN13Unitree_Motor4CtrlEv  unitree.o
    0x08010182   0x08010182   0x00000006   PAD
    0x08010188   0x08010188   0x00000034   Code   RO         3057    .text._ZN13Unitree_Motor4InitEP20__UART_HandleTypeDefhhf  unitree.o
    0x080101bc   0x080101bc   0x00000004   PAD
    0x080101c0   0x080101c0   0x0000001c   Code   RO         3075    .text._ZN13Unitree_Motor6GetTorEv  unitree.o
    0x080101dc   0x080101dc   0x00000004   PAD
    0x080101e0   0x080101e0   0x00000100   Code   RO         3067    .text._ZN13Unitree_Motor6UpdateEPh  unitree.o
    0x080102e0   0x080102e0   0x00000024   Code   RO         3071    .text._ZN13Unitree_Motor8GetAngleEv  unitree.o
    0x08010304   0x08010304   0x00000004   PAD
    0x08010308   0x08010308   0x0000001c   Code   RO         3073    .text._ZN13Unitree_Motor8GetSpeedEv  unitree.o
    0x08010324   0x08010324   0x00000004   PAD
    0x08010328   0x08010328   0x000000c0   Code   RO         3065    .text._ZN13Unitree_Motor8SendDataEv  unitree.o
    0x080103e8   0x080103e8   0x00000044   Code   RO         3063    .text._ZN13Unitree_Motor9SetMotorTEf  unitree.o
    0x0801042c   0x0801042c   0x00000004   PAD
    0x08010430   0x08010430   0x00000014   Code   RO         2833    .text._ZN13Unitree_MotorC2Ev  chassis.o
    0x08010444   0x08010444   0x00000004   PAD
    0x08010448   0x08010448   0x00000052   Code   RO         2751    .text._ZN15balance_Chassis10ControllerEv  chassis.o
    0x0801049a   0x0801049a   0x00000006   PAD
    0x080104a0   0x080104a0   0x0000014c   Code   RO         2747    .text._ZN15balance_Chassis10LegLenCalcEv  chassis.o
    0x080105ec   0x080105ec   0x00000004   PAD
    0x080105f0   0x080105f0   0x00000170   Code   RO         2741    .text._ZN15balance_Chassis10TorControlEv  chassis.o
    0x08010760   0x08010760   0x00000098   Code   RO         2743    .text._ZN15balance_Chassis11SetMotorTorEv  chassis.o
    0x080107f8   0x080107f8   0x000000fe   Code   RO         2733    .text._ZN15balance_Chassis12SpeedEstInitEv  chassis.o
    0x080108f6   0x080108f6   0x00000002   PAD
    0x080108f8   0x080108f8   0x000000c0   Code   RO         2749    .text._ZN15balance_Chassis16SynthesizeMotionEv  chassis.o
    0x080109b8   0x080109b8   0x0000017c   Code   RO         2757    .text._ZN15balance_Chassis4JumpEv  chassis.o
    0x08010b34   0x08010b34   0x00000004   PAD
    0x08010b38   0x08010b38   0x00000078   Code   RO         2763    .text._ZN15balance_Chassis6SetSpdEv  chassis.o
    0x08010bb0   0x08010bb0   0x000001c8   Code   RO         2737    .text._ZN15balance_Chassis7LQRCalcEv  chassis.o
    0x08010d78   0x08010d78   0x00000188   Code   RO         2735    .text._ZN15balance_Chassis7LegCalcEv  chassis.o
    0x08010f00   0x08010f00   0x000000b4   Code   RO         2731    .text._ZN15balance_Chassis7PidInitEv  chassis.o
    0x08010fb4   0x08010fb4   0x00000004   PAD
    0x08010fb8   0x08010fb8   0x00000050   Code   RO         2739    .text._ZN15balance_Chassis7TorCalcEv  chassis.o
    0x08011008   0x08011008   0x00000058   Code   RO         2753    .text._ZN15balance_Chassis8SetStateEv  chassis.o
    0x08011060   0x08011060   0x000000a0   Code   RO         2729    .text._ZN15balance_Chassis9MotorInitEv  chassis.o
    0x08011100   0x08011100   0x000002dc   Code   RO         2761    .text._ZN15balance_Chassis9SetFollowEv  chassis.o
    0x080113dc   0x080113dc   0x00000004   PAD
    0x080113e0   0x080113e0   0x00000088   Code   RO         2759    .text._ZN15balance_Chassis9SetLegLenEv  chassis.o
    0x08011468   0x08011468   0x00000280   Code   RO         2755    .text._ZN15balance_Chassis9SpeedCalcEv  chassis.o
    0x080116e8   0x080116e8   0x00000074   Code   RO         2745    .text._ZN15balance_Chassis9StopMotorEv  chassis.o
    0x0801175c   0x0801175c   0x00000004   PAD
    0x08011760   0x08011760   0x00000048   Code   RO         2779    .text._ZN15balance_ChassisC2Ev  chassis.o
    0x080117a8   0x080117a8   0x00000016   Code   RO         2837    .text._ZN16MasterComdDataV3C2Ev  chassis.o
    0x080117be   0x080117be   0x00000002   PAD
    0x080117c0   0x080117c0   0x0000000e   Code   RO         2819    .text._ZN3Lqr10GetLegTorLEv  chassis.o
    0x080117ce   0x080117ce   0x00000002   PAD
    0x080117d0   0x080117d0   0x0000000e   Code   RO         2823    .text._ZN3Lqr10GetLegTorREv  chassis.o
    0x080117de   0x080117de   0x00000002   PAD
    0x080117e0   0x080117e0   0x00000012   Code   RO         2791    .text._ZN3Lqr11SetRotationEf  chassis.o
    0x080117f2   0x080117f2   0x00000006   PAD
    0x080117f8   0x080117f8   0x0000000e   Code   RO         2813    .text._ZN3Lqr12GetWheelTorLEv  chassis.o
    0x08011806   0x08011806   0x00000002   PAD
    0x08011808   0x08011808   0x0000000e   Code   RO         2815    .text._ZN3Lqr12GetWheelTorREv  chassis.o
    0x08011816   0x08011816   0x00000002   PAD
    0x08011818   0x08011818   0x00000012   Code   RO         2793    .text._ZN3Lqr12SetWRotationEf  chassis.o
    0x0801182a   0x0801182a   0x00000006   PAD
    0x08011830   0x08011830   0x00000b48   Code   RO         2906    .text._ZN3Lqr4CalcEv  lqr.o
    0x08012378   0x08012378   0x0000007a   Code   RO         2797    .text._ZN3Lqr7SetDataEffffffffffffff  chassis.o
    0x080123f2   0x080123f2   0x00000006   PAD
    0x080123f8   0x080123f8   0x00000012   Code   RO         2789    .text._ZN3Lqr7SetDistEf  chassis.o
    0x0801240a   0x0801240a   0x00000006   PAD
    0x08012410   0x08012410   0x00000012   Code   RO         2787    .text._ZN3Lqr8SetSpeedEf  chassis.o
    0x08012422   0x08012422   0x00000006   PAD
    0x08012428   0x08012428   0x00000012   Code   RO         2809    .text._ZN3Pid10SetMeasureEf  chassis.o
    0x0801243a   0x0801243a   0x00000006   PAD
    0x08012440   0x08012440   0x000000b8   Code   RO         2965    .text._ZN3Pid11ErrorHandleEv  pid.o
    0x080124f8   0x080124f8   0x00000052   Code   RO         2979    .text._ZN3Pid11OutputLimitEv  pid.o
    0x0801254a   0x0801254a   0x00000006   PAD
    0x08012550   0x08012550   0x00000036   Code   RO         2977    .text._ZN3Pid12OutputFilterEv  pid.o
    0x08012586   0x08012586   0x00000002   PAD
    0x08012588   0x08012588   0x000000e4   Code   RO         2975    .text._ZN3Pid13IntegralLimitEv  pid.o
    0x0801266c   0x0801266c   0x00000004   PAD
    0x08012670   0x08012670   0x00000036   Code   RO         2973    .text._ZN3Pid16DerivativeFilterEv  pid.o
    0x080126a6   0x080126a6   0x00000002   PAD
    0x080126a8   0x080126a8   0x00000032   Code   RO         2967    .text._ZN3Pid18TrapezoidIntergralEv  pid.o
    0x080126da   0x080126da   0x00000006   PAD
    0x080126e0   0x080126e0   0x000000b0   Code   RO         2969    .text._ZN3Pid22ChangingIntegratioRateEv  pid.o
    0x08012790   0x08012790   0x0000002a   Code   RO         2971    .text._ZN3Pid23DerivativeOnMeasurementEv  pid.o
    0x080127ba   0x080127ba   0x00000006   PAD
    0x080127c0   0x080127c0   0x00000032   Code   RO         2781    .text._ZN3Pid4InitEfffff  chassis.o
    0x080127f2   0x080127f2   0x00000006   PAD
    0x080127f8   0x080127f8   0x00000012   Code   RO         2811    .text._ZN3Pid6SetRefEf  chassis.o
    0x0801280a   0x0801280a   0x00000006   PAD
    0x08012810   0x08012810   0x0000016a   Code   RO         2963    .text._ZN3Pid9CalculateEv  pid.o
    0x0801297a   0x0801297a   0x00000006   PAD
    0x08012980   0x08012980   0x0000000e   Code   RO         2821    .text._ZN3Pid9GetOutputEv  chassis.o
    0x0801298e   0x0801298e   0x00000002   PAD
    0x08012990   0x08012990   0x0000003a   Code   RO         2785    .text._ZN3Vmc10SetLegDataEffffff  chassis.o
    0x080129ca   0x080129ca   0x00000006   PAD
    0x080129d0   0x080129d0   0x0000000e   Code   RO         2801    .text._ZN3Vmc11GetDotThetaEv  chassis.o
    0x080129de   0x080129de   0x00000002   PAD
    0x080129e0   0x080129e0   0x0000000e   Code   RO         2831    .text._ZN3Vmc11GetLegSpeedEv  chassis.o
    0x080129ee   0x080129ee   0x00000002   PAD
    0x080129f0   0x080129f0   0x0000001a   Code   RO         2783    .text._ZN3Vmc11SetBodyDataEff  chassis.o
    0x08012a0a   0x08012a0a   0x00000006   PAD
    0x08012a10   0x08012a10   0x0000000e   Code   RO         2829    .text._ZN3Vmc12GetPhi2SpeedEv  chassis.o
    0x08012a1e   0x08012a1e   0x00000002   PAD
    0x08012a20   0x08012a20   0x000000d0   Code   RO         2922    .text._ZN3Vmc12LegForceCalcEv  vmc.o
    0x08012af0   0x08012af0   0x0000000e   Code   RO         2805    .text._ZN3Vmc14GetForceNormalEv  chassis.o
    0x08012afe   0x08012afe   0x00000002   PAD
    0x08012b00   0x08012b00   0x0000000e   Code   RO         2827    .text._ZN3Vmc5GetT1Ev  chassis.o
    0x08012b0e   0x08012b0e   0x00000002   PAD
    0x08012b10   0x08012b10   0x0000000e   Code   RO         2825    .text._ZN3Vmc5GetT2Ev  chassis.o
    0x08012b1e   0x08012b1e   0x00000002   PAD
    0x08012b20   0x08012b20   0x0000001a   Code   RO         2807    .text._ZN3Vmc6SetTorEff  chassis.o
    0x08012b3a   0x08012b3a   0x00000006   PAD
    0x08012b40   0x08012b40   0x0000000e   Code   RO         2817    .text._ZN3Vmc7GetPhi0Ev  chassis.o
    0x08012b4e   0x08012b4e   0x00000002   PAD
    0x08012b50   0x08012b50   0x000006d0   Code   RO         2916    .text._ZN3Vmc7LegCalcEv  vmc.o
    0x08013220   0x08013220   0x00000042   Code   RO         2918    .text._ZN3Vmc7TorCalcEv  vmc.o
    0x08013262   0x08013262   0x00000006   PAD
    0x08013268   0x08013268   0x0000000e   Code   RO         2799    .text._ZN3Vmc8GetThetaEv  chassis.o
    0x08013276   0x08013276   0x00000002   PAD
    0x08013278   0x08013278   0x000003cc   Code   RO         2920    .text._ZN3Vmc8JacobianEv  vmc.o
    0x08013644   0x08013644   0x00000004   PAD
    0x08013648   0x08013648   0x0000000e   Code   RO         2803    .text._ZN3Vmc9GetLegLenEv  chassis.o
    0x08013656   0x08013656   0x00000002   PAD
    0x08013658   0x08013658   0x00000054   Code   RO         3022    .text._ZN4Math8AbsLimitEff  user_lib.o
    0x080136ac   0x080136ac   0x00000004   PAD
    0x080136b0   0x080136b0   0x00000014   Code   RO         2931    .text._ZNSt3__26__math3cosB7v180000Ef  vmc.o
    0x080136c4   0x080136c4   0x00000004   PAD
    0x080136c8   0x080136c8   0x00000014   Code   RO         2933    .text._ZNSt3__26__math3sinB7v180000Ef  vmc.o
    0x080136dc   0x080136dc   0x00000004   PAD
    0x080136e0   0x080136e0   0x00000012   Code   RO         2795    .text._ZNSt3__26__math4fabsB7v180000Ef  chassis.o
    0x080136f2   0x080136f2   0x00000006   PAD
    0x080136f8   0x080136f8   0x00000030   Code   RO          600    .text.__NVIC_EnableIRQ  stm32h7xx_hal_cortex.o
    0x08013728   0x08013728   0x00000010   Code   RO          592    .text.__NVIC_GetPriorityGrouping  stm32h7xx_hal_cortex.o
    0x08013738   0x08013738   0x00000042   Code   RO          594    .text.__NVIC_SetPriority  stm32h7xx_hal_cortex.o
    0x0801377a   0x0801377a   0x00000006   PAD
    0x08013780   0x08013780   0x00000042   Code   RO         2645    .text.__NVIC_SetPriority  cmsis_os2.o
    0x080137c2   0x080137c2   0x00000006   PAD
    0x080137c8   0x080137c8   0x0000003c   Code   RO          588    .text.__NVIC_SetPriorityGrouping  stm32h7xx_hal_cortex.o
    0x08013804   0x08013804   0x00000004   PAD
    0x08013808   0x08013808   0x00000010   Code   RO         2727    .text.__cxx_global_var_init  chassis.o
    0x08013818   0x08013818   0x00000054   Code   RO         3165    .text.abs_limit     tpid.o
    0x0801386c   0x0801386c   0x00000090   Code   RO         3244    .text.arm_cos_f32   arm_cortexM7lfdp_math.lib(arm_cos_f32.o)
    0x080138fc   0x080138fc   0x000000be   Code   RO         3264    .text.arm_mat_add_f32  arm_cortexM7lfdp_math.lib(arm_mat_add_f32.o)
    0x080139ba   0x080139ba   0x00000008   Code   RO         3274    .text.arm_mat_init_f32  arm_cortexM7lfdp_math.lib(arm_mat_init_f32.o)
    0x080139c2   0x080139c2   0x00000002   PAD
    0x080139c4   0x080139c4   0x000002cc   Code   RO         3283    .text.arm_mat_inverse_f32  arm_cortexM7lfdp_math.lib(arm_mat_inverse_f32.o)
    0x08013c90   0x08013c90   0x00000130   Code   RO         3293    .text.arm_mat_mult_f32  arm_cortexM7lfdp_math.lib(arm_mat_mult_f32.o)
    0x08013dc0   0x08013dc0   0x000000be   Code   RO         3303    .text.arm_mat_sub_f32  arm_cortexM7lfdp_math.lib(arm_mat_sub_f32.o)
    0x08013e7e   0x08013e7e   0x00000002   PAD
    0x08013e80   0x08013e80   0x000000b4   Code   RO         3313    .text.arm_mat_trans_f32  arm_cortexM7lfdp_math.lib(arm_mat_trans_f32.o)
    0x08013f34   0x08013f34   0x0000008c   Code   RO         3254    .text.arm_sin_f32   arm_cortexM7lfdp_math.lib(arm_sin_f32.o)
    0x08013fc0   0x08013fc0   0x00000068   Code   RO         2852    .text.boardCommunicateTask  task_manager.o
    0x08014028   0x08014028   0x00000040   Code   RO         3222    .text.can_bsp_init  bsp_fdcan.o
    0x08014068   0x08014068   0x00000060   Code   RO         3228    .text.can_filter_init  bsp_fdcan.o
    0x080140c8   0x080140c8   0x00000018   Code   RO         3232    .text.fdcan1_rx_callback  bsp_fdcan.o
    0x080140e0   0x080140e0   0x00000018   Code   RO         3234    .text.fdcan2_rx_callback  bsp_fdcan.o
    0x080140f8   0x080140f8   0x000001b0   Code   RO         3226    .text.fdcanx_receive  bsp_fdcan.o
    0x080142a8   0x080142a8   0x00000050   Code   RO         3224    .text.fdcanx_send_data  bsp_fdcan.o
    0x080142f8   0x080142f8   0x0000006c   Code   RO           11    .text.main          main.o
    0x08014364   0x08014364   0x00000004   PAD
    0x08014368   0x08014368   0x00000022   Code   RO         2842    .text.motor_init    task_manager.o
    0x0801438a   0x0801438a   0x00000006   PAD
    0x08014390   0x08014390   0x00000034   Code   RO         2549    .text.osDelay       cmsis_os2.o
    0x080143c4   0x080143c4   0x00000004   PAD
    0x080143c8   0x080143c8   0x00000046   Code   RO         2483    .text.osKernelInitialize  cmsis_os2.o
    0x0801440e   0x0801440e   0x00000002   PAD
    0x08014410   0x08014410   0x00000052   Code   RO         2489    .text.osKernelStart  cmsis_os2.o
    0x08014462   0x08014462   0x00000006   PAD
    0x08014468   0x08014468   0x0000015a   Code   RO         2513    .text.osThreadNew   cmsis_os2.o
    0x080145c2   0x080145c2   0x00000006   PAD
    0x080145c8   0x080145c8   0x000000d4   Code   RO         2275    .text.prvAddCurrentTaskToDelayedList  tasks.o
    0x0801469c   0x0801469c   0x00000004   PAD
    0x080146a0   0x080146a0   0x00000122   Code   RO         2261    .text.prvAddNewTaskToReadyList  tasks.o
    0x080147c2   0x080147c2   0x00000006   PAD
    0x080147c8   0x080147c8   0x000000a2   Code   RO         2412    .text.prvCheckForValidListAndQueue  timers.o
    0x0801486a   0x0801486a   0x00000006   PAD
    0x08014870   0x08014870   0x0000005a   Code   RO         2379    .text.prvCheckTasksWaitingTermination  tasks.o
    0x080148ca   0x080148ca   0x00000006   PAD
    0x080148d0   0x080148d0   0x00000042   Code   RO         2154    .text.prvCopyDataFromQueue  queue.o
    0x08014912   0x08014912   0x00000006   PAD
    0x08014918   0x08014918   0x000000cc   Code   RO         2142    .text.prvCopyDataToQueue  queue.o
    0x080149e4   0x080149e4   0x00000004   PAD
    0x080149e8   0x080149e8   0x0000005e   Code   RO         2267    .text.prvDeleteTCB  tasks.o
    0x08014a46   0x08014a46   0x00000002   PAD
    0x08014a48   0x08014a48   0x00000040   Code   RO         2450    .text.prvGetNextExpireTime  timers.o
    0x08014a88   0x08014a88   0x000000bc   Code   RO         2662    .text.prvHeapInit   heap_4.o
    0x08014b44   0x08014b44   0x00000004   PAD
    0x08014b48   0x08014b48   0x00000038   Code   RO         2301    .text.prvIdleTask   tasks.o
    0x08014b80   0x08014b80   0x00000048   Code   RO         2116    .text.prvInitialiseNewQueue  queue.o
    0x08014bc8   0x08014bc8   0x00000122   Code   RO         2259    .text.prvInitialiseNewTask  tasks.o
    0x08014cea   0x08014cea   0x00000006   PAD
    0x08014cf0   0x08014cf0   0x0000008e   Code   RO         2377    .text.prvInitialiseTaskLists  tasks.o
    0x08014d7e   0x08014d7e   0x00000002   PAD
    0x08014d80   0x08014d80   0x000000c6   Code   RO         2664    .text.prvInsertBlockIntoFreeList  heap_4.o
    0x08014e46   0x08014e46   0x00000002   PAD
    0x08014e48   0x08014e48   0x00000086   Code   RO         2462    .text.prvInsertTimerInActiveList  timers.o
    0x08014ece   0x08014ece   0x00000002   PAD
    0x08014ed0   0x08014ed0   0x00000028   Code   RO         2156    .text.prvIsQueueEmpty  queue.o
    0x08014ef8   0x08014ef8   0x0000002e   Code   RO         2144    .text.prvIsQueueFull  queue.o
    0x08014f26   0x08014f26   0x00000002   PAD
    0x08014f28   0x08014f28   0x00000028   Code   RO         2703    .text.prvPortStartFirstTask  port.o
    0x08014f50   0x08014f50   0x0000008e   Code   RO         2458    .text.prvProcessExpiredTimer  timers.o
    0x08014fde   0x08014fde   0x00000002   PAD
    0x08014fe0   0x08014fe0   0x00000192   Code   RO         2454    .text.prvProcessReceivedCommands  timers.o
    0x08015172   0x08015172   0x00000006   PAD
    0x08015178   0x08015178   0x0000009a   Code   RO         2452    .text.prvProcessTimerOrBlockTask  timers.o
    0x08015212   0x08015212   0x00000006   PAD
    0x08015218   0x08015218   0x00000046   Code   RO         2269    .text.prvResetNextTaskUnblockTime  tasks.o
    0x0801525e   0x0801525e   0x00000002   PAD
    0x08015260   0x08015260   0x00000044   Code   RO         2456    .text.prvSampleTimeNow  timers.o
    0x080152a4   0x080152a4   0x00000004   PAD
    0x080152a8   0x080152a8   0x000000d4   Code   RO         2460    .text.prvSwitchTimerLists  timers.o
    0x0801537c   0x0801537c   0x00000004   PAD
    0x08015380   0x08015380   0x0000004c   Code   RO         2693    .text.prvTaskExitError  port.o
    0x080153cc   0x080153cc   0x00000004   PAD
    0x080153d0   0x080153d0   0x0000001e   Code   RO         2414    .text.prvTimerTask  timers.o
    0x080153ee   0x080153ee   0x00000002   PAD
    0x080153f0   0x080153f0   0x000000ae   Code   RO         2146    .text.prvUnlockQueue  queue.o
    0x0801549e   0x0801549e   0x00000002   PAD
    0x080154a0   0x080154a0   0x000001ec   Code   RO         2660    .text.pvPortMalloc  heap_4.o
    0x0801568c   0x0801568c   0x00000004   PAD
    0x08015690   0x08015690   0x0000005e   Code   RO         2691    .text.pxPortInitialiseStack  port.o
    0x080156ee   0x080156ee   0x00000002   PAD
    0x080156f0   0x080156f0   0x00000048   Code   RO         2103    .text.uxListRemove  list.o
    0x08015738   0x08015738   0x0000002a   Code   RO         2641    .text.vApplicationGetIdleTaskMemory  cmsis_os2.o
    0x08015762   0x08015762   0x00000006   PAD
    0x08015768   0x08015768   0x0000002c   Code   RO         2643    .text.vApplicationGetTimerTaskMemory  cmsis_os2.o
    0x08015794   0x08015794   0x00000004   PAD
    0x08015798   0x08015798   0x0000002e   Code   RO         2095    .text.vListInitialise  list.o
    0x080157c6   0x080157c6   0x00000002   PAD
    0x080157c8   0x080157c8   0x0000000e   Code   RO         2097    .text.vListInitialiseItem  list.o
    0x080157d6   0x080157d6   0x00000002   PAD
    0x080157d8   0x080157d8   0x0000006a   Code   RO         2101    .text.vListInsert   list.o
    0x08015842   0x08015842   0x00000006   PAD
    0x08015848   0x08015848   0x0000003a   Code   RO         2099    .text.vListInsertEnd  list.o
    0x08015882   0x08015882   0x00000006   PAD
    0x08015888   0x08015888   0x00000014   Code   RO         2701    .text.vPortEnableVFP  port.o
    0x0801589c   0x0801589c   0x00000004   PAD
    0x080158a0   0x080158a0   0x00000056   Code   RO         2707    .text.vPortEnterCritical  port.o
    0x080158f6   0x080158f6   0x00000002   PAD
    0x080158f8   0x080158f8   0x0000004a   Code   RO         2709    .text.vPortExitCritical  port.o
    0x08015942   0x08015942   0x00000006   PAD
    0x08015948   0x08015948   0x000000ce   Code   RO         2666    .text.vPortFree     heap_4.o
    0x08015a16   0x08015a16   0x00000002   PAD
    0x08015a18   0x08015a18   0x00000044   Code   RO         2699    .text.vPortSetupTimerInterrupt  port.o
    0x08015a5c   0x08015a5c   0x00000004   PAD
    0x08015a60   0x08015a60   0x00000084   Code   RO         2715    .text.vPortValidateInterruptPriority  port.o
    0x08015ae4   0x08015ae4   0x00000004   PAD
    0x08015ae8   0x08015ae8   0x00000052   Code   RO         2186    .text.vQueueAddToRegistry  queue.o
    0x08015b3a   0x08015b3a   0x00000006   PAD
    0x08015b40   0x08015b40   0x00000064   Code   RO         2190    .text.vQueueWaitForMessageRestricted  queue.o
    0x08015ba4   0x08015ba4   0x00000004   PAD
    0x08015ba8   0x08015ba8   0x0000006e   Code   RO         2279    .text.vTaskDelay    tasks.o
    0x08015c16   0x08015c16   0x00000002   PAD
    0x08015c18   0x08015c18   0x00000024   Code   RO         2333    .text.vTaskInternalSetTimeOutState  tasks.o
    0x08015c3c   0x08015c3c   0x00000004   PAD
    0x08015c40   0x08015c40   0x0000000e   Code   RO         2337    .text.vTaskMissedYield  tasks.o
    0x08015c4e   0x08015c4e   0x00000002   PAD
    0x08015c50   0x08015c50   0x00000042   Code   RO         2321    .text.vTaskPlaceOnEventList  tasks.o
    0x08015c92   0x08015c92   0x00000006   PAD
    0x08015c98   0x08015c98   0x00000052   Code   RO         2325    .text.vTaskPlaceOnEventListRestricted  tasks.o
    0x08015cea   0x08015cea   0x00000006   PAD
    0x08015cf0   0x08015cf0   0x000000e0   Code   RO         2299    .text.vTaskStartScheduler  tasks.o
    0x08015dd0   0x08015dd0   0x00000010   Code   RO         2273    .text.vTaskSuspendAll  tasks.o
    0x08015de0   0x08015de0   0x000000c6   Code   RO         2291    .text.vTaskSwitchContext  tasks.o
    0x08015ea6   0x08015ea6   0x00000002   PAD
    0x08015ea8   0x08015ea8   0x00000156   Code   RO         2697    .text.xPortStartScheduler  port.o
    0x08015ffe   0x08015ffe   0x00000002   PAD
    0x08016000   0x08016000   0x0000003c   Code   RO         2713    .text.xPortSysTickHandler  port.o
    0x0801603c   0x0801603c   0x00000004   PAD
    0x08016040   0x08016040   0x0000010e   Code   RO         2114    .text.xQueueGenericCreateStatic  queue.o
    0x0801614e   0x0801614e   0x00000002   PAD
    0x08016150   0x08016150   0x000000ba   Code   RO         2112    .text.xQueueGenericReset  queue.o
    0x0801620a   0x0801620a   0x00000006   PAD
    0x08016210   0x08016210   0x0000022c   Code   RO         2132    .text.xQueueGenericSend  queue.o
    0x0801643c   0x0801643c   0x00000004   PAD
    0x08016440   0x08016440   0x0000014c   Code   RO         2148    .text.xQueueGenericSendFromISR  queue.o
    0x0801658c   0x0801658c   0x00000004   PAD
    0x08016590   0x08016590   0x000001dc   Code   RO         2152    .text.xQueueReceive  queue.o
    0x0801676c   0x0801676c   0x00000004   PAD
    0x08016770   0x08016770   0x000000cc   Code   RO         2335    .text.xTaskCheckForTimeOut  tasks.o
    0x0801683c   0x0801683c   0x00000004   PAD
    0x08016840   0x08016840   0x0000009e   Code   RO         2263    .text.xTaskCreate   tasks.o
    0x080168de   0x080168de   0x00000002   PAD
    0x080168e0   0x080168e0   0x000000ce   Code   RO         2257    .text.xTaskCreateStatic  tasks.o
    0x080169ae   0x080169ae   0x00000002   PAD
    0x080169b0   0x080169b0   0x00000038   Code   RO         2351    .text.xTaskGetSchedulerState  tasks.o
    0x080169e8   0x080169e8   0x00000014   Code   RO         2307    .text.xTaskGetTickCount  tasks.o
    0x080169fc   0x080169fc   0x00000004   PAD
    0x08016a00   0x08016a00   0x000001c4   Code   RO         2305    .text.xTaskIncrementTick  tasks.o
    0x08016bc4   0x08016bc4   0x00000004   PAD
    0x08016bc8   0x08016bc8   0x000000ec   Code   RO         2355    .text.xTaskPriorityDisinherit  tasks.o
    0x08016cb4   0x08016cb4   0x00000004   PAD
    0x08016cb8   0x08016cb8   0x000000ce   Code   RO         2327    .text.xTaskRemoveFromEventList  tasks.o
    0x08016d86   0x08016d86   0x00000002   PAD
    0x08016d88   0x08016d88   0x00000186   Code   RO         2277    .text.xTaskResumeAll  tasks.o
    0x08016f0e   0x08016f0e   0x00000002   PAD
    0x08016f10   0x08016f10   0x00000094   Code   RO         2410    .text.xTimerCreateTimerTask  timers.o
    0x08016fa4   0x08016fa4   0x00000004   PAD
    0x08016fa8   0x08016fa8   0x000000b0   Code   RO         2422    .text.xTimerGenericCommand  timers.o
    0x08017058   0x08017058   0x00000026   Code   RO         3630    i.__ARM_fpclassifyf  m_wv.l(fpclassifyf.o)
    0x0801707e   0x0801707e   0x00000002   PAD
    0x08017080   0x08017080   0x000002ac   Code   RO         3505    i.__hardfp_atan2f   m_wv.l(atan2f.o)
    0x0801732c   0x0801732c   0x00000150   Code   RO         3511    i.__hardfp_cosf     m_wv.l(cosf.o)
    0x0801747c   0x0801747c   0x00000664   Code   RO         3517    i.__hardfp_powf     m_wv.l(powf.o)
    0x08017ae0   0x08017ae0   0x00000190   Code   RO         3524    i.__hardfp_sinf     m_wv.l(sinf.o)
    0x08017c70   0x08017c70   0x0000003a   Code   RO         3530    i.__hardfp_sqrtf    m_wv.l(sqrtf.o)
    0x08017caa   0x08017caa   0x00000002   PAD
    0x08017cac   0x08017cac   0x00000014   Code   RO         3632    i.__mathlib_flt_divzero  m_wv.l(funder.o)
    0x08017cc0   0x08017cc0   0x00000006   Code   RO         3633    i.__mathlib_flt_infnan  m_wv.l(funder.o)
    0x08017cc6   0x08017cc6   0x00000006   Code   RO         3634    i.__mathlib_flt_infnan2  m_wv.l(funder.o)
    0x08017ccc   0x08017ccc   0x00000010   Code   RO         3635    i.__mathlib_flt_invalid  m_wv.l(funder.o)
    0x08017cdc   0x08017cdc   0x00000010   Code   RO         3636    i.__mathlib_flt_overflow  m_wv.l(funder.o)
    0x08017cec   0x08017cec   0x00000010   Code   RO         3638    i.__mathlib_flt_underflow  m_wv.l(funder.o)
    0x08017cfc   0x08017cfc   0x00000154   Code   RO         3646    i.__mathlib_rredf2  m_wv.l(rredf.o)
    0x08017e50   0x08017e50   0x0000001a   Code   RO         3695    x$fpl$fpinit        fz_wv.l(fpinit.o)
    0x08017e6a   0x08017e6a   0x00000000   Code   RO         3629    x$fpl$usenofp       fz_wv.l(usenofp.o)
    0x08017e6a   0x08017e6a   0x00000002   PAD
    0x08017e6c   0x08017e6c   0x00000140   Data   RO         3520    .constdata          m_wv.l(powf.o)
    0x08017fac   0x08017fac   0x00000020   Data   RO         3647    .constdata          m_wv.l(rredf.o)
    0x08017fcc   0x08017fcc   0x0000004c   Data   RO         1721    .rodata..L__const.HAL_FDCAN_Init.CvtEltSize  stm32h7xx_hal_fdcan.o
    0x08018018   0x08018018   0x00000024   Data   RO           52    .rodata.BoardcommTask_attributes  freertos.o
    0x0801803c   0x0801803c   0x00000024   Data   RO           49    .rodata.ChassisTask_attributes  freertos.o
    0x08018060   0x08018060   0x00000010   Data   RO         2049    .rodata.D1CorePrescTable  system_stm32h7xx.o
    0x08018070   0x08018070   0x00000010   Data   RO         1722    .rodata.DLCtoBytes  stm32h7xx_hal_fdcan.o
    0x08018080   0x08018080   0x00000008   Data   RO          984    .rodata.DMA_CalcBaseAndBitshift.flagBitshiftOffset  stm32h7xx_hal_dma.o
    0x08018088   0x08018088   0x00000024   Data   RO           51    .rodata.IMUTask_attributes  freertos.o
    0x080180ac   0x080180ac   0x00000024   Data   RO           50    .rodata.LegMotorTask_attributes  freertos.o
    0x080180d0   0x080180d0   0x00000008   Data   RO         2035    .rodata.UARTEx_SetNbDataToProcess.denominator  stm32h7xx_hal_uart_ex.o
    0x080180d8   0x080180d8   0x00000008   Data   RO         2034    .rodata.UARTEx_SetNbDataToProcess.numerator  stm32h7xx_hal_uart_ex.o
    0x080180e0   0x080180e0   0x00000018   Data   RO         1990    .rodata.UARTPrescTable  stm32h7xx_hal_uart.o
    0x080180f8   0x080180f8   0x000003c0   Data   RO         2908    .rodata._ZL1k       lqr.o
    0x080184b8   0x080184b8   0x0000000c   Data   RO         2882    .rodata._ZL2xb      ins.o
    0x080184c4   0x080184c4   0x0000000c   Data   RO         2883    .rodata._ZL2yb      ins.o
    0x080184d0   0x080184d0   0x0000000c   Data   RO         2884    .rodata._ZL2zb      ins.o
    0x080184dc   0x080184dc   0x000003c0   Data   RO         2909    .rodata._ZL5k_off   lqr.o
    0x0801889c   0x0801889c   0x00000024   Data   RO           48    .rodata.defaultTask_attributes  freertos.o
    0x080188c0   0x080188c0   0x00000804   Data   RO         3409    .rodata.sinTable_f32  arm_cortexM7lfdp_math.lib(arm_common_tables.o)
    0x080190c4   0x080190c4   0x0000003b   Data   RO           47    .rodata.str1.1      freertos.o
    0x080190ff   0x080190ff   0x00000005   Data   RO         2395    .rodata.str1.1      tasks.o
    0x08019104   0x08019104   0x0000000d   Data   RO         2465    .rodata.str1.1      timers.o
    0x08019111   0x08019111   0x00000003   PAD
    0x08019114   0x08019114   0x00000030   Data   RO         3789    Region$$Table       anon$$obj.o
    0x08019144   0x08019144   0x00000004   Data   RO         2772    .init_array         chassis.o
    0x08019148   0x08019144   0x00000000   Data   RO         3494    .init_array         c_w.l(init_aeabi.o)


    Execution Region RW_IRAM1 (Exec base: 0x20000000, Load base: 0x08019148, Size: 0x00020000, Max: 0x00020000, ABSOLUTE)

    Exec Addr    Load Addr    Size         Type   Attr      Idx    E Section Name        Object

    0x20000000        -       0x00020000   Zero   RW            2    HEAP                startup_stm32h723xx.o


    Execution Region RW_IRAM2 (Exec base: 0x24000000, Load base: 0x08019148, Size: 0x00006b00, Max: 0x00020000, ABSOLUTE)

    Exec Addr    Load Addr    Size         Type   Attr      Idx    E Section Name        Object

    0x24000000   0x08019148   0x0000000c   Data   RW         3236    .data.Can_Fun       bsp_fdcan.o
    0x2400000c   0x08019154   0x00000008   Data   RW         3146    .data.Disable_M1505B  m1505b_motor.o
    0x24000014   0x0801915c   0x00000008   Data   RW         3147    .data.Enable_M1505B  m1505b_motor.o
    0x2400001c   0x08019164   0x00000020   Data   RW         3148    .data.M1505B_FUN    m1505b_motor.o
    0x2400003c   0x08019184   0x00000010   Data   RW         3096    .data.M6020_Fun     m6020_motor.o
    0x2400004c   0x08019194   0x00000008   Data   RW         3144    .data.SetLID_M1505B  m1505b_motor.o
    0x24000054   0x0801919c   0x00000008   Data   RW         3145    .data.SetRID_M1505B  m1505b_motor.o
    0x2400005c   0x080191a4   0x00000004   Data   RW         2047    .data.SystemCoreClock  system_stm32h7xx.o
    0x24000060   0x080191a8   0x00000004   Data   RW         2048    .data.SystemD2Clock  system_stm32h7xx.o
    0x24000064   0x080191ac   0x00000004   Data   RW         2924    .data._ZZN3Vmc7LegCalcEvE10predict_dt  vmc.o
    0x24000068   0x080191b0   0x00000001   Data   RW         1299    .data.uwTickFreq    stm32h7xx_hal.o
    0x24000069   0x080191b1   0x00000003   PAD
    0x2400006c   0x080191b4   0x00000004   Data   RW         1298    .data.uwTickPrio    stm32h7xx_hal.o
    0x24000070   0x080191b8   0x00000004   Data   RW         2719    .data.uxCriticalNesting  port.o
    0x24000074   0x080191bc   0x00000004   PAD
    0x24000078        -       0x00000060   Zero   RW         3654    .bss                c_w.l(libspace.o)
    0x240000d8        -       0x00000004   Zero   RW           57    .bss.BoardcommTaskHandle  freertos.o
    0x240000dc        -       0x00000004   Zero   RW         3204    .bss.CPU_FREQ_Hz    bsp_dwt.o
    0x240000e0        -       0x00000004   Zero   RW         3205    .bss.CPU_FREQ_Hz_ms  bsp_dwt.o
    0x240000e4        -       0x00000004   Zero   RW         3206    .bss.CPU_FREQ_Hz_us  bsp_dwt.o
    0x240000e8        -       0x00000008   Zero   RW         3211    .bss.CYCCNT64       bsp_dwt.o
    0x240000f0        -       0x00000004   Zero   RW         3214    .bss.CYCCNT_LAST    bsp_dwt.o
    0x240000f4        -       0x00000004   Zero   RW         3207    .bss.CYCCNT_RountCount  bsp_dwt.o
    0x240000f8        -       0x00000004   Zero   RW           54    .bss.ChassisTaskHandle  freertos.o
    0x240000fc        -       0x00000001   Zero   RW         3213    .bss.DWT_CNT_Update.bit_locker  bsp_dwt.o
    0x240000fd   0x080191bc   0x00000003   PAD
    0x24000100        -       0x00000008   Zero   RW         3208    .bss.DWT_SysTimeUpdate.CNT_TEMP1  bsp_dwt.o
    0x24000108        -       0x00000008   Zero   RW         3209    .bss.DWT_SysTimeUpdate.CNT_TEMP2  bsp_dwt.o
    0x24000110        -       0x00000008   Zero   RW         3210    .bss.DWT_SysTimeUpdate.CNT_TEMP3  bsp_dwt.o
    0x24000118        -       0x00000004   Zero   RW          105    .bss.HAL_RCC_FDCAN_CLK_ENABLED  fdcan.o
    0x2400011c        -       0x00000004   Zero   RW           56    .bss.IMUTaskHandle  freertos.o
    0x24000120        -       0x0000007c   Zero   RW         2877    .bss.INS            ins.o
    0x2400019c        -       0x00000004   Zero   RW         2878    .bss.INS_DWT_Count  ins.o
    0x240001a0        -       0x00000004   Zero   RW         2647    .bss.KernelState    cmsis_os2.o
    0x240001a4        -       0x00000004   Zero   RW           55    .bss.LegMotorTaskHandle  freertos.o
    0x240001a8        -       0x000000e0   Zero   RW         3143    .bss.M1505B_Array   m1505b_motor.o
    0x24000288        -       0x00000008   Zero   RW         3149    .bss.M1505B_Data_Tx  m1505b_motor.o
    0x24000290        -       0x00000008   Zero   RW         3098    .bss.M6020_Data_Tx  m6020_motor.o
    0x24000298        -       0x00000118   Zero   RW         3097    .bss.M6020s_Yaw     m6020_motor.o
    0x240003b0        -       0x00000034   Zero   RW         3119    .bss.Saber_Angle    saber_c3.o
    0x240003e4        -       0x00000001   Zero   RW         3115    .bss.Saber_Cheak.Header_Position  saber_c3.o
    0x240003e5        -       0x00000001   Zero   RW         3116    .bss.Saber_Cheak.Last_Position  saber_c3.o
    0x240003e6        -       0x00000098   Zero   RW         3118    .bss.Saber_Montage  saber_c3.o
    0x2400047e        -       0x00000001   Zero   RW         3117    .bss.Saber_Read.Header_Position  saber_c3.o
    0x2400047f        -       0x0000004c   Zero   RW         3114    .bss.Saber_Rxbuffer  saber_c3.o
    0x240004cb   0x080191bc   0x00000001   PAD
    0x240004cc        -       0x00000004   Zero   RW           65    .bss.StartBoardcommTask.board_dt  freertos.o
    0x240004d0        -       0x00000004   Zero   RW           64    .bss.StartBoardcommTask.board_start  freertos.o
    0x240004d4        -       0x00000004   Zero   RW           59    .bss.StartChassisTask.chassis_dt  freertos.o
    0x240004d8        -       0x00000004   Zero   RW           58    .bss.StartChassisTask.chassis_start  freertos.o
    0x240004dc        -       0x00000004   Zero   RW           63    .bss.StartIMUTask.ins_dt  freertos.o
    0x240004e0        -       0x00000004   Zero   RW           62    .bss.StartIMUTask.ins_start  freertos.o
    0x240004e4        -       0x00000004   Zero   RW           61    .bss.StartLegMotorTask.leg_dt  freertos.o
    0x240004e8        -       0x00000004   Zero   RW           60    .bss.StartLegMotorTask.leg_start  freertos.o
    0x240004ec        -       0x00000008   Zero   RW         3212    .bss.SysTime        bsp_dwt.o
    0x240004f4        -       0x00000004   Zero   RW         2881    .bss._ZL1t          ins.o
    0x240004f8        -       0x00000004   Zero   RW         2880    .bss._ZL2dt         ins.o
    0x240004fc        -       0x00000001   Zero   RW         2857    .bss._ZZ26HAL_UARTEx_RxEventCallbackE18Saber_Montage_Flag  task_manager.o
    0x240004fd   0x080191bc   0x00000003   PAD
    0x24000500        -       0x00000004   Zero   RW         2771    .bss._ZZN15balance_Chassis9SetFollowEvE13delta_aim_yaw  chassis.o
    0x24000504        -       0x00000004   Zero   RW         2982    .bss._ZZN3Pid13IntegralLimitEvE10temp_i_out  pid.o
    0x24000508        -       0x00000004   Zero   RW         2981    .bss._ZZN3Pid13IntegralLimitEvE11temp_output  pid.o
    0x2400050c        -       0x00000024   Zero   RW         2898    .bss.board_comm     board_comm.o
    0x24000530        -       0x00000d68   Zero   RW         2769    .bss.chassis        chassis.o
    0x24001298        -       0x00000004   Zero   RW           53    .bss.defaultTaskHandle  freertos.o
    0x2400129c        -       0x00000024   Zero   RW           79    .bss.hcrc           crc.o
    0x240012c0        -       0x00000078   Zero   RW          156    .bss.hdma_uart7_rx  usart.o
    0x24001338        -       0x00000078   Zero   RW          157    .bss.hdma_uart7_tx  usart.o
    0x240013b0        -       0x00000078   Zero   RW          158    .bss.hdma_usart2_rx  usart.o
    0x24001428        -       0x00000078   Zero   RW          159    .bss.hdma_usart2_tx  usart.o
    0x240014a0        -       0x00000078   Zero   RW          160    .bss.hdma_usart3_rx  usart.o
    0x24001518        -       0x00000078   Zero   RW          161    .bss.hdma_usart3_tx  usart.o
    0x24001590        -       0x000000a0   Zero   RW          103    .bss.hfdcan1        fdcan.o
    0x24001630        -       0x000000a0   Zero   RW          104    .bss.hfdcan2        fdcan.o
    0x240016d0        -       0x00000088   Zero   RW          119    .bss.hspi6          spi.o
    0x24001758        -       0x0000004c   Zero   RW          226    .bss.htim2          stm32h7xx_hal_timebase_tim.o
    0x240017a4        -       0x0000004c   Zero   RW          135    .bss.htim3          tim.o
    0x240017f0        -       0x00000094   Zero   RW          154    .bss.huart2         usart.o
    0x24001884        -       0x00000094   Zero   RW          155    .bss.huart3         usart.o
    0x24001918        -       0x00000094   Zero   RW          153    .bss.huart7         usart.o
    0x240019ac        -       0x000000a0   Zero   RW         2473    .bss.prvCheckForValidListAndQueue.ucStaticTimerQueueStorage  timers.o
    0x24001a4c        -       0x00000050   Zero   RW         2472    .bss.prvCheckForValidListAndQueue.xStaticTimerQueue  timers.o
    0x24001a9c        -       0x00000004   Zero   RW         2469    .bss.prvSampleTimeNow.xLastTime  timers.o
    0x24001aa0        -       0x00000004   Zero   RW         2381    .bss.pxCurrentTCB   tasks.o
    0x24001aa4        -       0x00000004   Zero   RW         2467    .bss.pxCurrentTimerList  timers.o
    0x24001aa8        -       0x00000004   Zero   RW         2389    .bss.pxDelayedTaskList  tasks.o
    0x24001aac        -       0x00000004   Zero   RW         2676    .bss.pxEnd          heap_4.o
    0x24001ab0        -       0x00000004   Zero   RW         2390    .bss.pxOverflowDelayedTaskList  tasks.o
    0x24001ab4        -       0x00000004   Zero   RW         2468    .bss.pxOverflowTimerList  timers.o
    0x24001ab8        -       0x00000460   Zero   RW         2392    .bss.pxReadyTasksLists  tasks.o
    0x24001f18        -       0x00000002   Zero   RW         2955    .bss.sizeof_double  kalman_filter.o
    0x24001f1a        -       0x00000002   Zero   RW         2954    .bss.sizeof_float   kalman_filter.o
    0x24001f1c        -       0x00003c00   Zero   RW         2683    .bss.ucHeap         heap_4.o
    0x24005b1c        -       0x00000001   Zero   RW         2717    .bss.ucMaxSysCallPriority  port.o
    0x24005b1d   0x080191bc   0x00000003   PAD
    0x24005b20        -       0x00000004   Zero   RW         2718    .bss.ulMaxPRIGROUPValue  port.o
    0x24005b24        -       0x00000004   Zero   RW         1300    .bss.uwTick         stm32h7xx_hal.o
    0x24005b28        -       0x00000004   Zero   RW         2385    .bss.uxCurrentNumberOfTasks  tasks.o
    0x24005b2c        -       0x00000004   Zero   RW         2384    .bss.uxDeletedTasksWaitingCleanUp  tasks.o
    0x24005b30        -       0x00000004   Zero   RW         2387    .bss.uxSchedulerSuspended  tasks.o
    0x24005b34        -       0x00000004   Zero   RW         2382    .bss.uxTaskNumber   tasks.o
    0x24005b38        -       0x00000004   Zero   RW         2393    .bss.uxTopReadyPriority  tasks.o
    0x24005b3c        -       0x00000200   Zero   RW         2650    .bss.vApplicationGetIdleTaskMemory.Idle_Stack  cmsis_os2.o
    0x24005d3c        -       0x0000005c   Zero   RW         2649    .bss.vApplicationGetIdleTaskMemory.Idle_TCB  cmsis_os2.o
    0x24005d98        -       0x00000400   Zero   RW         2652    .bss.vApplicationGetTimerTaskMemory.Timer_Stack  cmsis_os2.o
    0x24006198        -       0x0000005c   Zero   RW         2651    .bss.vApplicationGetTimerTaskMemory.Timer_TCB  cmsis_os2.o
    0x240061f4        -       0x00000014   Zero   RW         2470    .bss.xActiveTimerList1  timers.o
    0x24006208        -       0x00000014   Zero   RW         2471    .bss.xActiveTimerList2  timers.o
    0x2400621c        -       0x00000004   Zero   RW         2677    .bss.xBlockAllocatedBit  heap_4.o
    0x24006220        -       0x00000014   Zero   RW         2401    .bss.xDelayedTaskList1  tasks.o
    0x24006234        -       0x00000014   Zero   RW         2402    .bss.xDelayedTaskList2  tasks.o
    0x24006248        -       0x00000004   Zero   RW         2678    .bss.xFreeBytesRemaining  heap_4.o
    0x2400624c        -       0x00000004   Zero   RW         2396    .bss.xIdleTaskHandle  tasks.o
    0x24006250        -       0x00000004   Zero   RW         2680    .bss.xMinimumEverFreeBytesRemaining  heap_4.o
    0x24006254        -       0x00000004   Zero   RW         2397    .bss.xNextTaskUnblockTime  tasks.o
    0x24006258        -       0x00000004   Zero   RW         2400    .bss.xNumOfOverflows  tasks.o
    0x2400625c        -       0x00000004   Zero   RW         2681    .bss.xNumberOfSuccessfulAllocations  heap_4.o
    0x24006260        -       0x00000004   Zero   RW         2682    .bss.xNumberOfSuccessfulFrees  heap_4.o
    0x24006264        -       0x00000004   Zero   RW         2399    .bss.xPendedTicks   tasks.o
    0x24006268        -       0x00000014   Zero   RW         2394    .bss.xPendingReadyList  tasks.o
    0x2400627c        -       0x00000040   Zero   RW         2192    .bss.xQueueRegistry  queue.o
    0x240062bc        -       0x00000004   Zero   RW         2386    .bss.xSchedulerRunning  tasks.o
    0x240062c0        -       0x00000008   Zero   RW         2679    .bss.xStart         heap_4.o
    0x240062c8        -       0x00000014   Zero   RW         2391    .bss.xSuspendedTaskList  tasks.o
    0x240062dc        -       0x00000014   Zero   RW         2383    .bss.xTasksWaitingTermination  tasks.o
    0x240062f0        -       0x00000004   Zero   RW         2388    .bss.xTickCount     tasks.o
    0x240062f4        -       0x00000004   Zero   RW         2464    .bss.xTimerQueue    timers.o
    0x240062f8        -       0x00000004   Zero   RW         2466    .bss.xTimerTaskHandle  timers.o
    0x240062fc        -       0x00000004   Zero   RW         2398    .bss.xYieldPending  tasks.o
    0x24006300        -       0x00000800   Zero   RW            1    STACK               startup_stm32h723xx.o


==============================================================================

Image component sizes


      Code (inc. data)   RO Data    RW Data    ZI Data      Debug   Object Name

       372          0          0          0         36       5697   board_comm.o
       742          4          0          0         61       3650   bsp_dwt.o
       788          0          0         12          0       6388   bsp_fdcan.o
      5640        224          4          0       3436      37071   chassis.o
       746          0          0          0       1724      36547   cmsis_os2.o
       126          0          0          0         36       3620   crc.o
       180          0          0          0          0       5286   dma.o
       662          0          0          0        324      11466   fdcan.o
       528          0        239          0         52       3978   freertos.o
       342          0          0          0          0       3079   gpio.o
      1084          0          0          0      15392       4433   heap_4.o
       984         28         36          0        136      16875   ins.o
      3256          0          0          0          4      20697   kalman_filter.o
       296          0          0          0          0       2236   list.o
      2888          0       1920          0          0       7675   lqr.o
      1034         80          0         64        232       4226   m1505b_motor.o
       506         32          0         16        288       3276   m6020_motor.o
       354          0          0          0          0       8836   main.o
      1250         12          0          0          8      17885   pid.o
      1128         16          0          4          5       3847   port.o
      2604          0          0          0         64      17293   queue.o
       590          0          0          0        283       1820   saber_c3.o
       280          0          0          0        136       8079   spi.o
        64         26        716          0     133120        868   startup_stm32h723xx.o
       160          0          0          5          4      14637   stm32h7xx_hal.o
       380          0          0          0          0      11288   stm32h7xx_hal_cortex.o
       204          0          0          0          0       4015   stm32h7xx_hal_crc.o
       234         26          0          0          0       2426   stm32h7xx_hal_crc_ex.o
     15540          8          8          0          0      12486   stm32h7xx_hal_dma.o
      5206          0         92          0          0      33540   stm32h7xx_hal_fdcan.o
       982          0          0          0          0       7002   stm32h7xx_hal_gpio.o
        54          0          0          0          0       7373   stm32h7xx_hal_i2c_ex.o
        50          0          0          0          0       5274   stm32h7xx_hal_msp.o
       162          0          0          0          0       9296   stm32h7xx_hal_pwr_ex.o
      4850         66          0          0          0      11416   stm32h7xx_hal_rcc.o
      6398         96          0          0          0      18691   stm32h7xx_hal_rcc_ex.o
      2126          0          0          0          0      19968   stm32h7xx_hal_spi.o
      3936         22          0          0          0      37561   stm32h7xx_hal_tim.o
       404          0          0          0          0      18216   stm32h7xx_hal_tim_ex.o
       216          0          0          0         76       9609   stm32h7xx_hal_timebase_tim.o
      7142        342         24          0          0      29365   stm32h7xx_hal_uart.o
       946          0         16          0          0       8909   stm32h7xx_hal_uart_ex.o
       214          0          0          0          0       1961   stm32h7xx_it.o
       314          0         16          8          0       5217   system_stm32h7xx.o
       408         16          0          0          1      19549   task_manager.o
      3918          0          5          0       1280      24146   tasks.o
       318          0          0          0         76       7164   tim.o
      1692         10         13          0        300      11599   timers.o
       792          0          0          0          0       2757   tpid.o
       976         84          0          0          0      18843   unitree.o
      1598          0          0          0       1164      12559   usart.o
        84          0          0          0          0       7237   user_lib.o
      3030         64          0          4          0      18556   vmc.o
       226          0          0          0          0       1212   ws2812.o

    ----------------------------------------------------------------------
     90092       1228       3140        116     158252     626700   Object Totals
         0          0         48          0          0          0   (incl. Generated)
      1088         72          3          3         14          0   (incl. Padding)

    ----------------------------------------------------------------------

      Code (inc. data)   RO Data    RW Data    ZI Data      Debug   Library Member Name

         0          0       2052          0          0       4961   arm_common_tables.o
       144         12          0          0          0       1111   arm_cos_f32.o
       190          0          0          0          0       1836   arm_mat_add_f32.o
         8          0          0          0          0        841   arm_mat_init_f32.o
       716          4          0          0          0       3547   arm_mat_inverse_f32.o
       304          4          0          0          0       2362   arm_mat_mult_f32.o
       190          0          0          0          0       1834   arm_mat_sub_f32.o
       180          0          0          0          0       1862   arm_mat_trans_f32.o
       140         12          0          0          0       1098   arm_sin_f32.o
         8          0          0          0          0         68   __main.o
         0          0          0          0          0          0   __rtentry.o
        12          0          0          0          0          0   __rtentry2.o
         6          0          0          0          0          0   __rtentry4.o
        94          8          0          0          0          0   __scatter.o
        26          0          0          0          0          0   __scatter_copy.o
        28          0          0          0          0          0   __scatter_zi.o
        22          0          0          0          0        100   _rserrno.o
        16          0          0          0          0         68   aeabi_memset4.o
        10          0          0          0          0         68   defsig_exit.o
        50          0          0          0          0         88   defsig_general.o
        80         58          0          0          0         76   defsig_rtmem_inner.o
        14          0          0          0          0         80   defsig_rtmem_outer.o
        18          0          0          0          0         80   exit.o
        94          0          0          0          0         80   h1_alloc.o
        52          0          0          0          0         68   h1_extend.o
        78          0          0          0          0         80   h1_free.o
        12          0          0          0          0         84   h1_init.o
         6          0          0          0          0        152   heapauxi.o
         4          0          0          0          0        136   hguard.o
         0          0          0          0          0          0   indicate_semi.o
        44          8          0          0          0         80   init_aeabi.o
       138          0          0          0          0        168   init_alloc.o
         2          0          0          0          0          0   libinit.o
        18          0          0          0          0          0   libinit2.o
         2          0          0          0          0          0   libshutdown.o
         2          0          0          0          0          0   libshutdown2.o
         8          4          0          0         96         68   libspace.o
       240          0          0          0          0        100   lludivv7m.o
         0          0          0          0          0          0   maybetermalloc1.o
         8          4          0          0          0         68   rt_errno_addr_intlibspace.o
         8          4          0          0          0         68   rt_heap_descriptor_intlibspace.o
        68          0          0          0          0         68   rt_memclr.o
        78          0          0          0          0         80   rt_memclr_w.o
       138          0          0          0          0         68   rt_memcpy_v6.o
       100          0          0          0          0         80   rt_memcpy_w.o
         2          0          0          0          0          0   rtexit.o
        10          0          0          0          0          0   rtexit2.o
        12          4          0          0          0         68   sys_exit.o
        74          0          0          0          0         80   sys_stackheap_outer.o
        14          0          0          0          0         76   sys_wrch.o
         2          0          0          0          0         68   use_no_semi.o
        26          0          0          0          0        116   fpinit.o
         0          0          0          0          0          0   usenofp.o
       684         90          0          0          0        208   atan2f.o
       336         56          0          0          0        136   cosf.o
        38          0          0          0          0        116   fpclassifyf.o
        80         24          0          0          0        696   funder.o
      1636        110        320          0          0        372   powf.o
       340         24         32          0          0        160   rredf.o
       400         56          0          0          0        212   sinf.o
        58          0          0          0          0        136   sqrtf.o

    ----------------------------------------------------------------------
      7092        482       2404          0         96      23972   Library Totals
        24          0          0          0          0          0   (incl. Padding)

    ----------------------------------------------------------------------

      Code (inc. data)   RO Data    RW Data    ZI Data      Debug   Library Name

      1872         32       2052          0          0      19452   arm_cortexM7lfdp_math.lib
      1598         90          0          0         96       2368   c_w.l
        26          0          0          0          0        116   fz_wv.l
      3572        360        352          0          0       2036   m_wv.l

    ----------------------------------------------------------------------
      7092        482       2404          0         96      23972   Library Totals

    ----------------------------------------------------------------------

==============================================================================


      Code (inc. data)   RO Data    RW Data    ZI Data      Debug   

     97184       1710       5544        116     158348     647088   Grand Totals
     97184       1710       5544        116     158348     647088   ELF Image Totals
     97184       1710       5544        116          0          0   ROM Totals

==============================================================================

    Total RO  Size (Code + RO Data)               102728 ( 100.32kB)
    Total RW  Size (RW Data + ZI Data)            158464 ( 154.75kB)
    Total ROM Size (Code + RO Data + RW Data)     102844 ( 100.43kB)

==============================================================================

